../Core/Src/ICM-42688p.c:22:13:ICM_Select	8	static
../Core/Src/ICM-42688p.c:27:13:ICM_Deselect	8	static
../Core/Src/ICM-42688p.c:32:16:ICM_Write8	24	static
../Core/Src/ICM-42688p.c:43:16:ICM_Read	32	static
../Core/Src/ICM-42688p.c:58:16:ICM_SelectBank	16	static
../Core/Src/ICM-42688p.c:63:9:ICM_Init	24	static
../Core/Src/ICM-42688p.c:119:9:ICM_Read_GyroZ	24	static
../Core/Src/ICM-42688p.c:133:9:ICM_Read_Temp	24	static
../Core/Src/ICM-42688p.c:146:9:ICM_CalibrateGyroZ	40	static
../Core/Src/ICM-42688p.c:179:6:ICM_UpdateGyroZBias	16	static
