../Core/Src/main.c:101:5:main	16	static
../Core/Src/main.c:180:6:SystemClock_Config	88	static
../Core/Src/main.c:223:13:Robot_LoadDefaultSettings	8	static
../Core/Src/main.c:261:13:Robot_StartPeripherals	8	static
../Core/Src/main.c:285:13:Robot_ResetEncoderCounters	4	static
../Core/Src/main.c:291:13:Robot_UpdateOdometryTick	24	static
../Core/Src/main.c:321:13:Robot_UpdateSpeedStats	16	static
../Core/Src/main.c:339:13:Robot_StopOutputs	8	static
../Core/Src/main.c:345:6:HAL_UART_RxCpltCallback	16	static
../Core/Src/main.c:360:6:HAL_TIM_PeriodElapsedCallback	24	static
../Core/Src/main.c:419:6:Error_Handler	4	static,ignoring_inline_asm
