../Core/Src/main.c:107:5:main	16	static
../Core/Src/main.c:188:6:SystemClock_Config	88	static
../Core/Src/main.c:231:13:Robot_LoadDefaultSettings	8	static
../Core/Src/main.c:269:13:Robot_StartPeripherals	8	static
../Core/Src/main.c:293:13:Robot_ResetEncoderCounters	4	static
../Core/Src/main.c:299:13:Robot_SampleSensorsWhenStopped	8	static
../Core/Src/main.c:317:13:Robot_UpdateOdometryTick	24	static
../Core/Src/main.c:347:13:Robot_UpdateSpeedStats	16	static
../Core/Src/main.c:365:13:Robot_StopOutputs	8	static
../Core/Src/main.c:371:13:Robot_ServiceTelemetry	16	static
../Core/Src/main.c:399:13:Robot_SendOdomTelemetry	344	static
../Core/Src/main.c:420:13:Robot_SendDebugTelemetry	576	static
../Core/Src/main.c:456:6:HAL_UART_RxCpltCallback	16	static
../Core/Src/main.c:471:6:HAL_TIM_PeriodElapsedCallback	24	static
../Core/Src/main.c:537:6:Error_Handler	4	static,ignoring_inline_asm
