../Core/Src/SimpleParser.c:31:13:UartSend	16	static
../Core/Src/SimpleParser.c:36:13:SendFatFsError	136	static
../Core/Src/SimpleParser.c:43:16:SdEnsureMounted	16	static
../Core/Src/SimpleParser.c:66:16:SdOpenFile	24	static
../Core/Src/SimpleParser.c:96:14:NextValue	8	static
../Core/Src/SimpleParser.c:101:16:ParseFloatValue	24	static
../Core/Src/SimpleParser.c:113:6:Parser_TakeLine	24	static
../Core/Src/SimpleParser.c:137:6:Add_SimpleMap_Point	24	static
../Core/Src/SimpleParser.c:149:13:Sensor_treshold_change	24	static
../Core/Src/SimpleParser.c:158:13:Turbine_Speed_change	24	static
../Core/Src/SimpleParser.c:167:13:Turbine_Prep_Time_change	24	static
../Core/Src/SimpleParser.c:176:13:kp_change	16	static
../Core/Src/SimpleParser.c:181:13:kd_change	16	static
../Core/Src/SimpleParser.c:186:13:Base_speed_change	24	static
../Core/Src/SimpleParser.c:196:13:Max_speed_change	24	static
../Core/Src/SimpleParser.c:206:13:Sharp_bend_speed_right_change	16	static
../Core/Src/SimpleParser.c:211:13:Sharp_bend_speed_left_change	16	static
../Core/Src/SimpleParser.c:216:13:Bend_speed_right_change	16	static
../Core/Src/SimpleParser.c:221:13:Bend_speed_left_change	16	static
../Core/Src/SimpleParser.c:226:13:Map_p_change	8	static
../Core/Src/SimpleParser.c:231:13:Map_i_change	8	static
../Core/Src/SimpleParser.c:236:13:Map_d_change	8	static
../Core/Src/SimpleParser.c:241:13:Map_speed_change	8	static
../Core/Src/SimpleParser.c:246:13:Telemetry_change	16	static
../Core/Src/SimpleParser.c:271:20:MapFileFromKind	16	static
../Core/Src/SimpleParser.c:284:16:ReadTransferLine	32	static
../Core/Src/SimpleParser.c:314:13:SendMapDump	304	static
../Core/Src/SimpleParser.c:356:13:MapUploadBegin	104	static
../Core/Src/SimpleParser.c:387:13:MapUploadPoint	208	static
../Core/Src/SimpleParser.c:418:13:MapUploadEnd	96	static
../Core/Src/SimpleParser.c:431:13:SetState	16	static
../Core/Src/SimpleParser.c:454:13:StopRobot	232	static
../Core/Src/SimpleParser.c:484:13:PrepareStoppedStart	16	static
../Core/Src/SimpleParser.c:507:13:StartRobot	208	static
../Core/Src/SimpleParser.c:578:13:StartWithState	16	static
../Core/Src/SimpleParser.c:597:13:App_Controll	16	static
../Core/Src/SimpleParser.c:628:13:Start_command	16	static
../Core/Src/SimpleParser.c:634:13:Mode_change	24	static
../Core/Src/SimpleParser.c:643:13:State_change	24	static
../Core/Src/SimpleParser.c:665:6:Parser_Parse	24	static
../Core/Src/SimpleParser.c:783:6:Read_Settings_From_EEprom	16	static
