Archive member included to satisfy reference by file (symbol)

C:/ST/STM32CubeIDE_1.19.0/STM32CubeIDE/plugins/com.st.stm32cube.ide.mcu.externaltools.gnu-tools-for-stm32.13.3.rel1.win32_1.0.0.202411081344/tools/bin/../lib/gcc/arm-none-eabi/13.3.1/../../../../arm-none-eabi/lib/thumb/v7e-m+fp/hard\libc_nano.a(libc_a-exit.o)
                              C:/ST/STM32CubeIDE_1.19.0/STM32CubeIDE/plugins/com.st.stm32cube.ide.mcu.externaltools.gnu-tools-for-stm32.13.3.rel1.win32_1.0.0.202411081344/tools/bin/../lib/gcc/arm-none-eabi/13.3.1/../../../../arm-none-eabi/lib/thumb/v7e-m+fp/hard/crt0.o (exit)
C:/ST/STM32CubeIDE_1.19.0/STM32CubeIDE/plugins/com.st.stm32cube.ide.mcu.externaltools.gnu-tools-for-stm32.13.3.rel1.win32_1.0.0.202411081344/tools/bin/../lib/gcc/arm-none-eabi/13.3.1/../../../../arm-none-eabi/lib/thumb/v7e-m+fp/hard\libc_nano.a(libc_a-strtod.o)
                              ./Core/Src/SimpleParser.o (strtof)
C:/ST/STM32CubeIDE_1.19.0/STM32CubeIDE/plugins/com.st.stm32cube.ide.mcu.externaltools.gnu-tools-for-stm32.13.3.rel1.win32_1.0.0.202411081344/tools/bin/../lib/gcc/arm-none-eabi/13.3.1/../../../../arm-none-eabi/lib/thumb/v7e-m+fp/hard\libc_nano.a(libc_a-findfp.o)
                              C:/ST/STM32CubeIDE_1.19.0/STM32CubeIDE/plugins/com.st.stm32cube.ide.mcu.externaltools.gnu-tools-for-stm32.13.3.rel1.win32_1.0.0.202411081344/tools/bin/../lib/gcc/arm-none-eabi/13.3.1/../../../../arm-none-eabi/lib/thumb/v7e-m+fp/hard\libc_nano.a(libc_a-exit.o) (__stdio_exit_handler)
C:/ST/STM32CubeIDE_1.19.0/STM32CubeIDE/plugins/com.st.stm32cube.ide.mcu.externaltools.gnu-tools-for-stm32.13.3.rel1.win32_1.0.0.202411081344/tools/bin/../lib/gcc/arm-none-eabi/13.3.1/../../../../arm-none-eabi/lib/thumb/v7e-m+fp/hard\libc_nano.a(libc_a-fwalk.o)
                              C:/ST/STM32CubeIDE_1.19.0/STM32CubeIDE/plugins/com.st.stm32cube.ide.mcu.externaltools.gnu-tools-for-stm32.13.3.rel1.win32_1.0.0.202411081344/tools/bin/../lib/gcc/arm-none-eabi/13.3.1/../../../../arm-none-eabi/lib/thumb/v7e-m+fp/hard\libc_nano.a(libc_a-findfp.o) (_fwalk_sglue)
C:/ST/STM32CubeIDE_1.19.0/STM32CubeIDE/plugins/com.st.stm32cube.ide.mcu.externaltools.gnu-tools-for-stm32.13.3.rel1.win32_1.0.0.202411081344/tools/bin/../lib/gcc/arm-none-eabi/13.3.1/../../../../arm-none-eabi/lib/thumb/v7e-m+fp/hard\libc_nano.a(libc_a-snprintf.o)
                              ./Core/Src/SimpleParser.o (snprintf)
C:/ST/STM32CubeIDE_1.19.0/STM32CubeIDE/plugins/com.st.stm32cube.ide.mcu.externaltools.gnu-tools-for-stm32.13.3.rel1.win32_1.0.0.202411081344/tools/bin/../lib/gcc/arm-none-eabi/13.3.1/../../../../arm-none-eabi/lib/thumb/v7e-m+fp/hard\libc_nano.a(libc_a-stdio.o)
                              C:/ST/STM32CubeIDE_1.19.0/STM32CubeIDE/plugins/com.st.stm32cube.ide.mcu.externaltools.gnu-tools-for-stm32.13.3.rel1.win32_1.0.0.202411081344/tools/bin/../lib/gcc/arm-none-eabi/13.3.1/../../../../arm-none-eabi/lib/thumb/v7e-m+fp/hard\libc_nano.a(libc_a-findfp.o) (__sread)
C:/ST/STM32CubeIDE_1.19.0/STM32CubeIDE/plugins/com.st.stm32cube.ide.mcu.externaltools.gnu-tools-for-stm32.13.3.rel1.win32_1.0.0.202411081344/tools/bin/../lib/gcc/arm-none-eabi/13.3.1/../../../../arm-none-eabi/lib/thumb/v7e-m+fp/hard\libc_nano.a(libc_a-memset.o)
                              C:/ST/STM32CubeIDE_1.19.0/STM32CubeIDE/plugins/com.st.stm32cube.ide.mcu.externaltools.gnu-tools-for-stm32.13.3.rel1.win32_1.0.0.202411081344/tools/bin/../lib/gcc/arm-none-eabi/13.3.1/../../../../arm-none-eabi/lib/thumb/v7e-m+fp/hard/crt0.o (memset)
C:/ST/STM32CubeIDE_1.19.0/STM32CubeIDE/plugins/com.st.stm32cube.ide.mcu.externaltools.gnu-tools-for-stm32.13.3.rel1.win32_1.0.0.202411081344/tools/bin/../lib/gcc/arm-none-eabi/13.3.1/../../../../arm-none-eabi/lib/thumb/v7e-m+fp/hard\libc_nano.a(libc_a-strncmp.o)
                              C:/ST/STM32CubeIDE_1.19.0/STM32CubeIDE/plugins/com.st.stm32cube.ide.mcu.externaltools.gnu-tools-for-stm32.13.3.rel1.win32_1.0.0.202411081344/tools/bin/../lib/gcc/arm-none-eabi/13.3.1/../../../../arm-none-eabi/lib/thumb/v7e-m+fp/hard\libc_nano.a(libc_a-strtod.o) (strncmp)
C:/ST/STM32CubeIDE_1.19.0/STM32CubeIDE/plugins/com.st.stm32cube.ide.mcu.externaltools.gnu-tools-for-stm32.13.3.rel1.win32_1.0.0.202411081344/tools/bin/../lib/gcc/arm-none-eabi/13.3.1/../../../../arm-none-eabi/lib/thumb/v7e-m+fp/hard\libc_nano.a(libc_a-strtok.o)
                              ./Core/Src/SimpleParser.o (strtok)
C:/ST/STM32CubeIDE_1.19.0/STM32CubeIDE/plugins/com.st.stm32cube.ide.mcu.externaltools.gnu-tools-for-stm32.13.3.rel1.win32_1.0.0.202411081344/tools/bin/../lib/gcc/arm-none-eabi/13.3.1/../../../../arm-none-eabi/lib/thumb/v7e-m+fp/hard\libc_nano.a(libc_a-strtok_r.o)
                              C:/ST/STM32CubeIDE_1.19.0/STM32CubeIDE/plugins/com.st.stm32cube.ide.mcu.externaltools.gnu-tools-for-stm32.13.3.rel1.win32_1.0.0.202411081344/tools/bin/../lib/gcc/arm-none-eabi/13.3.1/../../../../arm-none-eabi/lib/thumb/v7e-m+fp/hard\libc_nano.a(libc_a-strtok.o) (__strtok_r)
[...]
Memory Configuration

Name             Origin             Length             Attributes
RAM              0x20000000         0x00020000         xrw
FLASH            0x08000000         0x00080000         xr
*default*        0x00000000         0xffffffff

Linker script and memory map

LOAD C:/ST/STM32CubeIDE_1.19.0/STM32CubeIDE/plugins/com.st.stm32cube.ide.mcu.externaltools.gnu-tools-for-stm32.13.3.rel1.win32_1.0.0.202411081344/tools/bin/../lib/gcc/arm-none-eabi/13.3.1/thumb/v7e-m+fp/hard/crti.o
LOAD C:/ST/STM32CubeIDE_1.19.0/STM32CubeIDE/plugins/com.st.stm32cube.ide.mcu.externaltools.gnu-tools-for-stm32.13.3.rel1.win32_1.0.0.202411081344/tools/bin/../lib/gcc/arm-none-eabi/13.3.1/thumb/v7e-m+fp/hard/crtbegin.o
LOAD C:/ST/STM32CubeIDE_1.19.0/STM32CubeIDE/plugins/com.st.stm32cube.ide.mcu.externaltools.gnu-tools-for-stm32.13.3.rel1.win32_1.0.0.202411081344/tools/bin/../lib/gcc/arm-none-eabi/13.3.1/../../../../arm-none-eabi/lib/thumb/v7e-m+fp/hard/crt0.o
LOAD ./Core/Src/Eeprom.o
LOAD ./Core/Src/ICM-42688p.o
LOAD ./Core/Src/Line_Follower.o
LOAD ./Core/Src/LowPassFilter.o
LOAD ./Core/Src/RingBuffer.o
LOAD ./Core/Src/SimpleParser.o
LOAD ./Core/Src/adc.o
LOAD ./Core/Src/dma.o
LOAD ./Core/Src/gpio.o
LOAD ./Core/Src/main.o
LOAD ./Core/Src/map.o
LOAD ./Core/Src/motor.o
LOAD ./Core/Src/odometry.o
LOAD ./Core/Src/spi.o
LOAD ./Core/Src/stm32g4xx_hal_msp.o
LOAD ./Core/Src/stm32g4xx_it.o
LOAD ./Core/Src/syscalls.o
LOAD ./Core/Src/sysmem.o
LOAD ./Core/Src/system_stm32g4xx.o
LOAD ./Core/Src/tim.o
LOAD ./Core/Src/usart.o
LOAD ./Core/Startup/startup_stm32g474retx.o
LOAD ./Drivers/STM32G4xx_HAL_Driver/Src/stm32g4xx_hal.o
LOAD ./Drivers/STM32G4xx_HAL_Driver/Src/stm32g4xx_hal_adc.o
LOAD ./Drivers/STM32G4xx_HAL_Driver/Src/stm32g4xx_hal_adc_ex.o
LOAD ./Drivers/STM32G4xx_HAL_Driver/Src/stm32g4xx_hal_cortex.o
LOAD ./Drivers/STM32G4xx_HAL_Driver/Src/stm32g4xx_hal_dma.o
LOAD ./Drivers/STM32G4xx_HAL_Driver/Src/stm32g4xx_hal_dma_ex.o
LOAD ./Drivers/STM32G4xx_HAL_Driver/Src/stm32g4xx_hal_exti.o
LOAD ./Drivers/STM32G4xx_HAL_Driver/Src/stm32g4xx_hal_flash.o
LOAD ./Drivers/STM32G4xx_HAL_Driver/Src/stm32g4xx_hal_flash_ex.o
LOAD ./Drivers/STM32G4xx_HAL_Driver/Src/stm32g4xx_hal_flash_ramfunc.o
LOAD ./Drivers/STM32G4xx_HAL_Driver/Src/stm32g4xx_hal_gpio.o
LOAD ./Drivers/STM32G4xx_HAL_Driver/Src/stm32g4xx_hal_pwr.o
LOAD ./Drivers/STM32G4xx_HAL_Driver/Src/stm32g4xx_hal_pwr_ex.o
LOAD ./Drivers/STM32G4xx_HAL_Driver/Src/stm32g4xx_hal_rcc.o
LOAD ./Drivers/STM32G4xx_HAL_Driver/Src/stm32g4xx_hal_rcc_ex.o
LOAD ./Drivers/STM32G4xx_HAL_Driver/Src/stm32g4xx_hal_spi.o
LOAD ./Drivers/STM32G4xx_HAL_Driver/Src/stm32g4xx_hal_spi_ex.o
LOAD ./Drivers/STM32G4xx_HAL_Driver/Src/stm32g4xx_hal_tim.o
LOAD ./Drivers/STM32G4xx_HAL_Driver/Src/stm32g4xx_hal_tim_ex.o
LOAD ./Drivers/STM32G4xx_HAL_Driver/Src/stm32g4xx_hal_uart.o
LOAD ./Drivers/STM32G4xx_HAL_Driver/Src/stm32g4xx_hal_uart_ex.o
LOAD ./Drivers/STM32G4xx_HAL_Driver/Src/stm32g4xx_ll_adc.o
LOAD ./FATFS/App/app_fatfs.o
LOAD ./FATFS/Target/user_diskio.o
LOAD ./Middlewares/Third_Party/FatFs/src/diskio.o
LOAD ./Middlewares/Third_Party/FatFs/src/ff.o
LOAD ./Middlewares/Third_Party/FatFs/src/ff_gen_drv.o
LOAD ./Middlewares/Third_Party/FatFs/src/option/syscall.o
START GROUP
LOAD C:/ST/STM32CubeIDE_1.19.0/STM32CubeIDE/plugins/com.st.stm32cube.ide.mcu.externaltools.gnu-tools-for-stm32.13.3.rel1.win32_1.0.0.202411081344/tools/bin/../lib/gcc/arm-none-eabi/13.3.1/../../../../arm-none-eabi/lib/thumb/v7e-m+fp/hard\libc_nano.a
LOAD C:/ST/STM32CubeIDE_1.19.0/STM32CubeIDE/plugins/com.st.stm32cube.ide.mcu.externaltools.gnu-tools-for-stm32.13.3.rel1.win32_1.0.0.202411081344/tools/bin/../lib/gcc/arm-none-eabi/13.3.1/../../../../arm-none-eabi/lib/thumb/v7e-m+fp/hard\libm.a
END GROUP
START GROUP
LOAD C:/ST/STM32CubeIDE_1.19.0/STM32CubeIDE/plugins/com.st.stm32cube.ide.mcu.externaltools.gnu-tools-for-stm32.13.3.rel1.win32_1.0.0.202411081344/tools/bin/../lib/gcc/arm-none-eabi/13.3.1/thumb/v7e-m+fp/hard\libgcc.a
LOAD C:/ST/STM32CubeIDE_1.19.0/STM32CubeIDE/plugins/com.st.stm32cube.ide.mcu.externaltools.gnu-tools-for-stm32.13.3.rel1.win32_1.0.0.202411081344/tools/bin/../lib/gcc/arm-none-eabi/13.3.1/../../../../arm-none-eabi/lib/thumb/v7e-m+fp/hard\libc_nano.a
END GROUP
START GROUP
LOAD C:/ST/STM32CubeIDE_1.19.0/STM32CubeIDE/plugins/com.st.stm32cube.ide.mcu.externaltools.gnu-tools-for-stm32.13.3.rel1.win32_1.0.0.202411081344/tools/bin/../lib/gcc/arm-none-eabi/13.3.1/thumb/v7e-m+fp/hard\libgcc.a
LOAD C:/ST/STM32CubeIDE_1.19.0/STM32CubeIDE/plugins/com.st.stm32cube.ide.mcu.externaltools.gnu-tools-for-stm32.13.3.rel1.win32_1.0.0.202411081344/tools/bin/../lib/gcc/arm-none-eabi/13.3.1/../../../../arm-none-eabi/lib/thumb/v7e-m+fp/hard\libc_nano.a
LOAD C:/ST/STM32CubeIDE_1.19.0/STM32CubeIDE/plugins/com.st.stm32cube.ide.mcu.externaltools.gnu-tools-for-stm32.13.3.rel1.win32_1.0.0.202411081344/tools/bin/../lib/gcc/arm-none-eabi/13.3.1/../../../../arm-none-eabi/lib/thumb/v7e-m+fp/hard\libnosys.a
END GROUP
START GROUP
LOAD C:/ST/STM32CubeIDE_1.19.0/STM32CubeIDE/plugins/com.st.stm32cube.ide.mcu.externaltools.gnu-tools-for-stm32.13.3.rel1.win32_1.0.0.202411081344/tools/bin/../lib/gcc/arm-none-eabi/13.3.1/thumb/v7e-m+fp/hard\libgcc.a
LOAD C:/ST/STM32CubeIDE_1.19.0/STM32CubeIDE/plugins/com.st.stm32cube.ide.mcu.externaltools.gnu-tools-for-stm32.13.3.rel1.win32_1.0.0.202411081344/tools/bin/../lib/gcc/arm-none-eabi/13.3.1/../../../../arm-none-eabi/lib/thumb/v7e-m+fp/hard\libc_nano.a
LOAD C:/ST/STM32CubeIDE_1.19.0/STM32CubeIDE/plugins/com.st.stm32cube.ide.mcu.externaltools.gnu-tools-for-stm32.13.3.rel1.win32_1.0.0.202411081344/tools/bin/../lib/gcc/arm-none-eabi/13.3.1/../../../../arm-none-eabi/lib/thumb/v7e-m+fp/hard\libnosys.a
END GROUP
LOAD C:/ST/STM32CubeIDE_1.19.0/STM32CubeIDE/plugins/com.st.stm32cube.ide.mcu.externaltools.gnu-tools-for-stm32.13.3.rel1.win32_1.0.0.202411081344/tools/bin/../lib/gcc/arm-none-eabi/13.3.1/thumb/v7e-m+fp/hard/crtend.o
LOAD C:/ST/STM32CubeIDE_1.19.0/STM32CubeIDE/plugins/com.st.stm32cube.ide.mcu.externaltools.gnu-tools-for-stm32.13.3.rel1.win32_1.0.0.202411081344/tools/bin/../lib/gcc/arm-none-eabi/13.3.1/thumb/v7e-m+fp/hard/crtn.o
                0x20020000                        _estack = (ORIGIN (RAM) + LENGTH (RAM))
                0x00000200                        _Min_Heap_Size = 0x200
                0x00000400                        _Min_Stack_Size = 0x400

.isr_vector     0x08000000      0x1d8
                0x08000000                        . = ALIGN (0x4)
 *(.isr_vector)
 .isr_vector    0x08000000      0x1d8 ./Core/Startup/startup_stm32g474retx.o
                0x08000000                g_pfnVectors
                0x080001d8                        . = ALIGN (0x4)

.text           0x080001e0    0x13438
                0x080001e0                        . = ALIGN (0x4)
 *(.text)
 .text          0x080001e0       0x40 C:/ST/STM32CubeIDE_1.19.0/STM32CubeIDE/plugins/com.st.stm32cube.ide.mcu.externaltools.gnu-tools-for-stm32.13.3.rel1.win32_1.0.0.202411081344/tools/bin/../lib/gcc/arm-none-eabi/13.3.1/thumb/v7e-m+fp/hard/crtbegin.o
 .text          0x08000220       0x14 C:/ST/STM32CubeIDE_1.19.0/STM32CubeIDE/plugins/com.st.stm32cube.ide.mcu.externaltools.gnu-tools-for-stm32.13.3.rel1.win32_1.0.0.202411081344/tools/bin/../lib/gcc/arm-none-eabi/13.3.1/../../../../arm-none-eabi/lib/thumb/v7e-m+fp/hard\libc_nano.a(libc_a-strcmp.o)
                0x08000220                strcmp
 .text          0x08000234       0x10 C:/ST/STM32CubeIDE_1.19.0/STM32CubeIDE/plugins/com.st.stm32cube.ide.mcu.externaltools.gnu-tools-for-stm32.13.3.rel1.win32_1.0.0.202411081344/tools/bin/../lib/gcc/arm-none-eabi/13.3.1/../../../../arm-none-eabi/lib/thumb/v7e-m+fp/hard\libc_nano.a(libc_a-strlen.o)
                0x08000234                strlen
 *fill*         0x08000244        0xc 
 .text          0x08000250       0xa0 C:/ST/STM32CubeIDE_1.19.0/STM32CubeIDE/plugins/com.st.stm32cube.ide.mcu.externaltools.gnu-tools-for-stm32.13.3.rel1.win32_1.0.0.202411081344/tools/bin/../lib/gcc/arm-none-eabi/13.3.1/../../../../arm-none-eabi/lib/thumb/v7e-m+fp/hard\libc_nano.a(libc_a-memchr.o)
                0x08000250                memchr
 .text          0x080002f0      0x378 C:/ST/STM32CubeIDE_1.19.0/STM32CubeIDE/plugins/com.st.stm32cube.ide.mcu.externaltools.gnu-tools-for-stm32.13.3.rel1.win32_1.0.0.202411081344/tools/bin/../lib/gcc/arm-none-eabi/13.3.1/thumb/v7e-m+fp/hard\libgcc.a(_arm_addsubdf3.o)
                0x080002f0                __aeabi_drsub
                0x080002f8                __aeabi_dsub
                0x080002f8                __subdf3
                0x080002fc                __aeabi_dadd
                0x080002fc                __adddf3
                0x08000574                __floatunsidf
                0x08000574                __aeabi_ui2d
                0x08000594                __floatsidf
                0x08000594                __aeabi_i2d
                0x080005b8                __aeabi_f2d
                0x080005b8                __extendsfdf2
                0x080005fc                __floatundidf
                0x080005fc                __aeabi_ul2d
                0x0800060c                __floatdidf
                0x0800060c                __aeabi_l2d
 .text          0x08000668      0x424 C:/ST/STM32CubeIDE_1.19.0/STM32CubeIDE/plugins/com.st.stm32cube.ide.mcu.externaltools.gnu-tools-for-stm32.13.3.rel1.win32_1.0.0.202411081344/tools/bin/../lib/gcc/arm-none-eabi/13.3.1/thumb/v7e-m+fp/hard\libgcc.a(_arm_muldivdf3.o)
                0x08000668                __aeabi_dmul
                0x08000668                __muldf3
                0x080008bc                __divdf3
                0x080008bc                __aeabi_ddiv
 .text          0x08000a8c      0x110 C:/ST/STM32CubeIDE_1.19.0/STM32CubeIDE/plugins/com.st.stm32cube.ide.mcu.externaltools.gnu-tools-for-stm32.13.3.rel1.win32_1.0.0.202411081344/tools/bin/../lib/gcc/arm-none-eabi/13.3.1/thumb/v7e-m+fp/hard\libgcc.a(_arm_cmpdf2.o)
                0x08000a8c                __gtdf2
                0x08000a8c                __gedf2
                0x08000a94                __ltdf2
                0x08000a94                __ledf2
                0x08000a9c                __nedf2
                0x08000a9c                __eqdf2
                0x08000a9c                __cmpdf2
                0x08000b18                __aeabi_cdrcmple
                0x08000b28                __aeabi_cdcmpeq
                0x08000b28                __aeabi_cdcmple
                0x08000b38                __aeabi_dcmpeq
                0x08000b4c                __aeabi_dcmplt
                0x08000b60                __aeabi_dcmple
                0x08000b74                __aeabi_dcmpge
                0x08000b88                __aeabi_dcmpgt
 .text          0x08000b9c       0x2c C:/ST/STM32CubeIDE_1.19.0/STM32CubeIDE/plugins/com.st.stm32cube.ide.mcu.externaltools.gnu-tools-for-stm32.13.3.rel1.win32_1.0.0.202411081344/tools/bin/../lib/gcc/arm-none-eabi/13.3.1/thumb/v7e-m+fp/hard\libgcc.a(_arm_unorddf2.o)
                0x08000b9c                __unorddf2
                0x08000b9c                __aeabi_dcmpun
 .text          0x08000bc8       0x40 C:/ST/STM32CubeIDE_1.19.0/STM32CubeIDE/plugins/com.st.stm32cube.ide.mcu.externaltools.gnu-tools-for-stm32.13.3.rel1.win32_1.0.0.202411081344/tools/bin/../lib/gcc/arm-none-eabi/13.3.1/thumb/v7e-m+fp/hard\libgcc.a(_arm_fixunsdfsi.o)
                0x08000bc8                __aeabi_d2uiz
                0x08000bc8                __fixunsdfsi
 .text          0x08000c08       0xa0 C:/ST/STM32CubeIDE_1.19.0/STM32CubeIDE/plugins/com.st.stm32cube.ide.mcu.externaltools.gnu-tools-for-stm32.13.3.rel1.win32_1.0.0.202411081344/tools/bin/../lib/gcc/arm-none-eabi/13.3.1/thumb/v7e-m+fp/hard\libgcc.a(_arm_truncdfsf2.o)
                0x08000c08                __truncdfsf2
                0x08000c08                __aeabi_d2f
 .text          0x08000ca8       0x30 C:/ST/STM32CubeIDE_1.19.0/STM32CubeIDE/plugins/com.st.stm32cube.ide.mcu.externaltools.gnu-tools-for-stm32.13.3.rel1.win32_1.0.0.202411081344/tools/bin/../lib/gcc/arm-none-eabi/13.3.1/thumb/v7e-m+fp/hard\libgcc.a(_aeabi_uldivmod.o)
                0x08000ca8                __aeabi_uldivmod
 .text          0x08000cd8       0x30 C:/ST/STM32CubeIDE_1.19.0/STM32CubeIDE/plugins/com.st.stm32cube.ide.mcu.externaltools.gnu-tools-for-stm32.13.3.rel1.win32_1.0.0.202411081344/tools/bin/../lib/gcc/arm-none-eabi/13.3.1/thumb/v7e-m+fp/hard\libgcc.a(_fixdfdi.o)
                0x08000cd8                __fixdfdi
                0x08000cd8                __aeabi_d2lz
 .text          0x08000d08       0x3c C:/ST/STM32CubeIDE_1.19.0/STM32CubeIDE/plugins/com.st.stm32cube.ide.mcu.externaltools.gnu-tools-for-stm32.13.3.rel1.win32_1.0.0.202411081344/tools/bin/../lib/gcc/arm-none-eabi/13.3.1/thumb/v7e-m+fp/hard\libgcc.a(_fixunsdfdi.o)
                0x08000d08                __fixunsdfdi
                0x08000d08                __aeabi_d2ulz
 .text          0x08000d44      0x2f8 C:/ST/STM32CubeIDE_1.19.0/STM32CubeIDE/plugins/com.st.stm32cube.ide.mcu.externaltools.gnu-tools-for-stm32.13.3.rel1.win32_1.0.0.202411081344/tools/bin/../lib/gcc/arm-none-eabi/13.3.1/thumb/v7e-m+fp/hard\libgcc.a(_udivmoddi4.o)
                0x08000d44                __udivmoddi4
 .text          0x0800103c        0x4 C:/ST/STM32CubeIDE_1.19.0/STM32CubeIDE/plugins/com.st.stm32cube.ide.mcu.externaltools.gnu-tools-for-stm32.13.3.rel1.win32_1.0.0.202411081344/tools/bin/../lib/gcc/arm-none-eabi/13.3.1/thumb/v7e-m+fp/hard\libgcc.a(_dvmd_tls.o)
                0x0800103c                __aeabi_idiv0
                0x0800103c                __aeabi_ldiv0
 *(.text*)
 .text.ICM_Select
                0x08001040       0x16 ./Core/Src/ICM-42688p.o
 .text.ICM_Deselect
                0x08001056       0x16 ./Core/Src/ICM-42688p.o
 .text.ICM_Write8
                0x0800106c       0x4c ./Core/Src/ICM-42688p.o
 .text.ICM_Read
                0x080010b8       0x62 ./Core/Src/ICM-42688p.o
 .text.ICM_SelectBank
                0x0800111a       0x22 ./Core/Src/ICM-42688p.o
 .text.ICM_Init
                0x0800113c       0xfa ./Core/Src/ICM-42688p.o
                0x0800113c                ICM_Init
 *fill*         0x08001236        0x2 
 .text.ICM_Read_GyroZ
                0x08001238       0x74 ./Core/Src/ICM-42688p.o
                0x08001238                ICM_Read_GyroZ
 .text.ICM_CalibrateGyroZ
                0x080012ac       0xb0 ./Core/Src/ICM-42688p.o
                0x080012ac                ICM_CalibrateGyroZ
 .text.ICM_UpdateGyroZBias
                0x0800135c       0x40 ./Core/Src/ICM-42688p.o
                0x0800135c                ICM_UpdateGyroZBias
 .text.clampf   0x0800139c       0x52 ./Core/Src/Line_Follower.o
 *fill*         0x080013ee        0x2 
 .text.SensorValueAt
                0x080013f0       0x44 ./Core/Src/Line_Follower.o
 .text.SensorRead
                0x08001434      0x128 ./Core/Src/Line_Follower.o
 .text.motor_control
                0x0800155c      0x154 ./Core/Src/Line_Follower.o
                0x0800155c                motor_control
 .text.sharp_turn
                0x080016b0       0x9c ./Core/Src/Line_Follower.o
 .text.forward_brake
                0x0800174c       0x38 ./Core/Src/Line_Follower.o
 .text.past_errors
                0x08001784       0x4a ./Core/Src/Line_Follower.o
 *fill*         0x080017ce        0x2 
 .text.PID_control
                0x080017d0      0x10c ./Core/Src/Line_Follower.o
                0x080017d0                PID_control
 .text.LowPassFilter_Init
                0x080018dc       0x26 ./Core/Src/LowPassFilter.o
                0x080018dc                LowPassFilter_Init
 .text.LowPassFilter_Update
                0x08001902       0x52 ./Core/Src/LowPassFilter.o
                0x08001902                LowPassFilter_Update
 .text.RB_Write
                0x08001954       0x56 ./Core/Src/RingBuffer.o
                0x08001954                RB_Write
 .text.RB_Read  0x080019aa       0x52 ./Core/Src/RingBuffer.o
                0x080019aa                RB_Read
 .text.UartSend
                0x080019fc       0x28 ./Core/Src/SimpleParser.o
 .text.NextValue
                0x08001a24       0x18 ./Core/Src/SimpleParser.o
 .text.ParseFloatValue
                0x08001a3c       0x48 ./Core/Src/SimpleParser.o
 .text.Parser_TakeLine
                0x08001a84       0x6a ./Core/Src/SimpleParser.o
                0x08001a84                Parser_TakeLine
 .text.Add_SimpleMap_Point
                0x08001aee       0x7a ./Core/Src/SimpleParser.o
                0x08001aee                Add_SimpleMap_Point
 .text.Sensor_treshold_change
                0x08001b68       0x54 ./Core/Src/SimpleParser.o
 .text.Turbine_Speed_change
                0x08001bbc       0x5c ./Core/Src/SimpleParser.o
 .text.Turbine_Prep_Time_change
                0x08001c18       0x36 ./Core/Src/SimpleParser.o
 .text.kp_change
                0x08001c4e       0x1a ./Core/Src/SimpleParser.o
 .text.kd_change
                0x08001c68       0x1a ./Core/Src/SimpleParser.o
 .text.Base_speed_change
                0x08001c82       0x32 ./Core/Src/SimpleParser.o
 .text.Max_speed_change
                0x08001cb4       0x32 ./Core/Src/SimpleParser.o
 .text.Sharp_bend_speed_right_change
                0x08001ce6       0x1a ./Core/Src/SimpleParser.o
 .text.Sharp_bend_speed_left_change
                0x08001d00       0x1a ./Core/Src/SimpleParser.o
 .text.Bend_speed_right_change
                0x08001d1a       0x1a ./Core/Src/SimpleParser.o
 .text.Bend_speed_left_change
                0x08001d34       0x1a ./Core/Src/SimpleParser.o
 *fill*         0x08001d4e        0x2 
 .text.Map_p_change
                0x08001d50       0x14 ./Core/Src/SimpleParser.o
 .text.Map_i_change
                0x08001d64       0x14 ./Core/Src/SimpleParser.o
 .text.Map_d_change
                0x08001d78       0x14 ./Core/Src/SimpleParser.o
 .text.Map_speed_change
                0x08001d8c       0x14 ./Core/Src/SimpleParser.o
 .text.SetState
                0x08001da0       0x5c ./Core/Src/SimpleParser.o
 .text.StopRobot
                0x08001dfc      0x12c ./Core/Src/SimpleParser.o
 .text.StartRobot
                0x08001f28      0x200 ./Core/Src/SimpleParser.o
 .text.App_Controll
                0x08002128       0x64 ./Core/Src/SimpleParser.o
 .text.Mode_change
                0x0800218c       0x30 ./Core/Src/SimpleParser.o
 .text.State_change
                0x080021bc       0xb8 ./Core/Src/SimpleParser.o
 .text.Parser_Parse
                0x08002274      0x1f4 ./Core/Src/SimpleParser.o
                0x08002274                Parser_Parse
 .text.MX_ADC1_Init
                0x08002468      0x1f8 ./Core/Src/adc.o
                0x08002468                MX_ADC1_Init
 .text.MX_ADC2_Init
                0x08002660      0x12c ./Core/Src/adc.o
                0x08002660                MX_ADC2_Init
 .text.HAL_ADC_MspInit
                0x0800278c      0x270 ./Core/Src/adc.o
                0x0800278c                HAL_ADC_MspInit
 .text.MX_DMA_Init
                0x080029fc       0x84 ./Core/Src/dma.o
                0x080029fc                MX_DMA_Init
 .text.MX_GPIO_Init
                0x08002a80      0x150 ./Core/Src/gpio.o
                0x08002a80                MX_GPIO_Init
 .text.main     0x08002bd0       0xfc ./Core/Src/main.o
                0x08002bd0                main
 .text.SystemClock_Config
                0x08002ccc       0x96 ./Core/Src/main.o
                0x08002ccc                SystemClock_Config
 *fill*         0x08002d62        0x2 
 .text.Robot_LoadDefaultSettings
                0x08002d64      0x16c ./Core/Src/main.o
 .text.Robot_StartPeripherals
                0x08002ed0       0xd8 ./Core/Src/main.o
 .text.Robot_ResetEncoderCounters
                0x08002fa8       0x2c ./Core/Src/main.o
 .text.Robot_UpdateOdometryTick
                0x08002fd4      0x140 ./Core/Src/main.o
 .text.Robot_UpdateSpeedStats
                0x08003114       0xb0 ./Core/Src/main.o
 .text.Robot_StopOutputs
                0x080031c4       0x30 ./Core/Src/main.o
 .text.HAL_UART_RxCpltCallback
                0x080031f4       0x60 ./Core/Src/main.o
                0x080031f4                HAL_UART_RxCpltCallback
 .text.HAL_TIM_PeriodElapsedCallback
                0x08003254      0x128 ./Core/Src/main.o
                0x08003254                HAL_TIM_PeriodElapsedCallback
 .text.Error_Handler
                0x0800337c        0xc ./Core/Src/main.o
                0x0800337c                Error_Handler
 .text.clampf   0x08003388       0x52 ./Core/Src/map.o
 *fill*         0x080033da        0x2 
 .text.ReadMapLine
                0x080033dc      0x158 ./Core/Src/map.o
 .text.Map_Reset
                0x08003534       0xa4 ./Core/Src/map.o
                0x08003534                Map_Reset
 .text.Map_BeginPlayback
                0x080035d8       0x4e ./Core/Src/map.o
                0x080035d8                Map_BeginPlayback
 *fill*         0x08003626        0x2 
 .text.MapUpdate
                0x08003628      0x39c ./Core/Src/map.o
                0x08003628                MapUpdate
 .text.DriveOnMap
                0x080039c4      0x2c0 ./Core/Src/map.o
                0x080039c4                DriveOnMap
 .text.Motor_Init
                0x08003c84       0x3c ./Core/Src/motor.o
                0x08003c84                Motor_Init
 .text.Motor_SetEncoderDirection
                0x08003cc0       0x2c ./Core/Src/motor.o
                0x08003cc0                Motor_SetEncoderDirection
 .text.Motor_CalculateSpeed
                0x08003cec      0x164 ./Core/Src/motor.o
                0x08003cec                Motor_CalculateSpeed
 .text.Odometry_NormalizeAngle
                0x08003e50       0xa8 ./Core/Src/odometry.o
                0x08003e50                Odometry_NormalizeAngle
 .text.Odometry_Init
                0x08003ef8       0x50 ./Core/Src/odometry.o
                0x08003ef8                Odometry_Init
 .text.Odometry_Reset
                0x08003f48       0x26 ./Core/Src/odometry.o
                0x08003f48                Odometry_Reset
 *fill*         0x08003f6e        0x2 
 .text.Odometry_Update
                0x08003f70      0x194 ./Core/Src/odometry.o
                0x08003f70                Odometry_Update
 .text.MX_SPI2_Init
                0x08004104       0x7c ./Core/Src/spi.o
                0x08004104                MX_SPI2_Init
 .text.MX_SPI3_Init
                0x08004180       0x7c ./Core/Src/spi.o
                0x08004180                MX_SPI3_Init
 .text.HAL_SPI_MspInit
                0x080041fc       0xf0 ./Core/Src/spi.o
                0x080041fc                HAL_SPI_MspInit
 .text.HAL_MspInit
                0x080042ec       0x58 ./Core/Src/stm32g4xx_hal_msp.o
                0x080042ec                HAL_MspInit
 .text.NMI_Handler
                0x08004344        0x8 ./Core/Src/stm32g4xx_it.o
                0x08004344                NMI_Handler
 .text.HardFault_Handler
                0x0800434c        0x8 ./Core/Src/stm32g4xx_it.o
                0x0800434c                HardFault_Handler
 .text.MemManage_Handler
                0x08004354        0x8 ./Core/Src/stm32g4xx_it.o
                0x08004354                MemManage_Handler
 .text.BusFault_Handler
                0x0800435c        0x8 ./Core/Src/stm32g4xx_it.o
                0x0800435c                BusFault_Handler
 .text.UsageFault_Handler
                0x08004364        0x8 ./Core/Src/stm32g4xx_it.o
                0x08004364                UsageFault_Handler
 .text.SVC_Handler
                0x0800436c        0xe ./Core/Src/stm32g4xx_it.o
                0x0800436c                SVC_Handler
 .text.DebugMon_Handler
                0x0800437a        0xe ./Core/Src/stm32g4xx_it.o
                0x0800437a                DebugMon_Handler
 .text.PendSV_Handler
                0x08004388        0xe ./Core/Src/stm32g4xx_it.o
                0x08004388                PendSV_Handler
 .text.SysTick_Handler
                0x08004396        0xc ./Core/Src/stm32g4xx_it.o
                0x08004396                SysTick_Handler
 .text.RCC_IRQHandler
                0x080043a2        0xe ./Core/Src/stm32g4xx_it.o
                0x080043a2                RCC_IRQHandler
 .text.DMA1_Channel1_IRQHandler
                0x080043b0       0x14 ./Core/Src/stm32g4xx_it.o
                0x080043b0                DMA1_Channel1_IRQHandler
 .text.DMA1_Channel2_IRQHandler
                0x080043c4       0x14 ./Core/Src/stm32g4xx_it.o
                0x080043c4                DMA1_Channel2_IRQHandler
 .text.DMA1_Channel4_IRQHandler
                0x080043d8       0x14 ./Core/Src/stm32g4xx_it.o
                0x080043d8                DMA1_Channel4_IRQHandler
 .text.DMA1_Channel5_IRQHandler
                0x080043ec       0x14 ./Core/Src/stm32g4xx_it.o
                0x080043ec                DMA1_Channel5_IRQHandler
 .text.TIM2_IRQHandler
                0x08004400       0x14 ./Core/Src/stm32g4xx_it.o
                0x08004400                TIM2_IRQHandler
 .text.TIM3_IRQHandler
                0x08004414       0x14 ./Core/Src/stm32g4xx_it.o
                0x08004414                TIM3_IRQHandler
 .text.USART1_IRQHandler
                0x08004428       0x14 ./Core/Src/stm32g4xx_it.o
                0x08004428                USART1_IRQHandler
 .text.TIM8_BRK_IRQHandler
                0x0800443c       0x14 ./Core/Src/stm32g4xx_it.o
                0x0800443c                TIM8_BRK_IRQHandler
 .text.TIM8_UP_IRQHandler
                0x08004450       0x14 ./Core/Src/stm32g4xx_it.o
                0x08004450                TIM8_UP_IRQHandler
 .text.TIM5_IRQHandler
                0x08004464       0x14 ./Core/Src/stm32g4xx_it.o
                0x08004464                TIM5_IRQHandler
 .text.TIM20_UP_IRQHandler
                0x08004478       0x14 ./Core/Src/stm32g4xx_it.o
                0x08004478                TIM20_UP_IRQHandler
 .text._getpid  0x0800448c       0x10 ./Core/Src/syscalls.o
                0x0800448c                _getpid
 .text._kill    0x0800449c       0x20 ./Core/Src/syscalls.o
                0x0800449c                _kill
 .text._exit    0x080044bc       0x16 ./Core/Src/syscalls.o
                0x080044bc                _exit
 .text._read    0x080044d2       0x3a ./Core/Src/syscalls.o
                0x080044d2                _read
 .text._write   0x0800450c       0x38 ./Core/Src/syscalls.o
                0x0800450c                _write
 .text._close   0x08004544       0x18 ./Core/Src/syscalls.o
                0x08004544                _close
 .text._fstat   0x0800455c       0x20 ./Core/Src/syscalls.o
                0x0800455c                _fstat
 .text._isatty  0x0800457c       0x16 ./Core/Src/syscalls.o
                0x0800457c                _isatty
 .text._lseek   0x08004592       0x1a ./Core/Src/syscalls.o
                0x08004592                _lseek
 .text._sbrk    0x080045ac       0x6c ./Core/Src/sysmem.o
                0x080045ac                _sbrk
 .text.SystemInit
                0x08004618       0x24 ./Core/Src/system_stm32g4xx.o
                0x08004618                SystemInit
 .text.MX_TIM1_Init
                0x0800463c       0xb4 ./Core/Src/tim.o
                0x0800463c                MX_TIM1_Init
 .text.MX_TIM2_Init
                0x080046f0       0xec ./Core/Src/tim.o
                0x080046f0                MX_TIM2_Init
 .text.MX_TIM3_Init
                0x080047dc       0xb4 ./Core/Src/tim.o
                0x080047dc                MX_TIM3_Init
 .text.MX_TIM4_Init
                0x08004890       0xac ./Core/Src/tim.o
                0x08004890                MX_TIM4_Init
 .text.MX_TIM5_Init
                0x0800493c       0x9c ./Core/Src/tim.o
                0x0800493c                MX_TIM5_Init
 .text.MX_TIM8_Init
                0x080049d8       0xa8 ./Core/Src/tim.o
                0x080049d8                MX_TIM8_Init
 .text.MX_TIM20_Init
                0x08004a80       0xa8 ./Core/Src/tim.o
                0x08004a80                MX_TIM20_Init
 .text.HAL_TIM_Encoder_MspInit
                0x08004b28       0xec ./Core/Src/tim.o
                0x08004b28                HAL_TIM_Encoder_MspInit
 .text.HAL_TIM_Base_MspInit
                0x08004c14      0x160 ./Core/Src/tim.o
                0x08004c14                HAL_TIM_Base_MspInit
 .text.HAL_TIM_PWM_MspInit
                0x08004d74       0xac ./Core/Src/tim.o
                0x08004d74                HAL_TIM_PWM_MspInit
 .text.HAL_TIM_MspPostInit
                0x08004e20       0xb8 ./Core/Src/tim.o
                0x08004e20                HAL_TIM_MspPostInit
 .text.MX_USART1_UART_Init
                0x08004ed8       0x98 ./Core/Src/usart.o
                0x08004ed8                MX_USART1_UART_Init
 .text.HAL_UART_MspInit
                0x08004f70       0xc0 ./Core/Src/usart.o
                0x08004f70                HAL_UART_MspInit
 .text.Reset_Handler
                0x08005030       0x50 ./Core/Startup/startup_stm32g474retx.o
                0x08005030                Reset_Handler
 .text.Default_Handler
                0x08005080        0x2 ./Core/Startup/startup_stm32g474retx.o
                0x08005080                RTC_Alarm_IRQHandler
                0x08005080                EXTI2_IRQHandler
                0x08005080                TIM8_TRG_COM_IRQHandler
                0x08005080                TIM8_CC_IRQHandler
                0x08005080                HRTIM1_Master_IRQHandler
                0x08005080                SPI4_IRQHandler
                0x08005080                FDCAN3_IT0_IRQHandler
                0x08005080                TIM1_CC_IRQHandler
                0x08005080                HRTIM1_FLT_IRQHandler
                0x08005080                HRTIM1_TIMF_IRQHandler
                0x08005080                USB_HP_IRQHandler
                0x08005080                CORDIC_IRQHandler
                0x08005080                HRTIM1_TIMD_IRQHandler
                0x08005080                DMA2_Channel8_IRQHandler
                0x08005080                EXTI3_IRQHandler
                0x08005080                I2C3_ER_IRQHandler
                0x08005080                EXTI0_IRQHandler
                0x08005080                I2C2_EV_IRQHandler
                0x08005080                FPU_IRQHandler
                0x08005080                FDCAN1_IT1_IRQHandler
                0x08005080                TIM1_UP_TIM16_IRQHandler
                0x08005080                ADC1_2_IRQHandler
                0x08005080                HRTIM1_TIME_IRQHandler
                0x08005080                SPI1_IRQHandler
                0x08005080                TIM6_DAC_IRQHandler
                0x08005080                HRTIM1_TIMC_IRQHandler
                0x08005080                DMA2_Channel2_IRQHandler
                0x08005080                TIM20_TRG_COM_IRQHandler
                0x08005080                USART3_IRQHandler
                0x08005080                DMA1_Channel7_IRQHandler
                0x08005080                UART5_IRQHandler
                0x08005080                ADC3_IRQHandler
                0x08005080                TIM4_IRQHandler
                0x08005080                DMA2_Channel1_IRQHandler
                0x08005080                QUADSPI_IRQHandler
                0x08005080                I2C1_EV_IRQHandler
                0x08005080                DMA1_Channel6_IRQHandler
                0x08005080                UART4_IRQHandler
                0x08005080                DMA2_Channel4_IRQHandler
                0x08005080                Default_Handler
                0x08005080                DMA2_Channel7_IRQHandler
                0x08005080                RTC_TAMP_LSECSS_IRQHandler
                0x08005080                FMAC_IRQHandler
                0x08005080                EXTI15_10_IRQHandler
                0x08005080                DMA1_Channel8_IRQHandler
                0x08005080                HRTIM1_TIMA_IRQHandler
                0x08005080                TIM7_DAC_IRQHandler
                0x08005080                FDCAN3_IT1_IRQHandler
                0x08005080                UCPD1_IRQHandler
                0x08005080                I2C3_EV_IRQHandler
                0x08005080                EXTI9_5_IRQHandler
                0x08005080                RTC_WKUP_IRQHandler
                0x08005080                PVD_PVM_IRQHandler
                0x08005080                SPI2_IRQHandler
                0x08005080                ADC5_IRQHandler
                0x08005080                DMA2_Channel5_IRQHandler
                0x08005080                CRS_IRQHandler
                0x08005080                USB_LP_IRQHandler
                0x08005080                EXTI4_IRQHandler
                0x08005080                RNG_IRQHandler
                0x08005080                HRTIM1_TIMB_IRQHandler
                0x08005080                TIM1_TRG_COM_TIM17_IRQHandler
                0x08005080                FDCAN2_IT1_IRQHandler
                0x08005080                DMA1_Channel3_IRQHandler
                0x08005080                ADC4_IRQHandler
                0x08005080                WWDG_IRQHandler
                0x08005080                I2C4_EV_IRQHandler
                0x08005080                FDCAN2_IT0_IRQHandler
                0x08005080                LPUART1_IRQHandler
                0x08005080                DMA2_Channel6_IRQHandler
                0x08005080                FDCAN1_IT0_IRQHandler
                0x08005080                COMP7_IRQHandler
                0x08005080                COMP1_2_3_IRQHandler
                0x08005080                EXTI1_IRQHandler
                0x08005080                USART2_IRQHandler
                0x08005080                COMP4_5_6_IRQHandler
                0x08005080                TIM20_BRK_IRQHandler
                0x08005080                I2C2_ER_IRQHandler
                0x08005080                FLASH_IRQHandler
                0x08005080                TIM20_CC_IRQHandler
                0x08005080                SPI3_IRQHandler
                0x08005080                I2C1_ER_IRQHandler
                0x08005080                FMC_IRQHandler
                0x08005080                LPTIM1_IRQHandler
                0x08005080                DMAMUX_OVR_IRQHandler
                0x08005080                I2C4_ER_IRQHandler
                0x08005080                USBWakeUp_IRQHandler
                0x08005080                SAI1_IRQHandler
                0x08005080                DMA2_Channel3_IRQHandler
                0x08005080                TIM1_BRK_TIM15_IRQHandler
 .text.HAL_Init
                0x08005082       0x30 ./Drivers/STM32G4xx_HAL_Driver/Src/stm32g4xx_hal.o
                0x08005082                HAL_Init
 *fill*         0x080050b2        0x2 
 .text.HAL_InitTick
                0x080050b4       0x74 ./Drivers/STM32G4xx_HAL_Driver/Src/stm32g4xx_hal.o
                0x080050b4                HAL_InitTick
 .text.HAL_IncTick
                0x08005128       0x24 ./Drivers/STM32G4xx_HAL_Driver/Src/stm32g4xx_hal.o
                0x08005128                HAL_IncTick
 .text.HAL_GetTick
                0x0800514c       0x18 ./Drivers/STM32G4xx_HAL_Driver/Src/stm32g4xx_hal.o
                0x0800514c                HAL_GetTick
 .text.HAL_Delay
                0x08005164       0x44 ./Drivers/STM32G4xx_HAL_Driver/Src/stm32g4xx_hal.o
                0x08005164                HAL_Delay
 .text.LL_ADC_SetCommonClock
                0x080051a8       0x26 ./Drivers/STM32G4xx_HAL_Driver/Src/stm32g4xx_hal_adc.o
 .text.LL_ADC_SetCommonPathInternalCh
                0x080051ce       0x26 ./Drivers/STM32G4xx_HAL_Driver/Src/stm32g4xx_hal_adc.o
 .text.LL_ADC_GetCommonPathInternalCh
                0x080051f4       0x1c ./Drivers/STM32G4xx_HAL_Driver/Src/stm32g4xx_hal_adc.o
 .text.LL_ADC_SetOffset
                0x08005210       0x48 ./Drivers/STM32G4xx_HAL_Driver/Src/stm32g4xx_hal_adc.o
 .text.LL_ADC_GetOffsetChannel
                0x08005258       0x2c ./Drivers/STM32G4xx_HAL_Driver/Src/stm32g4xx_hal_adc.o
 .text.LL_ADC_SetOffsetState
                0x08005284       0x36 ./Drivers/STM32G4xx_HAL_Driver/Src/stm32g4xx_hal_adc.o
 .text.LL_ADC_SetOffsetSign
                0x080052ba       0x36 ./Drivers/STM32G4xx_HAL_Driver/Src/stm32g4xx_hal_adc.o
 .text.LL_ADC_SetOffsetSaturation
                0x080052f0       0x36 ./Drivers/STM32G4xx_HAL_Driver/Src/stm32g4xx_hal_adc.o
 .text.LL_ADC_SetSamplingTimeCommonConfig
                0x08005326       0x26 ./Drivers/STM32G4xx_HAL_Driver/Src/stm32g4xx_hal_adc.o
 .text.LL_ADC_REG_IsTriggerSourceSWStart
                0x0800534c       0x26 ./Drivers/STM32G4xx_HAL_Driver/Src/stm32g4xx_hal_adc.o
 .text.LL_ADC_REG_SetSequencerRanks
                0x08005372       0x58 ./Drivers/STM32G4xx_HAL_Driver/Src/stm32g4xx_hal_adc.o
 .text.LL_ADC_SetChannelSamplingTime
                0x080053ca       0x56 ./Drivers/STM32G4xx_HAL_Driver/Src/stm32g4xx_hal_adc.o
 .text.LL_ADC_SetChannelSingleDiff
                0x08005420       0x48 ./Drivers/STM32G4xx_HAL_Driver/Src/stm32g4xx_hal_adc.o
 .text.LL_ADC_GetMultimode
                0x08005468       0x1c ./Drivers/STM32G4xx_HAL_Driver/Src/stm32g4xx_hal_adc.o
 .text.LL_ADC_DisableDeepPowerDown
                0x08005484       0x24 ./Drivers/STM32G4xx_HAL_Driver/Src/stm32g4xx_hal_adc.o
 .text.LL_ADC_IsDeepPowerDownEnabled
                0x080054a8       0x28 ./Drivers/STM32G4xx_HAL_Driver/Src/stm32g4xx_hal_adc.o
 .text.LL_ADC_EnableInternalRegulator
                0x080054d0       0x28 ./Drivers/STM32G4xx_HAL_Driver/Src/stm32g4xx_hal_adc.o
 .text.LL_ADC_IsInternalRegulatorEnabled
                0x080054f8       0x28 ./Drivers/STM32G4xx_HAL_Driver/Src/stm32g4xx_hal_adc.o
 .text.LL_ADC_Enable
                0x08005520       0x28 ./Drivers/STM32G4xx_HAL_Driver/Src/stm32g4xx_hal_adc.o
 .text.LL_ADC_IsEnabled
                0x08005548       0x26 ./Drivers/STM32G4xx_HAL_Driver/Src/stm32g4xx_hal_adc.o
 .text.LL_ADC_REG_StartConversion
                0x0800556e       0x28 ./Drivers/STM32G4xx_HAL_Driver/Src/stm32g4xx_hal_adc.o
 .text.LL_ADC_REG_IsConversionOngoing
                0x08005596       0x26 ./Drivers/STM32G4xx_HAL_Driver/Src/stm32g4xx_hal_adc.o
 .text.LL_ADC_INJ_IsConversionOngoing
                0x080055bc       0x26 ./Drivers/STM32G4xx_HAL_Driver/Src/stm32g4xx_hal_adc.o
 *fill*         0x080055e2        0x2 
 .text.HAL_ADC_Init
                0x080055e4      0x378 ./Drivers/STM32G4xx_HAL_Driver/Src/stm32g4xx_hal_adc.o
                0x080055e4                HAL_ADC_Init
 .text.HAL_ADC_Start_DMA
                0x0800595c      0x1a8 ./Drivers/STM32G4xx_HAL_Driver/Src/stm32g4xx_hal_adc.o
                0x0800595c                HAL_ADC_Start_DMA
 .text.HAL_ADC_ConvCpltCallback
                0x08005b04       0x14 ./Drivers/STM32G4xx_HAL_Driver/Src/stm32g4xx_hal_adc.o
                0x08005b04                HAL_ADC_ConvCpltCallback
 .text.HAL_ADC_ConvHalfCpltCallback
                0x08005b18       0x14 ./Drivers/STM32G4xx_HAL_Driver/Src/stm32g4xx_hal_adc.o
                0x08005b18                HAL_ADC_ConvHalfCpltCallback
 .text.HAL_ADC_ErrorCallback
                0x08005b2c       0x14 ./Drivers/STM32G4xx_HAL_Driver/Src/stm32g4xx_hal_adc.o
                0x08005b2c                HAL_ADC_ErrorCallback
 .text.HAL_ADC_ConfigChannel
                0x08005b40      0x880 ./Drivers/STM32G4xx_HAL_Driver/Src/stm32g4xx_hal_adc.o
                0x08005b40                HAL_ADC_ConfigChannel
 .text.ADC_Enable
                0x080063c0      0x12c ./Drivers/STM32G4xx_HAL_Driver/Src/stm32g4xx_hal_adc.o
                0x080063c0                ADC_Enable
 .text.ADC_DMAConvCplt
                0x080064ec       0xd8 ./Drivers/STM32G4xx_HAL_Driver/Src/stm32g4xx_hal_adc.o
                0x080064ec                ADC_DMAConvCplt
 .text.ADC_DMAHalfConvCplt
                0x080065c4       0x1c ./Drivers/STM32G4xx_HAL_Driver/Src/stm32g4xx_hal_adc.o
                0x080065c4                ADC_DMAHalfConvCplt
 .text.ADC_DMAError
                0x080065e0       0x34 ./Drivers/STM32G4xx_HAL_Driver/Src/stm32g4xx_hal_adc.o
                0x080065e0                ADC_DMAError
 .text.LL_ADC_IsEnabled
                0x08006614       0x26 ./Drivers/STM32G4xx_HAL_Driver/Src/stm32g4xx_hal_adc_ex.o
 .text.LL_ADC_REG_IsConversionOngoing
                0x0800663a       0x26 ./Drivers/STM32G4xx_HAL_Driver/Src/stm32g4xx_hal_adc_ex.o
 .text.HAL_ADCEx_MultiModeConfigChannel
                0x08006660      0x210 ./Drivers/STM32G4xx_HAL_Driver/Src/stm32g4xx_hal_adc_ex.o
                0x08006660                HAL_ADCEx_MultiModeConfigChannel
 .text.__NVIC_SetPriorityGrouping
                0x08006870       0x48 ./Drivers/STM32G4xx_HAL_Driver/Src/stm32g4xx_hal_cortex.o
 .text.__NVIC_GetPriorityGrouping
                0x080068b8       0x1c ./Drivers/STM32G4xx_HAL_Driver/Src/stm32g4xx_hal_cortex.o
 .text.__NVIC_EnableIRQ
                0x080068d4       0x3c ./Drivers/STM32G4xx_HAL_Driver/Src/stm32g4xx_hal_cortex.o
 .text.__NVIC_SetPriority
                0x08006910       0x54 ./Drivers/STM32G4xx_HAL_Driver/Src/stm32g4xx_hal_cortex.o
 .text.NVIC_EncodePriority
                0x08006964       0x66 ./Drivers/STM32G4xx_HAL_Driver/Src/stm32g4xx_hal_cortex.o
 *fill*         0x080069ca        0x2 
 .text.SysTick_Config
                0x080069cc       0x44 ./Drivers/STM32G4xx_HAL_Driver/Src/stm32g4xx_hal_cortex.o
 .text.HAL_NVIC_SetPriorityGrouping
                0x08006a10       0x16 ./Drivers/STM32G4xx_HAL_Driver/Src/stm32g4xx_hal_cortex.o
                0x08006a10                HAL_NVIC_SetPriorityGrouping
 .text.HAL_NVIC_SetPriority
                0x08006a26       0x34 ./Drivers/STM32G4xx_HAL_Driver/Src/stm32g4xx_hal_cortex.o
                0x08006a26                HAL_NVIC_SetPriority
 .text.HAL_NVIC_EnableIRQ
                0x08006a5a       0x1c ./Drivers/STM32G4xx_HAL_Driver/Src/stm32g4xx_hal_cortex.o
                0x08006a5a                HAL_NVIC_EnableIRQ
 .text.HAL_SYSTICK_Config
                0x08006a76       0x18 ./Drivers/STM32G4xx_HAL_Driver/Src/stm32g4xx_hal_cortex.o
                0x08006a76                HAL_SYSTICK_Config
 *fill*         0x08006a8e        0x2 
 .text.HAL_DMA_Init
                0x08006a90      0x150 ./Drivers/STM32G4xx_HAL_Driver/Src/stm32g4xx_hal_dma.o
                0x08006a90                HAL_DMA_Init
 .text.HAL_DMA_Start_IT
                0x08006be0       0xf6 ./Drivers/STM32G4xx_HAL_Driver/Src/stm32g4xx_hal_dma.o
                0x08006be0                HAL_DMA_Start_IT
 .text.HAL_DMA_Abort
                0x08006cd6       0xb2 ./Drivers/STM32G4xx_HAL_Driver/Src/stm32g4xx_hal_dma.o
                0x08006cd6                HAL_DMA_Abort
 .text.HAL_DMA_Abort_IT
                0x08006d88       0xce ./Drivers/STM32G4xx_HAL_Driver/Src/stm32g4xx_hal_dma.o
                0x08006d88                HAL_DMA_Abort_IT
 .text.HAL_DMA_IRQHandler
                0x08006e56      0x15e ./Drivers/STM32G4xx_HAL_Driver/Src/stm32g4xx_hal_dma.o
                0x08006e56                HAL_DMA_IRQHandler
 .text.DMA_SetConfig
                0x08006fb4       0x7c ./Drivers/STM32G4xx_HAL_Driver/Src/stm32g4xx_hal_dma.o
 .text.DMA_CalcDMAMUXChannelBaseAndMask
                0x08007030       0x7c ./Drivers/STM32G4xx_HAL_Driver/Src/stm32g4xx_hal_dma.o
 .text.DMA_CalcDMAMUXRequestGenBaseAndMask
                0x080070ac       0x48 ./Drivers/STM32G4xx_HAL_Driver/Src/stm32g4xx_hal_dma.o
 .text.HAL_GPIO_Init
                0x080070f4      0x304 ./Drivers/STM32G4xx_HAL_Driver/Src/stm32g4xx_hal_gpio.o
                0x080070f4                HAL_GPIO_Init
 .text.HAL_GPIO_WritePin
                0x080073f8       0x30 ./Drivers/STM32G4xx_HAL_Driver/Src/stm32g4xx_hal_gpio.o
                0x080073f8                HAL_GPIO_WritePin
 .text.HAL_GPIO_TogglePin
                0x08007428       0x34 ./Drivers/STM32G4xx_HAL_Driver/Src/stm32g4xx_hal_gpio.o
                0x08007428                HAL_GPIO_TogglePin
 .text.HAL_PWREx_ControlVoltageScaling
                0x0800745c      0x148 ./Drivers/STM32G4xx_HAL_Driver/Src/stm32g4xx_hal_pwr_ex.o
                0x0800745c                HAL_PWREx_ControlVoltageScaling
 .text.HAL_PWREx_DisableUCPDDeadBattery
                0x080075a4       0x20 ./Drivers/STM32G4xx_HAL_Driver/Src/stm32g4xx_hal_pwr_ex.o
                0x080075a4                HAL_PWREx_DisableUCPDDeadBattery
 .text.HAL_RCC_OscConfig
                0x080075c4      0x624 ./Drivers/STM32G4xx_HAL_Driver/Src/stm32g4xx_hal_rcc.o
                0x080075c4                HAL_RCC_OscConfig
 .text.HAL_RCC_ClockConfig
                0x08007be8      0x278 ./Drivers/STM32G4xx_HAL_Driver/Src/stm32g4xx_hal_rcc.o
                0x08007be8                HAL_RCC_ClockConfig
 .text.HAL_RCC_GetSysClockFreq
                0x08007e60       0xc4 ./Drivers/STM32G4xx_HAL_Driver/Src/stm32g4xx_hal_rcc.o
                0x08007e60                HAL_RCC_GetSysClockFreq
 .text.HAL_RCC_GetHCLKFreq
                0x08007f24       0x18 ./Drivers/STM32G4xx_HAL_Driver/Src/stm32g4xx_hal_rcc.o
                0x08007f24                HAL_RCC_GetHCLKFreq
 .text.HAL_RCC_GetPCLK1Freq
                0x08007f3c       0x2c ./Drivers/STM32G4xx_HAL_Driver/Src/stm32g4xx_hal_rcc.o
                0x08007f3c                HAL_RCC_GetPCLK1Freq
 .text.HAL_RCC_GetPCLK2Freq
                0x08007f68       0x2c ./Drivers/STM32G4xx_HAL_Driver/Src/stm32g4xx_hal_rcc.o
                0x08007f68                HAL_RCC_GetPCLK2Freq
 .text.RCC_GetSysClockFreqFromPLLSource
                0x08007f94       0x8c ./Drivers/STM32G4xx_HAL_Driver/Src/stm32g4xx_hal_rcc.o
 .text.HAL_RCCEx_PeriphCLKConfig
                0x08008020      0x49c ./Drivers/STM32G4xx_HAL_Driver/Src/stm32g4xx_hal_rcc_ex.o
                0x08008020                HAL_RCCEx_PeriphCLKConfig
 .text.HAL_SPI_Init
                0x080084bc      0x156 ./Drivers/STM32G4xx_HAL_Driver/Src/stm32g4xx_hal_spi.o
                0x080084bc                HAL_SPI_Init
 .text.HAL_SPI_Transmit
                0x08008612      0x2ec ./Drivers/STM32G4xx_HAL_Driver/Src/stm32g4xx_hal_spi.o
                0x08008612                HAL_SPI_Transmit
 .text.HAL_SPI_Receive
                0x080088fe      0x270 ./Drivers/STM32G4xx_HAL_Driver/Src/stm32g4xx_hal_spi.o
                0x080088fe                HAL_SPI_Receive
 .text.HAL_SPI_TransmitReceive
                0x08008b6e      0x43e ./Drivers/STM32G4xx_HAL_Driver/Src/stm32g4xx_hal_spi.o
                0x08008b6e                HAL_SPI_TransmitReceive
 .text.SPI_WaitFlagStateUntilTimeout
                0x08008fac      0x110 ./Drivers/STM32G4xx_HAL_Driver/Src/stm32g4xx_hal_spi.o
 .text.SPI_WaitFifoStateUntilTimeout
                0x080090bc      0x12c ./Drivers/STM32G4xx_HAL_Driver/Src/stm32g4xx_hal_spi.o
 .text.SPI_EndRxTransaction
                0x080091e8       0xb0 ./Drivers/STM32G4xx_HAL_Driver/Src/stm32g4xx_hal_spi.o
 .text.SPI_EndRxTxTransaction
                0x08009298       0x8c ./Drivers/STM32G4xx_HAL_Driver/Src/stm32g4xx_hal_spi.o
 .text.HAL_TIM_Base_Init
                0x08009324       0xae ./Drivers/STM32G4xx_HAL_Driver/Src/stm32g4xx_hal_tim.o
                0x08009324                HAL_TIM_Base_Init
 *fill*         0x080093d2        0x2 
 .text.HAL_TIM_Base_Start_IT
                0x080093d4       0xf0 ./Drivers/STM32G4xx_HAL_Driver/Src/stm32g4xx_hal_tim.o
                0x080093d4                HAL_TIM_Base_Start_IT
 .text.HAL_TIM_PWM_Init
                0x080094c4       0xae ./Drivers/STM32G4xx_HAL_Driver/Src/stm32g4xx_hal_tim.o
                0x080094c4                HAL_TIM_PWM_Init
 *fill*         0x08009572        0x2 
 .text.HAL_TIM_PWM_Start
                0x08009574      0x224 ./Drivers/STM32G4xx_HAL_Driver/Src/stm32g4xx_hal_tim.o
                0x08009574                HAL_TIM_PWM_Start
 .text.HAL_TIM_Encoder_Init
                0x08009798      0x14c ./Drivers/STM32G4xx_HAL_Driver/Src/stm32g4xx_hal_tim.o
                0x08009798                HAL_TIM_Encoder_Init
 .text.HAL_TIM_Encoder_Start
                0x080098e4      0x11c ./Drivers/STM32G4xx_HAL_Driver/Src/stm32g4xx_hal_tim.o
                0x080098e4                HAL_TIM_Encoder_Start
 .text.HAL_TIM_IRQHandler
                0x08009a00      0x29e ./Drivers/STM32G4xx_HAL_Driver/Src/stm32g4xx_hal_tim.o
                0x08009a00                HAL_TIM_IRQHandler
 *fill*         0x08009c9e        0x2 
 .text.HAL_TIM_PWM_ConfigChannel
                0x08009ca0      0x228 ./Drivers/STM32G4xx_HAL_Driver/Src/stm32g4xx_hal_tim.o
                0x08009ca0                HAL_TIM_PWM_ConfigChannel
 .text.HAL_TIM_ConfigClockSource
                0x08009ec8      0x22c ./Drivers/STM32G4xx_HAL_Driver/Src/stm32g4xx_hal_tim.o
                0x08009ec8                HAL_TIM_ConfigClockSource
 .text.HAL_TIM_OC_DelayElapsedCallback
                0x0800a0f4       0x14 ./Drivers/STM32G4xx_HAL_Driver/Src/stm32g4xx_hal_tim.o
                0x0800a0f4                HAL_TIM_OC_DelayElapsedCallback
 .text.HAL_TIM_IC_CaptureCallback
                0x0800a108       0x14 ./Drivers/STM32G4xx_HAL_Driver/Src/stm32g4xx_hal_tim.o
                0x0800a108                HAL_TIM_IC_CaptureCallback
 .text.HAL_TIM_PWM_PulseFinishedCallback
                0x0800a11c       0x14 ./Drivers/STM32G4xx_HAL_Driver/Src/stm32g4xx_hal_tim.o
                0x0800a11c                HAL_TIM_PWM_PulseFinishedCallback
 .text.HAL_TIM_TriggerCallback
                0x0800a130       0x14 ./Drivers/STM32G4xx_HAL_Driver/Src/stm32g4xx_hal_tim.o
                0x0800a130                HAL_TIM_TriggerCallback
 .text.TIM_Base_SetConfig
                0x0800a144      0x168 ./Drivers/STM32G4xx_HAL_Driver/Src/stm32g4xx_hal_tim.o
                0x0800a144                TIM_Base_SetConfig
 .text.TIM_OC1_SetConfig
                0x0800a2ac      0x134 ./Drivers/STM32G4xx_HAL_Driver/Src/stm32g4xx_hal_tim.o
 .text.TIM_OC2_SetConfig
                0x0800a3e0      0x128 ./Drivers/STM32G4xx_HAL_Driver/Src/stm32g4xx_hal_tim.o
                0x0800a3e0                TIM_OC2_SetConfig
 .text.TIM_OC3_SetConfig
                0x0800a508      0x124 ./Drivers/STM32G4xx_HAL_Driver/Src/stm32g4xx_hal_tim.o
 .text.TIM_OC4_SetConfig
                0x0800a62c      0x128 ./Drivers/STM32G4xx_HAL_Driver/Src/stm32g4xx_hal_tim.o
 .text.TIM_OC5_SetConfig
                0x0800a754       0xd4 ./Drivers/STM32G4xx_HAL_Driver/Src/stm32g4xx_hal_tim.o
 .text.TIM_OC6_SetConfig
                0x0800a828       0xd8 ./Drivers/STM32G4xx_HAL_Driver/Src/stm32g4xx_hal_tim.o
 .text.TIM_TI1_ConfigInputStage
                0x0800a900       0x5e ./Drivers/STM32G4xx_HAL_Driver/Src/stm32g4xx_hal_tim.o
 .text.TIM_TI2_ConfigInputStage
                0x0800a95e       0x60 ./Drivers/STM32G4xx_HAL_Driver/Src/stm32g4xx_hal_tim.o
 .text.TIM_ITRx_SetConfig
                0x0800a9be       0x3a ./Drivers/STM32G4xx_HAL_Driver/Src/stm32g4xx_hal_tim.o
 .text.TIM_ETR_SetConfig
                0x0800a9f8       0x40 ./Drivers/STM32G4xx_HAL_Driver/Src/stm32g4xx_hal_tim.o
                0x0800a9f8                TIM_ETR_SetConfig
 .text.TIM_CCxChannelCmd
                0x0800aa38       0x4a ./Drivers/STM32G4xx_HAL_Driver/Src/stm32g4xx_hal_tim.o
                0x0800aa38                TIM_CCxChannelCmd
 *fill*         0x0800aa82        0x2 
 .text.HAL_TIMEx_MasterConfigSynchronization
                0x0800aa84      0x12c ./Drivers/STM32G4xx_HAL_Driver/Src/stm32g4xx_hal_tim_ex.o
                0x0800aa84                HAL_TIMEx_MasterConfigSynchronization
 .text.HAL_TIMEx_CommutCallback
                0x0800abb0       0x14 ./Drivers/STM32G4xx_HAL_Driver/Src/stm32g4xx_hal_tim_ex.o
                0x0800abb0                HAL_TIMEx_CommutCallback
 .text.HAL_TIMEx_BreakCallback
                0x0800abc4       0x14 ./Drivers/STM32G4xx_HAL_Driver/Src/stm32g4xx_hal_tim_ex.o
                0x0800abc4                HAL_TIMEx_BreakCallback
 .text.HAL_TIMEx_Break2Callback
                0x0800abd8       0x14 ./Drivers/STM32G4xx_HAL_Driver/Src/stm32g4xx_hal_tim_ex.o
                0x0800abd8                HAL_TIMEx_Break2Callback
 .text.HAL_TIMEx_EncoderIndexCallback
                0x0800abec       0x14 ./Drivers/STM32G4xx_HAL_Driver/Src/stm32g4xx_hal_tim_ex.o
                0x0800abec                HAL_TIMEx_EncoderIndexCallback
 .text.HAL_TIMEx_DirectionChangeCallback
                0x0800ac00       0x14 ./Drivers/STM32G4xx_HAL_Driver/Src/stm32g4xx_hal_tim_ex.o
                0x0800ac00                HAL_TIMEx_DirectionChangeCallback
 .text.HAL_TIMEx_IndexErrorCallback
                0x0800ac14       0x14 ./Drivers/STM32G4xx_HAL_Driver/Src/stm32g4xx_hal_tim_ex.o
                0x0800ac14                HAL_TIMEx_IndexErrorCallback
 .text.HAL_TIMEx_TransitionErrorCallback
                0x0800ac28       0x14 ./Drivers/STM32G4xx_HAL_Driver/Src/stm32g4xx_hal_tim_ex.o
                0x0800ac28                HAL_TIMEx_TransitionErrorCallback
 .text.HAL_UART_Init
                0x0800ac3c       0xa0 ./Drivers/STM32G4xx_HAL_Driver/Src/stm32g4xx_hal_uart.o
                0x0800ac3c                HAL_UART_Init
 .text.HAL_UART_Transmit
                0x0800acdc      0x11c ./Drivers/STM32G4xx_HAL_Driver/Src/stm32g4xx_hal_uart.o
                0x0800acdc                HAL_UART_Transmit
 .text.HAL_UART_Receive_IT
                0x0800adf8       0x98 ./Drivers/STM32G4xx_HAL_Driver/Src/stm32g4xx_hal_uart.o
                0x0800adf8                HAL_UART_Receive_IT
 .text.HAL_UART_IRQHandler
                0x0800ae90      0x684 ./Drivers/STM32G4xx_HAL_Driver/Src/stm32g4xx_hal_uart.o
                0x0800ae90                HAL_UART_IRQHandler
 .text.HAL_UART_TxCpltCallback
                0x0800b514       0x14 ./Drivers/STM32G4xx_HAL_Driver/Src/stm32g4xx_hal_uart.o
                0x0800b514                HAL_UART_TxCpltCallback
 .text.HAL_UART_ErrorCallback
                0x0800b528       0x14 ./Drivers/STM32G4xx_HAL_Driver/Src/stm32g4xx_hal_uart.o
                0x0800b528                HAL_UART_ErrorCallback
 .text.HAL_UARTEx_RxEventCallback
                0x0800b53c       0x18 ./Drivers/STM32G4xx_HAL_Driver/Src/stm32g4xx_hal_uart.o
                0x0800b53c                HAL_UARTEx_RxEventCallback
 .text.UART_SetConfig
                0x0800b554      0x5f8 ./Drivers/STM32G4xx_HAL_Driver/Src/stm32g4xx_hal_uart.o
                0x0800b554                UART_SetConfig
 .text.UART_AdvFeatureConfig
                0x0800bb4c      0x144 ./Drivers/STM32G4xx_HAL_Driver/Src/stm32g4xx_hal_uart.o
                0x0800bb4c                UART_AdvFeatureConfig
 .text.UART_CheckIdleState
                0x0800bc90      0x154 ./Drivers/STM32G4xx_HAL_Driver/Src/stm32g4xx_hal_uart.o
                0x0800bc90                UART_CheckIdleState
 .text.UART_WaitOnFlagUntilTimeout
                0x0800bde4       0xda ./Drivers/STM32G4xx_HAL_Driver/Src/stm32g4xx_hal_uart.o
                0x0800bde4                UART_WaitOnFlagUntilTimeout
 *fill*         0x0800bebe        0x2 
 .text.UART_Start_Receive_IT
                0x0800bec0      0x244 ./Drivers/STM32G4xx_HAL_Driver/Src/stm32g4xx_hal_uart.o
                0x0800bec0                UART_Start_Receive_IT
 .text.UART_EndRxTransfer
                0x0800c104       0xcc ./Drivers/STM32G4xx_HAL_Driver/Src/stm32g4xx_hal_uart.o
 .text.UART_DMAAbortOnError
                0x0800c1d0       0x24 ./Drivers/STM32G4xx_HAL_Driver/Src/stm32g4xx_hal_uart.o
 .text.UART_EndTransmit_IT
                0x0800c1f4       0x56 ./Drivers/STM32G4xx_HAL_Driver/Src/stm32g4xx_hal_uart.o
 *fill*         0x0800c24a        0x2 
 .text.UART_RxISR_8BIT
                0x0800c24c      0x1b8 ./Drivers/STM32G4xx_HAL_Driver/Src/stm32g4xx_hal_uart.o
 .text.UART_RxISR_16BIT
                0x0800c404      0x1b8 ./Drivers/STM32G4xx_HAL_Driver/Src/stm32g4xx_hal_uart.o
 .text.UART_RxISR_8BIT_FIFOEN
                0x0800c5bc      0x364 ./Drivers/STM32G4xx_HAL_Driver/Src/stm32g4xx_hal_uart.o
 .text.UART_RxISR_16BIT_FIFOEN
                0x0800c920      0x36c ./Drivers/STM32G4xx_HAL_Driver/Src/stm32g4xx_hal_uart.o
 .text.HAL_UARTEx_WakeupCallback
                0x0800cc8c       0x14 ./Drivers/STM32G4xx_HAL_Driver/Src/stm32g4xx_hal_uart_ex.o
                0x0800cc8c                HAL_UARTEx_WakeupCallback
 .text.HAL_UARTEx_RxFifoFullCallback
                0x0800cca0       0x14 ./Drivers/STM32G4xx_HAL_Driver/Src/stm32g4xx_hal_uart_ex.o
                0x0800cca0                HAL_UARTEx_RxFifoFullCallback
 .text.HAL_UARTEx_TxFifoEmptyCallback
                0x0800ccb4       0x14 ./Drivers/STM32G4xx_HAL_Driver/Src/stm32g4xx_hal_uart_ex.o
                0x0800ccb4                HAL_UARTEx_TxFifoEmptyCallback
 .text.HAL_UARTEx_DisableFifoMode
                0x0800ccc8       0x72 ./Drivers/STM32G4xx_HAL_Driver/Src/stm32g4xx_hal_uart_ex.o
                0x0800ccc8                HAL_UARTEx_DisableFifoMode
 .text.HAL_UARTEx_SetTxFifoThreshold
                0x0800cd3a       0x7c ./Drivers/STM32G4xx_HAL_Driver/Src/stm32g4xx_hal_uart_ex.o
                0x0800cd3a                HAL_UARTEx_SetTxFifoThreshold
 .text.HAL_UARTEx_SetRxFifoThreshold
                0x0800cdb6       0x7c ./Drivers/STM32G4xx_HAL_Driver/Src/stm32g4xx_hal_uart_ex.o
                0x0800cdb6                HAL_UARTEx_SetRxFifoThreshold
 *fill*         0x0800ce32        0x2 
 .text.UARTEx_SetNbDataToProcess
                0x0800ce34       0x9c ./Drivers/STM32G4xx_HAL_Driver/Src/stm32g4xx_hal_uart_ex.o
 .text.MX_FATFS_Init
                0x0800ced0       0x30 ./FATFS/App/app_fatfs.o
                0x0800ced0                MX_FATFS_Init
 .text.get_fattime
                0x0800cf00       0x10 ./FATFS/App/app_fatfs.o
                0x0800cf00                get_fattime
 .text.USER_initialize
                0x0800cf10       0x28 ./FATFS/Target/user_diskio.o
                0x0800cf10                USER_initialize
 .text.USER_status
                0x0800cf38       0x28 ./FATFS/Target/user_diskio.o
                0x0800cf38                USER_status
 .text.USER_read
                0x0800cf60       0x1e ./FATFS/Target/user_diskio.o
                0x0800cf60                USER_read
 .text.USER_write
                0x0800cf7e       0x1e ./FATFS/Target/user_diskio.o
                0x0800cf7e                USER_write
 .text.USER_ioctl
                0x0800cf9c       0x22 ./FATFS/Target/user_diskio.o
                0x0800cf9c                USER_ioctl
 *fill*         0x0800cfbe        0x2 
 .text.disk_status
                0x0800cfc0       0x34 ./Middlewares/Third_Party/FatFs/src/diskio.o
                0x0800cfc0                disk_status
 .text.disk_initialize
                0x0800cff4       0x4c ./Middlewares/Third_Party/FatFs/src/diskio.o
                0x0800cff4                disk_initialize
 .text.disk_read
                0x0800d040       0x40 ./Middlewares/Third_Party/FatFs/src/diskio.o
                0x0800d040                disk_read
 .text.disk_write
                0x0800d080       0x40 ./Middlewares/Third_Party/FatFs/src/diskio.o
                0x0800d080                disk_write
 .text.disk_ioctl
                0x0800d0c0       0x3c ./Middlewares/Third_Party/FatFs/src/diskio.o
                0x0800d0c0                disk_ioctl
 .text.ld_word  0x0800d0fc       0x32 ./Middlewares/Third_Party/FatFs/src/ff.o
 .text.ld_dword
                0x0800d12e       0x46 ./Middlewares/Third_Party/FatFs/src/ff.o
 .text.st_word  0x0800d174       0x36 ./Middlewares/Third_Party/FatFs/src/ff.o
 .text.st_dword
                0x0800d1aa       0x58 ./Middlewares/Third_Party/FatFs/src/ff.o
 .text.mem_cpy  0x0800d202       0x42 ./Middlewares/Third_Party/FatFs/src/ff.o
 .text.mem_set  0x0800d244       0x36 ./Middlewares/Third_Party/FatFs/src/ff.o
 .text.mem_cmp  0x0800d27a       0x4e ./Middlewares/Third_Party/FatFs/src/ff.o
 .text.chk_chr  0x0800d2c8       0x36 ./Middlewares/Third_Party/FatFs/src/ff.o
 *fill*         0x0800d2fe        0x2 
 .text.chk_lock
                0x0800d300       0xb8 ./Middlewares/Third_Party/FatFs/src/ff.o
 .text.enq_lock
                0x0800d3b8       0x44 ./Middlewares/Third_Party/FatFs/src/ff.o
 .text.inc_lock
                0x0800d3fc      0x11c ./Middlewares/Third_Party/FatFs/src/ff.o
 .text.dec_lock
                0x0800d518       0x78 ./Middlewares/Third_Party/FatFs/src/ff.o
 .text.clear_lock
                0x0800d590       0x48 ./Middlewares/Third_Party/FatFs/src/ff.o
 .text.sync_window
                0x0800d5d8       0x88 ./Middlewares/Third_Party/FatFs/src/ff.o
 .text.move_window
                0x0800d660       0x5a ./Middlewares/Third_Party/FatFs/src/ff.o
 *fill*         0x0800d6ba        0x2 
 .text.sync_fs  0x0800d6bc       0xdc ./Middlewares/Third_Party/FatFs/src/ff.o
 .text.clust2sect
                0x0800d798       0x3e ./Middlewares/Third_Party/FatFs/src/ff.o
 .text.get_fat  0x0800d7d6      0x14e ./Middlewares/Third_Party/FatFs/src/ff.o
 .text.put_fat  0x0800d924      0x1d4 ./Middlewares/Third_Party/FatFs/src/ff.o
 .text.remove_chain
                0x0800daf8       0xca ./Middlewares/Third_Party/FatFs/src/ff.o
 .text.create_chain
                0x0800dbc2      0x130 ./Middlewares/Third_Party/FatFs/src/ff.o
 .text.clmt_clust
                0x0800dcf2       0x68 ./Middlewares/Third_Party/FatFs/src/ff.o
 .text.dir_sdi  0x0800dd5a       0xf6 ./Middlewares/Third_Party/FatFs/src/ff.o
 .text.dir_next
                0x0800de50      0x18a ./Middlewares/Third_Party/FatFs/src/ff.o
 .text.dir_alloc
                0x0800dfda       0x8e ./Middlewares/Third_Party/FatFs/src/ff.o
 .text.ld_clust
                0x0800e068       0x3e ./Middlewares/Third_Party/FatFs/src/ff.o
 .text.st_clust
                0x0800e0a6       0x40 ./Middlewares/Third_Party/FatFs/src/ff.o
 .text.dir_find
                0x0800e0e6       0xaa ./Middlewares/Third_Party/FatFs/src/ff.o
 .text.dir_register
                0x0800e190       0x64 ./Middlewares/Third_Party/FatFs/src/ff.o
 .text.create_name
                0x0800e1f4      0x128 ./Middlewares/Third_Party/FatFs/src/ff.o
 .text.follow_path
                0x0800e31c       0xe2 ./Middlewares/Third_Party/FatFs/src/ff.o
 .text.get_ldnumber
                0x0800e3fe       0x88 ./Middlewares/Third_Party/FatFs/src/ff.o
 *fill*         0x0800e486        0x2 
 .text.check_fs
                0x0800e488       0xac ./Middlewares/Third_Party/FatFs/src/ff.o
 .text.find_volume
                0x0800e534      0x498 ./Middlewares/Third_Party/FatFs/src/ff.o
 .text.validate
                0x0800e9cc       0x6a ./Middlewares/Third_Party/FatFs/src/ff.o
 *fill*         0x0800ea36        0x2 
 .text.f_mount  0x0800ea38       0x8c ./Middlewares/Third_Party/FatFs/src/ff.o
                0x0800ea38                f_mount
 .text.f_open   0x0800eac4      0x374 ./Middlewares/Third_Party/FatFs/src/ff.o
                0x0800eac4                f_open
 .text.f_read   0x0800ee38      0x27e ./Middlewares/Third_Party/FatFs/src/ff.o
                0x0800ee38                f_read
 .text.f_write  0x0800f0b6      0x2ea ./Middlewares/Third_Party/FatFs/src/ff.o
                0x0800f0b6                f_write
 .text.f_sync   0x0800f3a0       0xfc ./Middlewares/Third_Party/FatFs/src/ff.o
                0x0800f3a0                f_sync
 .text.f_close  0x0800f49c       0x54 ./Middlewares/Third_Party/FatFs/src/ff.o
                0x0800f49c                f_close
 .text.putc_bfd
                0x0800f4f0       0x7a ./Middlewares/Third_Party/FatFs/src/ff.o
 .text.putc_flush
                0x0800f56a       0x4a ./Middlewares/Third_Party/FatFs/src/ff.o
 .text.putc_init
                0x0800f5b4       0x2a ./Middlewares/Third_Party/FatFs/src/ff.o
 .text.f_puts   0x0800f5de       0x48 ./Middlewares/Third_Party/FatFs/src/ff.o
                0x0800f5de                f_puts
 *fill*         0x0800f626        0x2 
 .text.FATFS_LinkDriverEx
                0x0800f628       0x98 ./Middlewares/Third_Party/FatFs/src/ff_gen_drv.o
                0x0800f628                FATFS_LinkDriverEx
 .text.FATFS_LinkDriver
                0x0800f6c0       0x1e ./Middlewares/Third_Party/FatFs/src/ff_gen_drv.o
                0x0800f6c0                FATFS_LinkDriver
 .text.sulp     0x0800f6de       0x3c C:/ST/STM32CubeIDE_1.19.0/STM32CubeIDE/plugins/com.st.stm32cube.ide.mcu.externaltools.gnu-tools-for-stm32.13.3.rel1.win32_1.0.0.202411081344/tools/bin/../lib/gcc/arm-none-eabi/13.3.1/../../../../arm-none-eabi/lib/thumb/v7e-m+fp/hard\libc_nano.a(libc_a-strtod.o)
 *fill*         0x0800f71a        0x6 
 .text._strtod_l
                0x0800f720      0xbc8 C:/ST/STM32CubeIDE_1.19.0/STM32CubeIDE/plugins/com.st.stm32cube.ide.mcu.externaltools.gnu-tools-for-stm32.13.3.rel1.win32_1.0.0.202411081344/tools/bin/../lib/gcc/arm-none-eabi/13.3.1/../../../../arm-none-eabi/lib/thumb/v7e-m+fp/hard\libc_nano.a(libc_a-strtod.o)
                0x0800f720                _strtod_l
 .text.strtof   0x080102e8       0xc8 C:/ST/STM32CubeIDE_1.19.0/STM32CubeIDE/plugins/com.st.stm32cube.ide.mcu.externaltools.gnu-tools-for-stm32.13.3.rel1.win32_1.0.0.202411081344/tools/bin/../lib/gcc/arm-none-eabi/13.3.1/../../../../arm-none-eabi/lib/thumb/v7e-m+fp/hard\libc_nano.a(libc_a-strtod.o)
                0x080102e8                strtof
 .text.std      0x080103b0       0x6c C:/ST/STM32CubeIDE_1.19.0/STM32CubeIDE/plugins/com.st.stm32cube.ide.mcu.externaltools.gnu-tools-for-stm32.13.3.rel1.win32_1.0.0.202411081344/tools/bin/../lib/gcc/arm-none-eabi/13.3.1/../../../../arm-none-eabi/lib/thumb/v7e-m+fp/hard\libc_nano.a(libc_a-findfp.o)
 .text.stdio_exit_handler
                0x0801041c       0x18 C:/ST/STM32CubeIDE_1.19.0/STM32CubeIDE/plugins/com.st.stm32cube.ide.mcu.externaltools.gnu-tools-for-stm32.13.3.rel1.win32_1.0.0.202411081344/tools/bin/../lib/gcc/arm-none-eabi/13.3.1/../../../../arm-none-eabi/lib/thumb/v7e-m+fp/hard\libc_nano.a(libc_a-findfp.o)
 .text.cleanup_stdio
                0x08010434       0x40 C:/ST/STM32CubeIDE_1.19.0/STM32CubeIDE/plugins/com.st.stm32cube.ide.mcu.externaltools.gnu-tools-for-stm32.13.3.rel1.win32_1.0.0.202411081344/tools/bin/../lib/gcc/arm-none-eabi/13.3.1/../../../../arm-none-eabi/lib/thumb/v7e-m+fp/hard\libc_nano.a(libc_a-findfp.o)
 .text.global_stdio_init.part.0
                0x08010474       0x3c C:/ST/STM32CubeIDE_1.19.0/STM32CubeIDE/plugins/com.st.stm32cube.ide.mcu.externaltools.gnu-tools-for-stm32.13.3.rel1.win32_1.0.0.202411081344/tools/bin/../lib/gcc/arm-none-eabi/13.3.1/../../../../arm-none-eabi/lib/thumb/v7e-m+fp/hard\libc_nano.a(libc_a-findfp.o)
 .text.__sfp_lock_acquire
                0x080104b0        0xc C:/ST/STM32CubeIDE_1.19.0/STM32CubeIDE/plugins/com.st.stm32cube.ide.mcu.externaltools.gnu-tools-for-stm32.13.3.rel1.win32_1.0.0.202411081344/tools/bin/../lib/gcc/arm-none-eabi/13.3.1/../../../../arm-none-eabi/lib/thumb/v7e-m+fp/hard\libc_nano.a(libc_a-findfp.o)
                0x080104b0                __sfp_lock_acquire
 .text.__sfp_lock_release
                0x080104bc        0xc C:/ST/STM32CubeIDE_1.19.0/STM32CubeIDE/plugins/com.st.stm32cube.ide.mcu.externaltools.gnu-tools-for-stm32.13.3.rel1.win32_1.0.0.202411081344/tools/bin/../lib/gcc/arm-none-eabi/13.3.1/../../../../arm-none-eabi/lib/thumb/v7e-m+fp/hard\libc_nano.a(libc_a-findfp.o)
                0x080104bc                __sfp_lock_release
 .text.__sinit  0x080104c8       0x30 C:/ST/STM32CubeIDE_1.19.0/STM32CubeIDE/plugins/com.st.stm32cube.ide.mcu.externaltools.gnu-tools-for-stm32.13.3.rel1.win32_1.0.0.202411081344/tools/bin/../lib/gcc/arm-none-eabi/13.3.1/../../../../arm-none-eabi/lib/thumb/v7e-m+fp/hard\libc_nano.a(libc_a-findfp.o)
                0x080104c8                __sinit
 .text._fwalk_sglue
                0x080104f8       0x3c C:/ST/STM32CubeIDE_1.19.0/STM32CubeIDE/plugins/com.st.stm32cube.ide.mcu.externaltools.gnu-tools-for-stm32.13.3.rel1.win32_1.0.0.202411081344/tools/bin/../lib/gcc/arm-none-eabi/13.3.1/../../../../arm-none-eabi/lib/thumb/v7e-m+fp/hard\libc_nano.a(libc_a-fwalk.o)
                0x080104f8                _fwalk_sglue
 .text.snprintf
                0x08010534       0x6c C:/ST/STM32CubeIDE_1.19.0/STM32CubeIDE/plugins/com.st.stm32cube.ide.mcu.externaltools.gnu-tools-for-stm32.13.3.rel1.win32_1.0.0.202411081344/tools/bin/../lib/gcc/arm-none-eabi/13.3.1/../../../../arm-none-eabi/lib/thumb/v7e-m+fp/hard\libc_nano.a(libc_a-snprintf.o)
                0x08010534                sniprintf
                0x08010534                snprintf
 .text.__sread  0x080105a0       0x22 C:/ST/STM32CubeIDE_1.19.0/STM32CubeIDE/plugins/com.st.stm32cube.ide.mcu.externaltools.gnu-tools-for-stm32.13.3.rel1.win32_1.0.0.202411081344/tools/bin/../lib/gcc/arm-none-eabi/13.3.1/../../../../arm-none-eabi/lib/thumb/v7e-m+fp/hard\libc_nano.a(libc_a-stdio.o)
                0x080105a0                __sread
 .text.__swrite
                0x080105c2       0x38 C:/ST/STM32CubeIDE_1.19.0/STM32CubeIDE/plugins/com.st.stm32cube.ide.mcu.externaltools.gnu-tools-for-stm32.13.3.rel1.win32_1.0.0.202411081344/tools/bin/../lib/gcc/arm-none-eabi/13.3.1/../../../../arm-none-eabi/lib/thumb/v7e-m+fp/hard\libc_nano.a(libc_a-stdio.o)
                0x080105c2                __swrite
 .text.__sseek  0x080105fa       0x24 C:/ST/STM32CubeIDE_1.19.0/STM32CubeIDE/plugins/com.st.stm32cube.ide.mcu.externaltools.gnu-tools-for-stm32.13.3.rel1.win32_1.0.0.202411081344/tools/bin/../lib/gcc/arm-none-eabi/13.3.1/../../../../arm-none-eabi/lib/thumb/v7e-m+fp/hard\libc_nano.a(libc_a-stdio.o)
                0x080105fa                __sseek
 .text.__sclose
                0x0801061e        0x8 C:/ST/STM32CubeIDE_1.19.0/STM32CubeIDE/plugins/com.st.stm32cube.ide.mcu.externaltools.gnu-tools-for-stm32.13.3.rel1.win32_1.0.0.202411081344/tools/bin/../lib/gcc/arm-none-eabi/13.3.1/../../../../arm-none-eabi/lib/thumb/v7e-m+fp/hard\libc_nano.a(libc_a-stdio.o)
                0x0801061e                __sclose
 .text.memset   0x08010626       0x10 C:/ST/STM32CubeIDE_1.19.0/STM32CubeIDE/plugins/com.st.stm32cube.ide.mcu.externaltools.gnu-tools-for-stm32.13.3.rel1.win32_1.0.0.202411081344/tools/bin/../lib/gcc/arm-none-eabi/13.3.1/../../../../arm-none-eabi/lib/thumb/v7e-m+fp/hard\libc_nano.a(libc_a-memset.o)
                0x08010626                memset
 .text.strncmp  0x08010636       0x24 C:/ST/STM32CubeIDE_1.19.0/STM32CubeIDE/plugins/com.st.stm32cube.ide.mcu.externaltools.gnu-tools-for-stm32.13.3.rel1.win32_1.0.0.202411081344/tools/bin/../lib/gcc/arm-none-eabi/13.3.1/../../../../arm-none-eabi/lib/thumb/v7e-m+fp/hard\libc_nano.a(libc_a-strncmp.o)
                0x08010636                strncmp
 *fill*         0x0801065a        0x2 
 .text.strtok   0x0801065c       0x68 C:/ST/STM32CubeIDE_1.19.0/STM32CubeIDE/plugins/com.st.stm32cube.ide.mcu.externaltools.gnu-tools-for-stm32.13.3.rel1.win32_1.0.0.202411081344/tools/bin/../lib/gcc/arm-none-eabi/13.3.1/../../../../arm-none-eabi/lib/thumb/v7e-m+fp/hard\libc_nano.a(libc_a-strtok.o)
                0x0801065c                strtok
 .text.__strtok_r
                0x080106c4       0x50 C:/ST/STM32CubeIDE_1.19.0/STM32CubeIDE/plugins/com.st.stm32cube.ide.mcu.externaltools.gnu-tools-for-stm32.13.3.rel1.win32_1.0.0.202411081344/tools/bin/../lib/gcc/arm-none-eabi/13.3.1/../../../../arm-none-eabi/lib/thumb/v7e-m+fp/hard\libc_nano.a(libc_a-strtok_r.o)
                0x080106c4                __strtok_r
 .text._close_r
                0x08010714       0x20 C:/ST/STM32CubeIDE_1.19.0/STM32CubeIDE/plugins/com.st.stm32cube.ide.mcu.externaltools.gnu-tools-for-stm32.13.3.rel1.win32_1.0.0.202411081344/tools/bin/../lib/gcc/arm-none-eabi/13.3.1/../../../../arm-none-eabi/lib/thumb/v7e-m+fp/hard\libc_nano.a(libc_a-closer.o)
                0x08010714                _close_r
 .text._lseek_r
                0x08010734       0x24 C:/ST/STM32CubeIDE_1.19.0/STM32CubeIDE/plugins/com.st.stm32cube.ide.mcu.externaltools.gnu-tools-for-stm32.13.3.rel1.win32_1.0.0.202411081344/tools/bin/../lib/gcc/arm-none-eabi/13.3.1/../../../../arm-none-eabi/lib/thumb/v7e-m+fp/hard\libc_nano.a(libc_a-lseekr.o)
                0x08010734                _lseek_r
 .text._read_r  0x08010758       0x24 C:/ST/STM32CubeIDE_1.19.0/STM32CubeIDE/plugins/com.st.stm32cube.ide.mcu.externaltools.gnu-tools-for-stm32.13.3.rel1.win32_1.0.0.202411081344/tools/bin/../lib/gcc/arm-none-eabi/13.3.1/../../../../arm-none-eabi/lib/thumb/v7e-m+fp/hard\libc_nano.a(libc_a-readr.o)
                0x08010758                _read_r
 .text._write_r
                0x0801077c       0x24 C:/ST/STM32CubeIDE_1.19.0/STM32CubeIDE/plugins/com.st.stm32cube.ide.mcu.externaltools.gnu-tools-for-stm32.13.3.rel1.win32_1.0.0.202411081344/tools/bin/../lib/gcc/arm-none-eabi/13.3.1/../../../../arm-none-eabi/lib/thumb/v7e-m+fp/hard\libc_nano.a(libc_a-writer.o)
                0x0801077c                _write_r
 .text.__errno  0x080107a0        0xc C:/ST/STM32CubeIDE_1.19.0/STM32CubeIDE/plugins/com.st.stm32cube.ide.mcu.externaltools.gnu-tools-for-stm32.13.3.rel1.win32_1.0.0.202411081344/tools/bin/../lib/gcc/arm-none-eabi/13.3.1/../../../../arm-none-eabi/lib/thumb/v7e-m+fp/hard\libc_nano.a(libc_a-errno.o)
                0x080107a0                __errno
 .text.__libc_init_array
                0x080107ac       0x48 C:/ST/STM32CubeIDE_1.19.0/STM32CubeIDE/plugins/com.st.stm32cube.ide.mcu.externaltools.gnu-tools-for-stm32.13.3.rel1.win32_1.0.0.202411081344/tools/bin/../lib/gcc/arm-none-eabi/13.3.1/../../../../arm-none-eabi/lib/thumb/v7e-m+fp/hard\libc_nano.a(libc_a-init.o)
                0x080107ac                __libc_init_array
 .text.__retarget_lock_init_recursive
                0x080107f4        0x2 C:/ST/STM32CubeIDE_1.19.0/STM32CubeIDE/plugins/com.st.stm32cube.ide.mcu.externaltools.gnu-tools-for-stm32.13.3.rel1.win32_1.0.0.202411081344/tools/bin/../lib/gcc/arm-none-eabi/13.3.1/../../../../arm-none-eabi/lib/thumb/v7e-m+fp/hard\libc_nano.a(libc_a-lock.o)
                0x080107f4                __retarget_lock_init_recursive
 .text.__retarget_lock_acquire_recursive
                0x080107f6        0x2 C:/ST/STM32CubeIDE_1.19.0/STM32CubeIDE/plugins/com.st.stm32cube.ide.mcu.externaltools.gnu-tools-for-stm32.13.3.rel1.win32_1.0.0.202411081344/tools/bin/../lib/gcc/arm-none-eabi/13.3.1/../../../../arm-none-eabi/lib/thumb/v7e-m+fp/hard\libc_nano.a(libc_a-lock.o)
                0x080107f6                __retarget_lock_acquire_recursive
 .text.__retarget_lock_release_recursive
                0x080107f8        0x2 C:/ST/STM32CubeIDE_1.19.0/STM32CubeIDE/plugins/com.st.stm32cube.ide.mcu.externaltools.gnu-tools-for-stm32.13.3.rel1.win32_1.0.0.202411081344/tools/bin/../lib/gcc/arm-none-eabi/13.3.1/../../../../arm-none-eabi/lib/thumb/v7e-m+fp/hard\libc_nano.a(libc_a-lock.o)
                0x080107f8                __retarget_lock_release_recursive
 .text.memcpy   0x080107fa       0x1c C:/ST/STM32CubeIDE_1.19.0/STM32CubeIDE/plugins/com.st.stm32cube.ide.mcu.externaltools.gnu-tools-for-stm32.13.3.rel1.win32_1.0.0.202411081344/tools/bin/../lib/gcc/arm-none-eabi/13.3.1/../../../../arm-none-eabi/lib/thumb/v7e-m+fp/hard\libc_nano.a(libc_a-memcpy-stub.o)
                0x080107fa                memcpy
 *fill*         0x08010816        0x2 
 .text.nan      0x08010818       0x10 C:/ST/STM32CubeIDE_1.19.0/STM32CubeIDE/plugins/com.st.stm32cube.ide.mcu.externaltools.gnu-tools-for-stm32.13.3.rel1.win32_1.0.0.202411081344/tools/bin/../lib/gcc/arm-none-eabi/13.3.1/../../../../arm-none-eabi/lib/thumb/v7e-m+fp/hard\libc_nano.a(libm_a-s_nan.o)
                0x08010818                nan
 .text.nanf     0x08010828        0xc C:/ST/STM32CubeIDE_1.19.0/STM32CubeIDE/plugins/com.st.stm32cube.ide.mcu.externaltools.gnu-tools-for-stm32.13.3.rel1.win32_1.0.0.202411081344/tools/bin/../lib/gcc/arm-none-eabi/13.3.1/../../../../arm-none-eabi/lib/thumb/v7e-m+fp/hard\libc_nano.a(libm_a-sf_nan.o)
                0x08010828                nanf
 .text.__assert_func
                0x08010834       0x3c C:/ST/STM32CubeIDE_1.19.0/STM32CubeIDE/plugins/com.st.stm32cube.ide.mcu.externaltools.gnu-tools-for-stm32.13.3.rel1.win32_1.0.0.202411081344/tools/bin/../lib/gcc/arm-none-eabi/13.3.1/../../../../arm-none-eabi/lib/thumb/v7e-m+fp/hard\libc_nano.a(libc_a-assert.o)
                0x08010834                __assert_func
 .text._free_r  0x08010870       0x94 C:/ST/STM32CubeIDE_1.19.0/STM32CubeIDE/plugins/com.st.stm32cube.ide.mcu.externaltools.gnu-tools-for-stm32.13.3.rel1.win32_1.0.0.202411081344/tools/bin/../lib/gcc/arm-none-eabi/13.3.1/../../../../arm-none-eabi/lib/thumb/v7e-m+fp/hard\libc_nano.a(libc_a-freer.o)
                0x08010870                _free_r
 .text.rshift   0x08010904       0xa4 C:/ST/STM32CubeIDE_1.19.0/STM32CubeIDE/plugins/com.st.stm32cube.ide.mcu.externaltools.gnu-tools-for-stm32.13.3.rel1.win32_1.0.0.202411081344/tools/bin/../lib/gcc/arm-none-eabi/13.3.1/../../../../arm-none-eabi/lib/thumb/v7e-m+fp/hard\libc_nano.a(libc_a-gdtoa-gethex.o)
 .text.__hexdig_fun
                0x080109a8       0x2a C:/ST/STM32CubeIDE_1.19.0/STM32CubeIDE/plugins/com.st.stm32cube.ide.mcu.externaltools.gnu-tools-for-stm32.13.3.rel1.win32_1.0.0.202411081344/tools/bin/../lib/gcc/arm-none-eabi/13.3.1/../../../../arm-none-eabi/lib/thumb/v7e-m+fp/hard\libc_nano.a(libc_a-gdtoa-gethex.o)
                0x080109a8                __hexdig_fun
 *fill*         0x080109d2        0x2 
 .text.__gethex
                0x080109d4      0x420 C:/ST/STM32CubeIDE_1.19.0/STM32CubeIDE/plugins/com.st.stm32cube.ide.mcu.externaltools.gnu-tools-for-stm32.13.3.rel1.win32_1.0.0.202411081344/tools/bin/../lib/gcc/arm-none-eabi/13.3.1/../../../../arm-none-eabi/lib/thumb/v7e-m+fp/hard\libc_nano.a(libc_a-gdtoa-gethex.o)
                0x080109d4                __gethex
 .text.L_shift  0x08010df4       0x24 C:/ST/STM32CubeIDE_1.19.0/STM32CubeIDE/plugins/com.st.stm32cube.ide.mcu.externaltools.gnu-tools-for-stm32.13.3.rel1.win32_1.0.0.202411081344/tools/bin/../lib/gcc/arm-none-eabi/13.3.1/../../../../arm-none-eabi/lib/thumb/v7e-m+fp/hard\libc_nano.a(libc_a-gdtoa-hexnan.o)
 .text.__match  0x08010e18       0x28 C:/ST/STM32CubeIDE_1.19.0/STM32CubeIDE/plugins/com.st.stm32cube.ide.mcu.externaltools.gnu-tools-for-stm32.13.3.rel1.win32_1.0.0.202411081344/tools/bin/../lib/gcc/arm-none-eabi/13.3.1/../../../../arm-none-eabi/lib/thumb/v7e-m+fp/hard\libc_nano.a(libc_a-gdtoa-hexnan.o)
                0x08010e18                __match
 .text.__hexnan
                0x08010e40      0x136 C:/ST/STM32CubeIDE_1.19.0/STM32CubeIDE/plugins/com.st.stm32cube.ide.mcu.externaltools.gnu-tools-for-stm32.13.3.rel1.win32_1.0.0.202411081344/tools/bin/../lib/gcc/arm-none-eabi/13.3.1/../../../../arm-none-eabi/lib/thumb/v7e-m+fp/hard\libc_nano.a(libc_a-gdtoa-hexnan.o)
                0x08010e40                __hexnan
 *fill*         0x08010f76        0x2 
 .text.malloc   0x08010f78       0x10 C:/ST/STM32CubeIDE_1.19.0/STM32CubeIDE/plugins/com.st.stm32cube.ide.mcu.externaltools.gnu-tools-for-stm32.13.3.rel1.win32_1.0.0.202411081344/tools/bin/../lib/gcc/arm-none-eabi/13.3.1/../../../../arm-none-eabi/lib/thumb/v7e-m+fp/hard\libc_nano.a(libc_a-malloc.o)
                0x08010f78                malloc
 .text.sbrk_aligned
                0x08010f88       0x44 C:/ST/STM32CubeIDE_1.19.0/STM32CubeIDE/plugins/com.st.stm32cube.ide.mcu.externaltools.gnu-tools-for-stm32.13.3.rel1.win32_1.0.0.202411081344/tools/bin/../lib/gcc/arm-none-eabi/13.3.1/../../../../arm-none-eabi/lib/thumb/v7e-m+fp/hard\libc_nano.a(libc_a-mallocr.o)
 .text._malloc_r
                0x08010fcc      0x100 C:/ST/STM32CubeIDE_1.19.0/STM32CubeIDE/plugins/com.st.stm32cube.ide.mcu.externaltools.gnu-tools-for-stm32.13.3.rel1.win32_1.0.0.202411081344/tools/bin/../lib/gcc/arm-none-eabi/13.3.1/../../../../arm-none-eabi/lib/thumb/v7e-m+fp/hard\libc_nano.a(libc_a-mallocr.o)
                0x08010fcc                _malloc_r
 .text.__ascii_mbtowc
                0x080110cc       0x24 C:/ST/STM32CubeIDE_1.19.0/STM32CubeIDE/plugins/com.st.stm32cube.ide.mcu.externaltools.gnu-tools-for-stm32.13.3.rel1.win32_1.0.0.202411081344/tools/bin/../lib/gcc/arm-none-eabi/13.3.1/../../../../arm-none-eabi/lib/thumb/v7e-m+fp/hard\libc_nano.a(libc_a-mbtowc_r.o)
                0x080110cc                __ascii_mbtowc
 .text.__malloc_lock
                0x080110f0        0xc C:/ST/STM32CubeIDE_1.19.0/STM32CubeIDE/plugins/com.st.stm32cube.ide.mcu.externaltools.gnu-tools-for-stm32.13.3.rel1.win32_1.0.0.202411081344/tools/bin/../lib/gcc/arm-none-eabi/13.3.1/../../../../arm-none-eabi/lib/thumb/v7e-m+fp/hard\libc_nano.a(libc_a-mlock.o)
                0x080110f0                __malloc_lock
 .text.__malloc_unlock
                0x080110fc        0xc C:/ST/STM32CubeIDE_1.19.0/STM32CubeIDE/plugins/com.st.stm32cube.ide.mcu.externaltools.gnu-tools-for-stm32.13.3.rel1.win32_1.0.0.202411081344/tools/bin/../lib/gcc/arm-none-eabi/13.3.1/../../../../arm-none-eabi/lib/thumb/v7e-m+fp/hard\libc_nano.a(libc_a-mlock.o)
                0x080110fc                __malloc_unlock
 .text._Balloc  0x08011108       0x80 C:/ST/STM32CubeIDE_1.19.0/STM32CubeIDE/plugins/com.st.stm32cube.ide.mcu.externaltools.gnu-tools-for-stm32.13.3.rel1.win32_1.0.0.202411081344/tools/bin/../lib/gcc/arm-none-eabi/13.3.1/../../../../arm-none-eabi/lib/thumb/v7e-m+fp/hard\libc_nano.a(libc_a-mprec.o)
                0x08011108                _Balloc
 .text._Bfree   0x08011188       0x44 C:/ST/STM32CubeIDE_1.19.0/STM32CubeIDE/plugins/com.st.stm32cube.ide.mcu.externaltools.gnu-tools-for-stm32.13.3.rel1.win32_1.0.0.202411081344/tools/bin/../lib/gcc/arm-none-eabi/13.3.1/../../../../arm-none-eabi/lib/thumb/v7e-m+fp/hard\libc_nano.a(libc_a-mprec.o)
                0x08011188                _Bfree
 .text.__multadd
                0x080111cc       0x8c C:/ST/STM32CubeIDE_1.19.0/STM32CubeIDE/plugins/com.st.stm32cube.ide.mcu.externaltools.gnu-tools-for-stm32.13.3.rel1.win32_1.0.0.202411081344/tools/bin/../lib/gcc/arm-none-eabi/13.3.1/../../../../arm-none-eabi/lib/thumb/v7e-m+fp/hard\libc_nano.a(libc_a-mprec.o)
                0x080111cc                __multadd
 .text.__s2b    0x08011258       0x94 C:/ST/STM32CubeIDE_1.19.0/STM32CubeIDE/plugins/com.st.stm32cube.ide.mcu.externaltools.gnu-tools-for-stm32.13.3.rel1.win32_1.0.0.202411081344/tools/bin/../lib/gcc/arm-none-eabi/13.3.1/../../../../arm-none-eabi/lib/thumb/v7e-m+fp/hard\libc_nano.a(libc_a-mprec.o)
                0x08011258                __s2b
 .text.__hi0bits
                0x080112ec       0x3e C:/ST/STM32CubeIDE_1.19.0/STM32CubeIDE/plugins/com.st.stm32cube.ide.mcu.externaltools.gnu-tools-for-stm32.13.3.rel1.win32_1.0.0.202411081344/tools/bin/../lib/gcc/arm-none-eabi/13.3.1/../../../../arm-none-eabi/lib/thumb/v7e-m+fp/hard\libc_nano.a(libc_a-mprec.o)
                0x080112ec                __hi0bits
 .text.__lo0bits
                0x0801132a       0x5a C:/ST/STM32CubeIDE_1.19.0/STM32CubeIDE/plugins/com.st.stm32cube.ide.mcu.externaltools.gnu-tools-for-stm32.13.3.rel1.win32_1.0.0.202411081344/tools/bin/../lib/gcc/arm-none-eabi/13.3.1/../../../../arm-none-eabi/lib/thumb/v7e-m+fp/hard\libc_nano.a(libc_a-mprec.o)
                0x0801132a                __lo0bits
 .text.__i2b    0x08011384       0x2c C:/ST/STM32CubeIDE_1.19.0/STM32CubeIDE/plugins/com.st.stm32cube.ide.mcu.externaltools.gnu-tools-for-stm32.13.3.rel1.win32_1.0.0.202411081344/tools/bin/../lib/gcc/arm-none-eabi/13.3.1/../../../../arm-none-eabi/lib/thumb/v7e-m+fp/hard\libc_nano.a(libc_a-mprec.o)
                0x08011384                __i2b
 .text.__multiply
                0x080113b0      0x144 C:/ST/STM32CubeIDE_1.19.0/STM32CubeIDE/plugins/com.st.stm32cube.ide.mcu.externaltools.gnu-tools-for-stm32.13.3.rel1.win32_1.0.0.202411081344/tools/bin/../lib/gcc/arm-none-eabi/13.3.1/../../../../arm-none-eabi/lib/thumb/v7e-m+fp/hard\libc_nano.a(libc_a-mprec.o)
                0x080113b0                __multiply
 .text.__pow5mult
                0x080114f4       0xb4 C:/ST/STM32CubeIDE_1.19.0/STM32CubeIDE/plugins/com.st.stm32cube.ide.mcu.externaltools.gnu-tools-for-stm32.13.3.rel1.win32_1.0.0.202411081344/tools/bin/../lib/gcc/arm-none-eabi/13.3.1/../../../../arm-none-eabi/lib/thumb/v7e-m+fp/hard\libc_nano.a(libc_a-mprec.o)
                0x080114f4                __pow5mult
 .text.__lshift
                0x080115a8       0xd8 C:/ST/STM32CubeIDE_1.19.0/STM32CubeIDE/plugins/com.st.stm32cube.ide.mcu.externaltools.gnu-tools-for-stm32.13.3.rel1.win32_1.0.0.202411081344/tools/bin/../lib/gcc/arm-none-eabi/13.3.1/../../../../arm-none-eabi/lib/thumb/v7e-m+fp/hard\libc_nano.a(libc_a-mprec.o)
                0x080115a8                __lshift
 .text.__mcmp   0x08011680       0x36 C:/ST/STM32CubeIDE_1.19.0/STM32CubeIDE/plugins/com.st.stm32cube.ide.mcu.externaltools.gnu-tools-for-stm32.13.3.rel1.win32_1.0.0.202411081344/tools/bin/../lib/gcc/arm-none-eabi/13.3.1/../../../../arm-none-eabi/lib/thumb/v7e-m+fp/hard\libc_nano.a(libc_a-mprec.o)
                0x08011680                __mcmp
 *fill*         0x080116b6        0x2 
 .text.__mdiff  0x080116b8      0x128 C:/ST/STM32CubeIDE_1.19.0/STM32CubeIDE/plugins/com.st.stm32cube.ide.mcu.externaltools.gnu-tools-for-stm32.13.3.rel1.win32_1.0.0.202411081344/tools/bin/../lib/gcc/arm-none-eabi/13.3.1/../../../../arm-none-eabi/lib/thumb/v7e-m+fp/hard\libc_nano.a(libc_a-mprec.o)
                0x080116b8                __mdiff
 .text.__ulp    0x080117e0       0x4c C:/ST/STM32CubeIDE_1.19.0/STM32CubeIDE/plugins/com.st.stm32cube.ide.mcu.externaltools.gnu-tools-for-stm32.13.3.rel1.win32_1.0.0.202411081344/tools/bin/../lib/gcc/arm-none-eabi/13.3.1/../../../../arm-none-eabi/lib/thumb/v7e-m+fp/hard\libc_nano.a(libc_a-mprec.o)
                0x080117e0                __ulp
 .text.__b2d    0x0801182c       0x94 C:/ST/STM32CubeIDE_1.19.0/STM32CubeIDE/plugins/com.st.stm32cube.ide.mcu.externaltools.gnu-tools-for-stm32.13.3.rel1.win32_1.0.0.202411081344/tools/bin/../lib/gcc/arm-none-eabi/13.3.1/../../../../arm-none-eabi/lib/thumb/v7e-m+fp/hard\libc_nano.a(libc_a-mprec.o)
                0x0801182c                __b2d
 .text.__d2b    0x080118c0       0xb0 C:/ST/STM32CubeIDE_1.19.0/STM32CubeIDE/plugins/com.st.stm32cube.ide.mcu.externaltools.gnu-tools-for-stm32.13.3.rel1.win32_1.0.0.202411081344/tools/bin/../lib/gcc/arm-none-eabi/13.3.1/../../../../arm-none-eabi/lib/thumb/v7e-m+fp/hard\libc_nano.a(libc_a-mprec.o)
                0x080118c0                __d2b
 .text.__ratio  0x08011970       0x64 C:/ST/STM32CubeIDE_1.19.0/STM32CubeIDE/plugins/com.st.stm32cube.ide.mcu.externaltools.gnu-tools-for-stm32.13.3.rel1.win32_1.0.0.202411081344/tools/bin/../lib/gcc/arm-none-eabi/13.3.1/../../../../arm-none-eabi/lib/thumb/v7e-m+fp/hard\libc_nano.a(libc_a-mprec.o)
                0x08011970                __ratio
 .text.__copybits
                0x080119d4       0x46 C:/ST/STM32CubeIDE_1.19.0/STM32CubeIDE/plugins/com.st.stm32cube.ide.mcu.externaltools.gnu-tools-for-stm32.13.3.rel1.win32_1.0.0.202411081344/tools/bin/../lib/gcc/arm-none-eabi/13.3.1/../../../../arm-none-eabi/lib/thumb/v7e-m+fp/hard\libc_nano.a(libc_a-mprec.o)
                0x080119d4                __copybits
 .text.__any_on
                0x08011a1a       0x42 C:/ST/STM32CubeIDE_1.19.0/STM32CubeIDE/plugins/com.st.stm32cube.ide.mcu.externaltools.gnu-tools-for-stm32.13.3.rel1.win32_1.0.0.202411081344/tools/bin/../lib/gcc/arm-none-eabi/13.3.1/../../../../arm-none-eabi/lib/thumb/v7e-m+fp/hard\libc_nano.a(libc_a-mprec.o)
                0x08011a1a                __any_on
 .text.__ascii_wctomb
                0x08011a5c       0x1a C:/ST/STM32CubeIDE_1.19.0/STM32CubeIDE/plugins/com.st.stm32cube.ide.mcu.externaltools.gnu-tools-for-stm32.13.3.rel1.win32_1.0.0.202411081344/tools/bin/../lib/gcc/arm-none-eabi/13.3.1/../../../../arm-none-eabi/lib/thumb/v7e-m+fp/hard\libc_nano.a(libc_a-wctomb_r.o)
                0x08011a5c                __ascii_wctomb
 .text.__ssputs_r
                0x08011a76       0xb6 C:/ST/STM32CubeIDE_1.19.0/STM32CubeIDE/plugins/com.st.stm32cube.ide.mcu.externaltools.gnu-tools-for-stm32.13.3.rel1.win32_1.0.0.202411081344/tools/bin/../lib/gcc/arm-none-eabi/13.3.1/../../../../arm-none-eabi/lib/thumb/v7e-m+fp/hard\libc_nano.a(libc_a-nano-svfprintf.o)
                0x08011a76                __ssputs_r
 .text._svfprintf_r
                0x08011b2c      0x1f8 C:/ST/STM32CubeIDE_1.19.0/STM32CubeIDE/plugins/com.st.stm32cube.ide.mcu.externaltools.gnu-tools-for-stm32.13.3.rel1.win32_1.0.0.202411081344/tools/bin/../lib/gcc/arm-none-eabi/13.3.1/../../../../arm-none-eabi/lib/thumb/v7e-m+fp/hard\libc_nano.a(libc_a-nano-svfprintf.o)
                0x08011b2c                _svfiprintf_r
                0x08011b2c                _svfprintf_r
 .text._printf_common
                0x08011d24       0xda C:/ST/STM32CubeIDE_1.19.0/STM32CubeIDE/plugins/com.st.stm32cube.ide.mcu.externaltools.gnu-tools-for-stm32.13.3.rel1.win32_1.0.0.202411081344/tools/bin/../lib/gcc/arm-none-eabi/13.3.1/../../../../arm-none-eabi/lib/thumb/v7e-m+fp/hard\libc_nano.a(libc_a-nano-vfprintf_i.o)
                0x08011d24                _printf_common
 *fill*         0x08011dfe        0x2 
 .text._printf_i
                0x08011e00      0x23c C:/ST/STM32CubeIDE_1.19.0/STM32CubeIDE/plugins/com.st.stm32cube.ide.mcu.externaltools.gnu-tools-for-stm32.13.3.rel1.win32_1.0.0.202411081344/tools/bin/../lib/gcc/arm-none-eabi/13.3.1/../../../../arm-none-eabi/lib/thumb/v7e-m+fp/hard\libc_nano.a(libc_a-nano-vfprintf_i.o)
                0x08011e00                _printf_i
 .text.__sflush_r
                0x0801203c      0x108 C:/ST/STM32CubeIDE_1.19.0/STM32CubeIDE/plugins/com.st.stm32cube.ide.mcu.externaltools.gnu-tools-for-stm32.13.3.rel1.win32_1.0.0.202411081344/tools/bin/../lib/gcc/arm-none-eabi/13.3.1/../../../../arm-none-eabi/lib/thumb/v7e-m+fp/hard\libc_nano.a(libc_a-fflush.o)
                0x0801203c                __sflush_r
 .text._fflush_r
                0x08012144       0x50 C:/ST/STM32CubeIDE_1.19.0/STM32CubeIDE/plugins/com.st.stm32cube.ide.mcu.externaltools.gnu-tools-for-stm32.13.3.rel1.win32_1.0.0.202411081344/tools/bin/../lib/gcc/arm-none-eabi/13.3.1/../../../../arm-none-eabi/lib/thumb/v7e-m+fp/hard\libc_nano.a(libc_a-fflush.o)
                0x08012144                _fflush_r
 .text.fprintf  0x08012194       0x24 C:/ST/STM32CubeIDE_1.19.0/STM32CubeIDE/plugins/com.st.stm32cube.ide.mcu.externaltools.gnu-tools-for-stm32.13.3.rel1.win32_1.0.0.202411081344/tools/bin/../lib/gcc/arm-none-eabi/13.3.1/../../../../arm-none-eabi/lib/thumb/v7e-m+fp/hard\libc_nano.a(libc_a-fprintf.o)
                0x08012194                fiprintf
                0x08012194                fprintf
 .text.memmove  0x080121b8       0x34 C:/ST/STM32CubeIDE_1.19.0/STM32CubeIDE/plugins/com.st.stm32cube.ide.mcu.externaltools.gnu-tools-for-stm32.13.3.rel1.win32_1.0.0.202411081344/tools/bin/../lib/gcc/arm-none-eabi/13.3.1/../../../../arm-none-eabi/lib/thumb/v7e-m+fp/hard\libc_nano.a(libc_a-memmove.o)
                0x080121b8                memmove
 .text._sbrk_r  0x080121ec       0x20 C:/ST/STM32CubeIDE_1.19.0/STM32CubeIDE/plugins/com.st.stm32cube.ide.mcu.externaltools.gnu-tools-for-stm32.13.3.rel1.win32_1.0.0.202411081344/tools/bin/../lib/gcc/arm-none-eabi/13.3.1/../../../../arm-none-eabi/lib/thumb/v7e-m+fp/hard\libc_nano.a(libc_a-sbrkr.o)
                0x080121ec                _sbrk_r
 .text.abort    0x0801220c        0xe C:/ST/STM32CubeIDE_1.19.0/STM32CubeIDE/plugins/com.st.stm32cube.ide.mcu.externaltools.gnu-tools-for-stm32.13.3.rel1.win32_1.0.0.202411081344/tools/bin/../lib/gcc/arm-none-eabi/13.3.1/../../../../arm-none-eabi/lib/thumb/v7e-m+fp/hard\libc_nano.a(libc_a-abort.o)
                0x0801220c                abort
 .text._calloc_r
                0x0801221a       0x28 C:/ST/STM32CubeIDE_1.19.0/STM32CubeIDE/plugins/com.st.stm32cube.ide.mcu.externaltools.gnu-tools-for-stm32.13.3.rel1.win32_1.0.0.202411081344/tools/bin/../lib/gcc/arm-none-eabi/13.3.1/../../../../arm-none-eabi/lib/thumb/v7e-m+fp/hard\libc_nano.a(libc_a-callocr.o)
                0x0801221a                _calloc_r
 .text._realloc_r
                0x08012242       0x5c C:/ST/STM32CubeIDE_1.19.0/STM32CubeIDE/plugins/com.st.stm32cube.ide.mcu.externaltools.gnu-tools-for-stm32.13.3.rel1.win32_1.0.0.202411081344/tools/bin/../lib/gcc/arm-none-eabi/13.3.1/../../../../arm-none-eabi/lib/thumb/v7e-m+fp/hard\libc_nano.a(libc_a-reallocr.o)
                0x08012242                _realloc_r
 .text.__sfputc_r
                0x0801229e       0x2e C:/ST/STM32CubeIDE_1.19.0/STM32CubeIDE/plugins/com.st.stm32cube.ide.mcu.externaltools.gnu-tools-for-stm32.13.3.rel1.win32_1.0.0.202411081344/tools/bin/../lib/gcc/arm-none-eabi/13.3.1/../../../../arm-none-eabi/lib/thumb/v7e-m+fp/hard\libc_nano.a(libc_a-nano-vfprintf.o)
 .text.__sfputs_r
                0x080122cc       0x24 C:/ST/STM32CubeIDE_1.19.0/STM32CubeIDE/plugins/com.st.stm32cube.ide.mcu.externaltools.gnu-tools-for-stm32.13.3.rel1.win32_1.0.0.202411081344/tools/bin/../lib/gcc/arm-none-eabi/13.3.1/../../../../arm-none-eabi/lib/thumb/v7e-m+fp/hard\libc_nano.a(libc_a-nano-vfprintf.o)
                0x080122cc                __sfputs_r
 .text._vfprintf_r
                0x080122f0      0x230 C:/ST/STM32CubeIDE_1.19.0/STM32CubeIDE/plugins/com.st.stm32cube.ide.mcu.externaltools.gnu-tools-for-stm32.13.3.rel1.win32_1.0.0.202411081344/tools/bin/../lib/gcc/arm-none-eabi/13.3.1/../../../../arm-none-eabi/lib/thumb/v7e-m+fp/hard\libc_nano.a(libc_a-nano-vfprintf.o)
                0x080122f0                _vfprintf_r
                0x080122f0                _vfiprintf_r
 .text.__swbuf_r
                0x08012520       0x7c C:/ST/STM32CubeIDE_1.19.0/STM32CubeIDE/plugins/com.st.stm32cube.ide.mcu.externaltools.gnu-tools-for-stm32.13.3.rel1.win32_1.0.0.202411081344/tools/bin/../lib/gcc/arm-none-eabi/13.3.1/../../../../arm-none-eabi/lib/thumb/v7e-m+fp/hard\libc_nano.a(libc_a-wbuf.o)
                0x08012520                __swbuf_r
 .text.__swsetup_r
                0x0801259c       0xac C:/ST/STM32CubeIDE_1.19.0/STM32CubeIDE/plugins/com.st.stm32cube.ide.mcu.externaltools.gnu-tools-for-stm32.13.3.rel1.win32_1.0.0.202411081344/tools/bin/../lib/gcc/arm-none-eabi/13.3.1/../../../../arm-none-eabi/lib/thumb/v7e-m+fp/hard\libc_nano.a(libc_a-wsetup.o)
                0x0801259c                __swsetup_r
 .text._raise_r
                0x08012648       0x50 C:/ST/STM32CubeIDE_1.19.0/STM32CubeIDE/plugins/com.st.stm32cube.ide.mcu.externaltools.gnu-tools-for-stm32.13.3.rel1.win32_1.0.0.202411081344/tools/bin/../lib/gcc/arm-none-eabi/13.3.1/../../../../arm-none-eabi/lib/thumb/v7e-m+fp/hard\libc_nano.a(libc_a-signal.o)
                0x08012648                _raise_r