Archive member included to satisfy reference by file (symbol)

C:/ST/STM32CubeIDE_1.19.0/STM32CubeIDE/plugins/com.st.stm32cube.ide.mcu.externaltools.gnu-tools-for-stm32.13.3.rel1.win32_1.0.0.202411081344/tools/bin/../lib/gcc/arm-none-eabi/13.3.1/../../../../arm-none-eabi/lib/thumb/v7e-m+fp/hard\libc_nano.a(libc_a-exit.o)
                              C:/ST/STM32CubeIDE_1.19.0/STM32CubeIDE/plugins/com.st.stm32cube.ide.mcu.externaltools.gnu-tools-for-stm32.13.3.rel1.win32_1.0.0.202411081344/tools/bin/../lib/gcc/arm-none-eabi/13.3.1/../../../../arm-none-eabi/lib/thumb/v7e-m+fp/hard/crt0.o (exit)
C:/ST/STM32CubeIDE_1.19.0/STM32CubeIDE/plugins/com.st.stm32cube.ide.mcu.externaltools.gnu-tools-for-stm32.13.3.rel1.win32_1.0.0.202411081344/tools/bin/../lib/gcc/arm-none-eabi/13.3.1/../../../../arm-none-eabi/lib/thumb/v7e-m+fp/hard\libc_nano.a(libc_a-strtod.o)
                              ./Core/Src/SimpleParser.o (strtof)
C:/ST/STM32CubeIDE_1.19.0/STM32CubeIDE/plugins/com.st.stm32cube.ide.mcu.externaltools.gnu-tools-for-stm32.13.3.rel1.win32_1.0.0.202411081344/tools/bin/../lib/gcc/arm-none-eabi/13.3.1/../../../../arm-none-eabi/lib/thumb/v7e-m+fp/hard\libc_nano.a(libc_a-nano-vfprintf_float.o)
                              (_printf_float)
C:/ST/STM32CubeIDE_1.19.0/STM32CubeIDE/plugins/com.st.stm32cube.ide.mcu.externaltools.gnu-tools-for-stm32.13.3.rel1.win32_1.0.0.202411081344/tools/bin/../lib/gcc/arm-none-eabi/13.3.1/../../../../arm-none-eabi/lib/thumb/v7e-m+fp/hard\libc_nano.a(libc_a-nano-vfprintf_i.o)
                              C:/ST/STM32CubeIDE_1.19.0/STM32CubeIDE/plugins/com.st.stm32cube.ide.mcu.externaltools.gnu-tools-for-stm32.13.3.rel1.win32_1.0.0.202411081344/tools/bin/../lib/gcc/arm-none-eabi/13.3.1/../../../../arm-none-eabi/lib/thumb/v7e-m+fp/hard\libc_nano.a(libc_a-nano-vfprintf_float.o) (_printf_common)
C:/ST/STM32CubeIDE_1.19.0/STM32CubeIDE/plugins/com.st.stm32cube.ide.mcu.externaltools.gnu-tools-for-stm32.13.3.rel1.win32_1.0.0.202411081344/tools/bin/../lib/gcc/arm-none-eabi/13.3.1/../../../../arm-none-eabi/lib/thumb/v7e-m+fp/hard\libc_nano.a(libc_a-findfp.o)
                              C:/ST/STM32CubeIDE_1.19.0/STM32CubeIDE/plugins/com.st.stm32cube.ide.mcu.externaltools.gnu-tools-for-stm32.13.3.rel1.win32_1.0.0.202411081344/tools/bin/../lib/gcc/arm-none-eabi/13.3.1/../../../../arm-none-eabi/lib/thumb/v7e-m+fp/hard\libc_nano.a(libc_a-exit.o) (__stdio_exit_handler)
C:/ST/STM32CubeIDE_1.19.0/STM32CubeIDE/plugins/com.st.stm32cube.ide.mcu.externaltools.gnu-tools-for-stm32.13.3.rel1.win32_1.0.0.202411081344/tools/bin/../lib/gcc/arm-none-eabi/13.3.1/../../../../arm-none-eabi/lib/thumb/v7e-m+fp/hard\libc_nano.a(libc_a-fwalk.o)
                              C:/ST/STM32CubeIDE_1.19.0/STM32CubeIDE/plugins/com.st.stm32cube.ide.mcu.externaltools.gnu-tools-for-stm32.13.3.rel1.win32_1.0.0.202411081344/tools/bin/../lib/gcc/arm-none-eabi/13.3.1/../../../../arm-none-eabi/lib/thumb/v7e-m+fp/hard\libc_nano.a(libc_a-findfp.o) (_fwalk_sglue)
C:/ST/STM32CubeIDE_1.19.0/STM32CubeIDE/plugins/com.st.stm32cube.ide.mcu.externaltools.gnu-tools-for-stm32.13.3.rel1.win32_1.0.0.202411081344/tools/bin/../lib/gcc/arm-none-eabi/13.3.1/../../../../arm-none-eabi/lib/thumb/v7e-m+fp/hard\libc_nano.a(libc_a-snprintf.o)
                              ./Core/Src/SimpleParser.o (snprintf)
C:/ST/STM32CubeIDE_1.19.0/STM32CubeIDE/plugins/com.st.stm32cube.ide.mcu.externaltools.gnu-tools-for-stm32.13.3.rel1.win32_1.0.0.202411081344/tools/bin/../lib/gcc/arm-none-eabi/13.3.1/../../../../arm-none-eabi/lib/thumb/v7e-m+fp/hard\libc_nano.a(libc_a-stdio.o)
                              C:/ST/STM32CubeIDE_1.19.0/STM32CubeIDE/plugins/com.st.stm32cube.ide.mcu.externaltools.gnu-tools-for-stm32.13.3.rel1.win32_1.0.0.202411081344/tools/bin/../lib/gcc/arm-none-eabi/13.3.1/../../../../arm-none-eabi/lib/thumb/v7e-m+fp/hard\libc_nano.a(libc_a-findfp.o) (__sread)
C:/ST/STM32CubeIDE_1.19.0/STM32CubeIDE/plugins/com.st.stm32cube.ide.mcu.externaltools.gnu-tools-for-stm32.13.3.rel1.win32_1.0.0.202411081344/tools/bin/../lib/gcc/arm-none-eabi/13.3.1/../../../../arm-none-eabi/lib/thumb/v7e-m+fp/hard\libc_nano.a(libc_a-memmove.o)
                              ./Core/Src/SimpleParser.o (memmove)
C:/ST/STM32CubeIDE_1.19.0/STM32CubeIDE/plugins/com.st.stm32cube.ide.mcu.externaltools.gnu-tools-for-stm32.13.3.rel1.win32_1.0.0.202411081344/tools/bin/../lib/gcc/arm-none-eabi/13.3.1/../../../../arm-none-eabi/lib/thumb/v7e-m+fp/hard\libc_nano.a(libc_a-memset.o)
                              C:/ST/STM32CubeIDE_1.19.0/STM32CubeIDE/plugins/com.st.stm32cube.ide.mcu.externaltools.gnu-tools-for-stm32.13.3.rel1.win32_1.0.0.202411081344/tools/bin/../lib/gcc/arm-none-eabi/13.3.1/../../../../arm-none-eabi/lib/thumb/v7e-m+fp/hard/crt0.o (memset)
[...]
Memory Configuration

Name             Origin             Length             Attributes
RAM              0x20000000         0x00020000         xrw
FLASH            0x08000000         0x00080000         xr
*default*        0x00000000         0xffffffff

Linker script and memory map

LOAD C:/ST/STM32CubeIDE_1.19.0/STM32CubeIDE/plugins/com.st.stm32cube.ide.mcu.externaltools.gnu-tools-for-stm32.13.3.rel1.win32_1.0.0.202411081344/tools/bin/../lib/gcc/arm-none-eabi/13.3.1/thumb/v7e-m+fp/hard/crti.o
LOAD C:/ST/STM32CubeIDE_1.19.0/STM32CubeIDE/plugins/com.st.stm32cube.ide.mcu.externaltools.gnu-tools-for-stm32.13.3.rel1.win32_1.0.0.202411081344/tools/bin/../lib/gcc/arm-none-eabi/13.3.1/thumb/v7e-m+fp/hard/crtbegin.o
LOAD C:/ST/STM32CubeIDE_1.19.0/STM32CubeIDE/plugins/com.st.stm32cube.ide.mcu.externaltools.gnu-tools-for-stm32.13.3.rel1.win32_1.0.0.202411081344/tools/bin/../lib/gcc/arm-none-eabi/13.3.1/../../../../arm-none-eabi/lib/thumb/v7e-m+fp/hard/crt0.o
LOAD ./Core/Src/Eeprom.o
LOAD ./Core/Src/ICM-42688p.o
LOAD ./Core/Src/Line_Follower.o
LOAD ./Core/Src/LowPassFilter.o
LOAD ./Core/Src/RingBuffer.o
LOAD ./Core/Src/SimpleParser.o
LOAD ./Core/Src/adc.o
LOAD ./Core/Src/dma.o
LOAD ./Core/Src/gpio.o
LOAD ./Core/Src/main.o
LOAD ./Core/Src/map.o
LOAD ./Core/Src/motor.o
LOAD ./Core/Src/odometry.o
LOAD ./Core/Src/spi.o
LOAD ./Core/Src/stm32g4xx_hal_msp.o
LOAD ./Core/Src/stm32g4xx_it.o
LOAD ./Core/Src/syscalls.o
LOAD ./Core/Src/sysmem.o
LOAD ./Core/Src/system_stm32g4xx.o
LOAD ./Core/Src/tim.o
LOAD ./Core/Src/usart.o
LOAD ./Core/Startup/startup_stm32g474retx.o
LOAD ./Drivers/STM32G4xx_HAL_Driver/Src/stm32g4xx_hal.o
LOAD ./Drivers/STM32G4xx_HAL_Driver/Src/stm32g4xx_hal_adc.o
LOAD ./Drivers/STM32G4xx_HAL_Driver/Src/stm32g4xx_hal_adc_ex.o
LOAD ./Drivers/STM32G4xx_HAL_Driver/Src/stm32g4xx_hal_cortex.o
LOAD ./Drivers/STM32G4xx_HAL_Driver/Src/stm32g4xx_hal_dma.o
LOAD ./Drivers/STM32G4xx_HAL_Driver/Src/stm32g4xx_hal_dma_ex.o
LOAD ./Drivers/STM32G4xx_HAL_Driver/Src/stm32g4xx_hal_exti.o
LOAD ./Drivers/STM32G4xx_HAL_Driver/Src/stm32g4xx_hal_flash.o
LOAD ./Drivers/STM32G4xx_HAL_Driver/Src/stm32g4xx_hal_flash_ex.o
LOAD ./Drivers/STM32G4xx_HAL_Driver/Src/stm32g4xx_hal_flash_ramfunc.o
LOAD ./Drivers/STM32G4xx_HAL_Driver/Src/stm32g4xx_hal_gpio.o
LOAD ./Drivers/STM32G4xx_HAL_Driver/Src/stm32g4xx_hal_pwr.o
LOAD ./Drivers/STM32G4xx_HAL_Driver/Src/stm32g4xx_hal_pwr_ex.o
LOAD ./Drivers/STM32G4xx_HAL_Driver/Src/stm32g4xx_hal_rcc.o
LOAD ./Drivers/STM32G4xx_HAL_Driver/Src/stm32g4xx_hal_rcc_ex.o
LOAD ./Drivers/STM32G4xx_HAL_Driver/Src/stm32g4xx_hal_spi.o
LOAD ./Drivers/STM32G4xx_HAL_Driver/Src/stm32g4xx_hal_spi_ex.o
LOAD ./Drivers/STM32G4xx_HAL_Driver/Src/stm32g4xx_hal_tim.o
LOAD ./Drivers/STM32G4xx_HAL_Driver/Src/stm32g4xx_hal_tim_ex.o
LOAD ./Drivers/STM32G4xx_HAL_Driver/Src/stm32g4xx_hal_uart.o
LOAD ./Drivers/STM32G4xx_HAL_Driver/Src/stm32g4xx_hal_uart_ex.o
LOAD ./Drivers/STM32G4xx_HAL_Driver/Src/stm32g4xx_ll_adc.o
LOAD ./FATFS/App/app_fatfs.o
LOAD ./FATFS/Target/user_diskio.o
LOAD ./FATFS/Target/user_diskio_spi.o
LOAD ./Middlewares/Third_Party/FatFs/src/diskio.o
LOAD ./Middlewares/Third_Party/FatFs/src/ff.o
LOAD ./Middlewares/Third_Party/FatFs/src/ff_gen_drv.o
LOAD ./Middlewares/Third_Party/FatFs/src/option/syscall.o
START GROUP
LOAD C:/ST/STM32CubeIDE_1.19.0/STM32CubeIDE/plugins/com.st.stm32cube.ide.mcu.externaltools.gnu-tools-for-stm32.13.3.rel1.win32_1.0.0.202411081344/tools/bin/../lib/gcc/arm-none-eabi/13.3.1/../../../../arm-none-eabi/lib/thumb/v7e-m+fp/hard\libc_nano.a
LOAD C:/ST/STM32CubeIDE_1.19.0/STM32CubeIDE/plugins/com.st.stm32cube.ide.mcu.externaltools.gnu-tools-for-stm32.13.3.rel1.win32_1.0.0.202411081344/tools/bin/../lib/gcc/arm-none-eabi/13.3.1/../../../../arm-none-eabi/lib/thumb/v7e-m+fp/hard\libm.a
END GROUP
START GROUP
LOAD C:/ST/STM32CubeIDE_1.19.0/STM32CubeIDE/plugins/com.st.stm32cube.ide.mcu.externaltools.gnu-tools-for-stm32.13.3.rel1.win32_1.0.0.202411081344/tools/bin/../lib/gcc/arm-none-eabi/13.3.1/thumb/v7e-m+fp/hard\libgcc.a
LOAD C:/ST/STM32CubeIDE_1.19.0/STM32CubeIDE/plugins/com.st.stm32cube.ide.mcu.externaltools.gnu-tools-for-stm32.13.3.rel1.win32_1.0.0.202411081344/tools/bin/../lib/gcc/arm-none-eabi/13.3.1/../../../../arm-none-eabi/lib/thumb/v7e-m+fp/hard\libc_nano.a
END GROUP
START GROUP
LOAD C:/ST/STM32CubeIDE_1.19.0/STM32CubeIDE/plugins/com.st.stm32cube.ide.mcu.externaltools.gnu-tools-for-stm32.13.3.rel1.win32_1.0.0.202411081344/tools/bin/../lib/gcc/arm-none-eabi/13.3.1/thumb/v7e-m+fp/hard\libgcc.a
LOAD C:/ST/STM32CubeIDE_1.19.0/STM32CubeIDE/plugins/com.st.stm32cube.ide.mcu.externaltools.gnu-tools-for-stm32.13.3.rel1.win32_1.0.0.202411081344/tools/bin/../lib/gcc/arm-none-eabi/13.3.1/../../../../arm-none-eabi/lib/thumb/v7e-m+fp/hard\libc_nano.a
LOAD C:/ST/STM32CubeIDE_1.19.0/STM32CubeIDE/plugins/com.st.stm32cube.ide.mcu.externaltools.gnu-tools-for-stm32.13.3.rel1.win32_1.0.0.202411081344/tools/bin/../lib/gcc/arm-none-eabi/13.3.1/../../../../arm-none-eabi/lib/thumb/v7e-m+fp/hard\libnosys.a
END GROUP
START GROUP
LOAD C:/ST/STM32CubeIDE_1.19.0/STM32CubeIDE/plugins/com.st.stm32cube.ide.mcu.externaltools.gnu-tools-for-stm32.13.3.rel1.win32_1.0.0.202411081344/tools/bin/../lib/gcc/arm-none-eabi/13.3.1/thumb/v7e-m+fp/hard\libgcc.a
LOAD C:/ST/STM32CubeIDE_1.19.0/STM32CubeIDE/plugins/com.st.stm32cube.ide.mcu.externaltools.gnu-tools-for-stm32.13.3.rel1.win32_1.0.0.202411081344/tools/bin/../lib/gcc/arm-none-eabi/13.3.1/../../../../arm-none-eabi/lib/thumb/v7e-m+fp/hard\libc_nano.a
LOAD C:/ST/STM32CubeIDE_1.19.0/STM32CubeIDE/plugins/com.st.stm32cube.ide.mcu.externaltools.gnu-tools-for-stm32.13.3.rel1.win32_1.0.0.202411081344/tools/bin/../lib/gcc/arm-none-eabi/13.3.1/../../../../arm-none-eabi/lib/thumb/v7e-m+fp/hard\libnosys.a
END GROUP
LOAD C:/ST/STM32CubeIDE_1.19.0/STM32CubeIDE/plugins/com.st.stm32cube.ide.mcu.externaltools.gnu-tools-for-stm32.13.3.rel1.win32_1.0.0.202411081344/tools/bin/../lib/gcc/arm-none-eabi/13.3.1/thumb/v7e-m+fp/hard/crtend.o
LOAD C:/ST/STM32CubeIDE_1.19.0/STM32CubeIDE/plugins/com.st.stm32cube.ide.mcu.externaltools.gnu-tools-for-stm32.13.3.rel1.win32_1.0.0.202411081344/tools/bin/../lib/gcc/arm-none-eabi/13.3.1/thumb/v7e-m+fp/hard/crtn.o
                0x20020000                        _estack = (ORIGIN (RAM) + LENGTH (RAM))
                0x00000200                        _Min_Heap_Size = 0x200
                0x00000400                        _Min_Stack_Size = 0x400

.isr_vector     0x08000000      0x1d8
                0x08000000                        . = ALIGN (0x4)
 *(.isr_vector)
 .isr_vector    0x08000000      0x1d8 ./Core/Startup/startup_stm32g474retx.o
                0x08000000                g_pfnVectors
                0x080001d8                        . = ALIGN (0x4)

.text           0x080001e0    0x180a4
                0x080001e0                        . = ALIGN (0x4)
 *(.text)
 .text          0x080001e0       0x40 C:/ST/STM32CubeIDE_1.19.0/STM32CubeIDE/plugins/com.st.stm32cube.ide.mcu.externaltools.gnu-tools-for-stm32.13.3.rel1.win32_1.0.0.202411081344/tools/bin/../lib/gcc/arm-none-eabi/13.3.1/thumb/v7e-m+fp/hard/crtbegin.o
 .text          0x08000220       0x14 C:/ST/STM32CubeIDE_1.19.0/STM32CubeIDE/plugins/com.st.stm32cube.ide.mcu.externaltools.gnu-tools-for-stm32.13.3.rel1.win32_1.0.0.202411081344/tools/bin/../lib/gcc/arm-none-eabi/13.3.1/../../../../arm-none-eabi/lib/thumb/v7e-m+fp/hard\libc_nano.a(libc_a-strcmp.o)
                0x08000220                strcmp
 *fill*         0x08000234        0xc 
 .text          0x08000240       0xa0 C:/ST/STM32CubeIDE_1.19.0/STM32CubeIDE/plugins/com.st.stm32cube.ide.mcu.externaltools.gnu-tools-for-stm32.13.3.rel1.win32_1.0.0.202411081344/tools/bin/../lib/gcc/arm-none-eabi/13.3.1/../../../../arm-none-eabi/lib/thumb/v7e-m+fp/hard\libc_nano.a(libc_a-memchr.o)
                0x08000240                memchr
 .text          0x080002e0       0x10 C:/ST/STM32CubeIDE_1.19.0/STM32CubeIDE/plugins/com.st.stm32cube.ide.mcu.externaltools.gnu-tools-for-stm32.13.3.rel1.win32_1.0.0.202411081344/tools/bin/../lib/gcc/arm-none-eabi/13.3.1/../../../../arm-none-eabi/lib/thumb/v7e-m+fp/hard\libc_nano.a(libc_a-strlen.o)
                0x080002e0                strlen
 .text          0x080002f0      0x378 C:/ST/STM32CubeIDE_1.19.0/STM32CubeIDE/plugins/com.st.stm32cube.ide.mcu.externaltools.gnu-tools-for-stm32.13.3.rel1.win32_1.0.0.202411081344/tools/bin/../lib/gcc/arm-none-eabi/13.3.1/thumb/v7e-m+fp/hard\libgcc.a(_arm_addsubdf3.o)
                0x080002f0                __aeabi_drsub
                0x080002f8                __aeabi_dsub
                0x080002f8                __subdf3
                0x080002fc                __aeabi_dadd
                0x080002fc                __adddf3
                0x08000574                __floatunsidf
                0x08000574                __aeabi_ui2d
                0x08000594                __floatsidf
                0x08000594                __aeabi_i2d
                0x080005b8                __aeabi_f2d
                0x080005b8                __extendsfdf2
                0x080005fc                __floatundidf
                0x080005fc                __aeabi_ul2d
                0x0800060c                __floatdidf
                0x0800060c                __aeabi_l2d
 .text          0x08000668      0x424 C:/ST/STM32CubeIDE_1.19.0/STM32CubeIDE/plugins/com.st.stm32cube.ide.mcu.externaltools.gnu-tools-for-stm32.13.3.rel1.win32_1.0.0.202411081344/tools/bin/../lib/gcc/arm-none-eabi/13.3.1/thumb/v7e-m+fp/hard\libgcc.a(_arm_muldivdf3.o)
                0x08000668                __aeabi_dmul
                0x08000668                __muldf3
                0x080008bc                __divdf3
                0x080008bc                __aeabi_ddiv
 .text          0x08000a8c      0x110 C:/ST/STM32CubeIDE_1.19.0/STM32CubeIDE/plugins/com.st.stm32cube.ide.mcu.externaltools.gnu-tools-for-stm32.13.3.rel1.win32_1.0.0.202411081344/tools/bin/../lib/gcc/arm-none-eabi/13.3.1/thumb/v7e-m+fp/hard\libgcc.a(_arm_cmpdf2.o)
                0x08000a8c                __gtdf2
                0x08000a8c                __gedf2
                0x08000a94                __ltdf2
                0x08000a94                __ledf2
                0x08000a9c                __nedf2
                0x08000a9c                __eqdf2
                0x08000a9c                __cmpdf2
                0x08000b18                __aeabi_cdrcmple
                0x08000b28                __aeabi_cdcmpeq
                0x08000b28                __aeabi_cdcmple
                0x08000b38                __aeabi_dcmpeq
                0x08000b4c                __aeabi_dcmplt
                0x08000b60                __aeabi_dcmple
                0x08000b74                __aeabi_dcmpge
                0x08000b88                __aeabi_dcmpgt
 .text          0x08000b9c       0x2c C:/ST/STM32CubeIDE_1.19.0/STM32CubeIDE/plugins/com.st.stm32cube.ide.mcu.externaltools.gnu-tools-for-stm32.13.3.rel1.win32_1.0.0.202411081344/tools/bin/../lib/gcc/arm-none-eabi/13.3.1/thumb/v7e-m+fp/hard\libgcc.a(_arm_unorddf2.o)
                0x08000b9c                __unorddf2
                0x08000b9c                __aeabi_dcmpun
 .text          0x08000bc8       0x50 C:/ST/STM32CubeIDE_1.19.0/STM32CubeIDE/plugins/com.st.stm32cube.ide.mcu.externaltools.gnu-tools-for-stm32.13.3.rel1.win32_1.0.0.202411081344/tools/bin/../lib/gcc/arm-none-eabi/13.3.1/thumb/v7e-m+fp/hard\libgcc.a(_arm_fixdfsi.o)
                0x08000bc8                __aeabi_d2iz
                0x08000bc8                __fixdfsi
 .text          0x08000c18       0x40 C:/ST/STM32CubeIDE_1.19.0/STM32CubeIDE/plugins/com.st.stm32cube.ide.mcu.externaltools.gnu-tools-for-stm32.13.3.rel1.win32_1.0.0.202411081344/tools/bin/../lib/gcc/arm-none-eabi/13.3.1/thumb/v7e-m+fp/hard\libgcc.a(_arm_fixunsdfsi.o)
                0x08000c18                __aeabi_d2uiz
                0x08000c18                __fixunsdfsi
 .text          0x08000c58       0xa0 C:/ST/STM32CubeIDE_1.19.0/STM32CubeIDE/plugins/com.st.stm32cube.ide.mcu.externaltools.gnu-tools-for-stm32.13.3.rel1.win32_1.0.0.202411081344/tools/bin/../lib/gcc/arm-none-eabi/13.3.1/thumb/v7e-m+fp/hard\libgcc.a(_arm_truncdfsf2.o)
                0x08000c58                __truncdfsf2
                0x08000c58                __aeabi_d2f
 .text          0x08000cf8       0x30 C:/ST/STM32CubeIDE_1.19.0/STM32CubeIDE/plugins/com.st.stm32cube.ide.mcu.externaltools.gnu-tools-for-stm32.13.3.rel1.win32_1.0.0.202411081344/tools/bin/../lib/gcc/arm-none-eabi/13.3.1/thumb/v7e-m+fp/hard\libgcc.a(_aeabi_uldivmod.o)
                0x08000cf8                __aeabi_uldivmod
 .text          0x08000d28       0x30 C:/ST/STM32CubeIDE_1.19.0/STM32CubeIDE/plugins/com.st.stm32cube.ide.mcu.externaltools.gnu-tools-for-stm32.13.3.rel1.win32_1.0.0.202411081344/tools/bin/../lib/gcc/arm-none-eabi/13.3.1/thumb/v7e-m+fp/hard\libgcc.a(_fixdfdi.o)
                0x08000d28                __fixdfdi
                0x08000d28                __aeabi_d2lz
 .text          0x08000d58       0x3c C:/ST/STM32CubeIDE_1.19.0/STM32CubeIDE/plugins/com.st.stm32cube.ide.mcu.externaltools.gnu-tools-for-stm32.13.3.rel1.win32_1.0.0.202411081344/tools/bin/../lib/gcc/arm-none-eabi/13.3.1/thumb/v7e-m+fp/hard\libgcc.a(_fixunsdfdi.o)
                0x08000d58                __fixunsdfdi
                0x08000d58                __aeabi_d2ulz
 .text          0x08000d94      0x2f8 C:/ST/STM32CubeIDE_1.19.0/STM32CubeIDE/plugins/com.st.stm32cube.ide.mcu.externaltools.gnu-tools-for-stm32.13.3.rel1.win32_1.0.0.202411081344/tools/bin/../lib/gcc/arm-none-eabi/13.3.1/thumb/v7e-m+fp/hard\libgcc.a(_udivmoddi4.o)
                0x08000d94                __udivmoddi4
 .text          0x0800108c        0x4 C:/ST/STM32CubeIDE_1.19.0/STM32CubeIDE/plugins/com.st.stm32cube.ide.mcu.externaltools.gnu-tools-for-stm32.13.3.rel1.win32_1.0.0.202411081344/tools/bin/../lib/gcc/arm-none-eabi/13.3.1/thumb/v7e-m+fp/hard\libgcc.a(_dvmd_tls.o)
                0x0800108c                __aeabi_idiv0
                0x0800108c                __aeabi_ldiv0
 *(.text*)
 .text.ICM_Select
                0x08001090       0x16 ./Core/Src/ICM-42688p.o
 .text.ICM_Deselect
                0x080010a6       0x16 ./Core/Src/ICM-42688p.o
 .text.ICM_Write8
                0x080010bc       0x4c ./Core/Src/ICM-42688p.o
 .text.ICM_Read
                0x08001108       0x62 ./Core/Src/ICM-42688p.o
 .text.ICM_SelectBank
                0x0800116a       0x22 ./Core/Src/ICM-42688p.o
 .text.ICM_Init
                0x0800118c       0xfa ./Core/Src/ICM-42688p.o
                0x0800118c                ICM_Init
 *fill*         0x08001286        0x2 
 .text.ICM_Read_GyroZ
                0x08001288       0x74 ./Core/Src/ICM-42688p.o
                0x08001288                ICM_Read_GyroZ
 .text.ICM_CalibrateGyroZ
                0x080012fc       0xb0 ./Core/Src/ICM-42688p.o
                0x080012fc                ICM_CalibrateGyroZ
 .text.ICM_UpdateGyroZBias
                0x080013ac       0x40 ./Core/Src/ICM-42688p.o
                0x080013ac                ICM_UpdateGyroZBias
 .text.clampf   0x080013ec       0x52 ./Core/Src/Line_Follower.o
 *fill*         0x0800143e        0x2 
 .text.SensorValueAt
                0x08001440       0x44 ./Core/Src/Line_Follower.o
 .text.SensorRead
                0x08001484      0x128 ./Core/Src/Line_Follower.o
 .text.LineFollower_UpdateSensors
                0x080015ac       0x18 ./Core/Src/Line_Follower.o
                0x080015ac                LineFollower_UpdateSensors
 .text.motor_control
                0x080015c4      0x154 ./Core/Src/Line_Follower.o
                0x080015c4                motor_control
 .text.sharp_turn
                0x08001718       0x9c ./Core/Src/Line_Follower.o
 .text.EdgeSensorsActive
                0x080017b4       0x50 ./Core/Src/Line_Follower.o
 .text.GapBridgeCandidate
                0x08001804       0x54 ./Core/Src/Line_Follower.o
 .text.TryGapBridge
                0x08001858       0x9c ./Core/Src/Line_Follower.o
 .text.forward_brake
                0x080018f4       0x4c ./Core/Src/Line_Follower.o
 .text.past_errors
                0x08001940       0x4a ./Core/Src/Line_Follower.o
 *fill*         0x0800198a        0x2 
 .text.PID_control
                0x0800198c      0x14c ./Core/Src/Line_Follower.o
                0x0800198c                PID_control
 .text.LowPassFilter_Init
                0x08001ad8       0x26 ./Core/Src/LowPassFilter.o
                0x08001ad8                LowPassFilter_Init
 .text.LowPassFilter_Update
                0x08001afe       0x52 ./Core/Src/LowPassFilter.o
                0x08001afe                LowPassFilter_Update
 .text.RB_Write
                0x08001b50       0x56 ./Core/Src/RingBuffer.o
                0x08001b50                RB_Write
 .text.RB_Read  0x08001ba6       0x52 ./Core/Src/RingBuffer.o
                0x08001ba6                RB_Read
 .text.UartSend
                0x08001bf8       0x2c ./Core/Src/SimpleParser.o
 .text.SendFatFsError
                0x08001c24       0x40 ./Core/Src/SimpleParser.o
 .text.SdEnsureMounted
                0x08001c64       0x98 ./Core/Src/SimpleParser.o
 .text.SdOpenFile
                0x08001cfc       0xa4 ./Core/Src/SimpleParser.o
 .text.NextValue
                0x08001da0       0x18 ./Core/Src/SimpleParser.o
 .text.ParseFloatValue
                0x08001db8       0x48 ./Core/Src/SimpleParser.o
 .text.TrimText
                0x08001e00       0xa2 ./Core/Src/SimpleParser.o
 .text.BluetoothNameIsValid
                0x08001ea2       0x96 ./Core/Src/SimpleParser.o
 .text.ReadBluetoothNameArgument
                0x08001f38       0x68 ./Core/Src/SimpleParser.o
 .text.BluetoothPendingNameWrite
                0x08001fa0      0x120 ./Core/Src/SimpleParser.o
 .text.BluetoothPendingNameRead
                0x080020c0      0x144 ./Core/Src/SimpleParser.o
 .text.BluetoothSetBaud
                0x08002204       0x34 ./Core/Src/SimpleParser.o
 .text.BluetoothResponseOk
                0x08002238       0x4c ./Core/Src/SimpleParser.o
 .text.BluetoothSendAtCommand
                0x08002284       0xb4 ./Core/Src/SimpleParser.o
 .text.BluetoothTryRenameAtBaud
                0x08002338       0xd0 ./Core/Src/SimpleParser.o
 .text.BluetoothApplyName
                0x08002408       0x80 ./Core/Src/SimpleParser.o
 .text.Parser_TakeLine
                0x08002488       0x6a ./Core/Src/SimpleParser.o
                0x08002488                Parser_TakeLine
 .text.Add_SimpleMap_Point
                0x080024f2       0x7a ./Core/Src/SimpleParser.o
                0x080024f2                Add_SimpleMap_Point
 .text.Sensor_treshold_change
                0x0800256c       0x54 ./Core/Src/SimpleParser.o
 .text.Turbine_Speed_change
                0x080025c0       0x5c ./Core/Src/SimpleParser.o
 .text.Turbine_Prep_Time_change
                0x0800261c       0x36 ./Core/Src/SimpleParser.o
 .text.kp_change
                0x08002652       0x1a ./Core/Src/SimpleParser.o
 .text.kd_change
                0x0800266c       0x1a ./Core/Src/SimpleParser.o
 .text.Base_speed_change
                0x08002686       0x32 ./Core/Src/SimpleParser.o
 .text.Max_speed_change
                0x080026b8       0x32 ./Core/Src/SimpleParser.o
 .text.Sharp_bend_speed_right_change
                0x080026ea       0x1a ./Core/Src/SimpleParser.o
 .text.Sharp_bend_speed_left_change
                0x08002704       0x1a ./Core/Src/SimpleParser.o
 .text.Bend_speed_right_change
                0x0800271e       0x1a ./Core/Src/SimpleParser.o
 .text.Bend_speed_left_change
                0x08002738       0x1a ./Core/Src/SimpleParser.o
 *fill*         0x08002752        0x2 
 .text.Map_p_change
                0x08002754       0x14 ./Core/Src/SimpleParser.o
 .text.Map_i_change
                0x08002768       0x14 ./Core/Src/SimpleParser.o
 .text.Map_d_change
                0x0800277c       0x14 ./Core/Src/SimpleParser.o
 .text.Map_speed_change
                0x08002790       0x14 ./Core/Src/SimpleParser.o
 .text.ClampPwm
                0x080027a4       0x5c ./Core/Src/SimpleParser.o
 .text.Tire_clean_speed_change
                0x08002800       0x60 ./Core/Src/SimpleParser.o
 .text.Manual_drive_change
                0x08002860      0x160 ./Core/Src/SimpleParser.o
 .text.Tire_clean_change
                0x080029c0      0x10c ./Core/Src/SimpleParser.o
 .text.Parser_ServiceManualDriveTimeout
                0x08002acc       0x5c ./Core/Src/SimpleParser.o
                0x08002acc                Parser_ServiceManualDriveTimeout
 .text.Parser_ServicePendingBluetoothName
                0x08002b28       0x78 ./Core/Src/SimpleParser.o
                0x08002b28                Parser_ServicePendingBluetoothName
 .text.Bluetooth_name_store
                0x08002ba0       0x4c ./Core/Src/SimpleParser.o
 .text.Bluetooth_name_now
                0x08002bec      0x108 ./Core/Src/SimpleParser.o
 .text.Parser_FinishMappingAutoClosed
                0x08002cf4       0x9c ./Core/Src/SimpleParser.o
                0x08002cf4                Parser_FinishMappingAutoClosed
 .text.Telemetry_change
                0x08002d90       0xc0 ./Core/Src/SimpleParser.o
 .text.MapFileFromKind
                0x08002e50       0x68 ./Core/Src/SimpleParser.o
 .text.ReadTransferLine
                0x08002eb8       0x90 ./Core/Src/SimpleParser.o
 .text.SendMapDump
                0x08002f48      0x120 ./Core/Src/SimpleParser.o
 .text.MapUploadBegin
                0x08003068       0xb4 ./Core/Src/SimpleParser.o
 .text.MapUploadPoint
                0x0800311c      0x130 ./Core/Src/SimpleParser.o
 .text.MapUploadEnd
                0x0800324c       0x58 ./Core/Src/SimpleParser.o
 .text.SetState
                0x080032a4       0x5c ./Core/Src/SimpleParser.o
 .text.StopRobot
                0x08003300      0x150 ./Core/Src/SimpleParser.o
 .text.PrepareStoppedStart
                0x08003450       0xbc ./Core/Src/SimpleParser.o
 .text.StartRobot
                0x0800350c      0x26c ./Core/Src/SimpleParser.o
 .text.StartWithState
                0x08003778       0x58 ./Core/Src/SimpleParser.o
 .text.App_Controll
                0x080037d0       0x7c ./Core/Src/SimpleParser.o
 .text.Start_command
                0x0800384c       0x22 ./Core/Src/SimpleParser.o
 .text.Mode_change
                0x0800386e       0x30 ./Core/Src/SimpleParser.o
 *fill*         0x0800389e        0x2 
 .text.State_change
                0x080038a0       0xb8 ./Core/Src/SimpleParser.o
 .text.Parser_Parse
                0x08003958      0x3dc ./Core/Src/SimpleParser.o
                0x08003958                Parser_Parse
 .text.MX_ADC1_Init
                0x08003d34      0x1f8 ./Core/Src/adc.o
                0x08003d34                MX_ADC1_Init
 .text.MX_ADC2_Init
                0x08003f2c      0x12c ./Core/Src/adc.o
                0x08003f2c                MX_ADC2_Init
 .text.HAL_ADC_MspInit
                0x08004058      0x270 ./Core/Src/adc.o
                0x08004058                HAL_ADC_MspInit
 .text.MX_DMA_Init
                0x080042c8       0x84 ./Core/Src/dma.o
                0x080042c8                MX_DMA_Init
 .text.MX_GPIO_Init
                0x0800434c      0x150 ./Core/Src/gpio.o
                0x0800434c                MX_GPIO_Init
 .text.main     0x0800449c      0x11c ./Core/Src/main.o
                0x0800449c                main
 .text.SystemClock_Config
                0x080045b8       0x96 ./Core/Src/main.o
                0x080045b8                SystemClock_Config
 *fill*         0x0800464e        0x2 
 .text.Robot_LoadDefaultSettings
                0x08004650      0x19c ./Core/Src/main.o
 .text.Robot_StartPeripherals
                0x080047ec       0xd8 ./Core/Src/main.o
 .text.Robot_ResetEncoderCounters
                0x080048c4       0x2c ./Core/Src/main.o
 .text.Robot_SampleSensorsWhenStopped
                0x080048f0       0xa8 ./Core/Src/main.o
 .text.Robot_UpdateOdometryTick
                0x08004998      0x140 ./Core/Src/main.o
 .text.Robot_UpdateSpeedStats
                0x08004ad8       0xb0 ./Core/Src/main.o
 .text.Robot_StopOutputs
                0x08004b88       0x30 ./Core/Src/main.o
 .text.Robot_ServiceTelemetry
                0x08004bb8       0x60 ./Core/Src/main.o
 .text.Robot_SendOdomTelemetry
                0x08004c18      0x13c ./Core/Src/main.o
 .text.Robot_SendDebugTelemetry
                0x08004d54      0x1b0 ./Core/Src/main.o
 .text.HAL_UART_RxCpltCallback
                0x08004f04       0x60 ./Core/Src/main.o
                0x08004f04                HAL_UART_RxCpltCallback
 .text.HAL_TIM_PeriodElapsedCallback
                0x08004f64      0x17c ./Core/Src/main.o
                0x08004f64                HAL_TIM_PeriodElapsedCallback
 .text.Error_Handler
                0x080050e0        0xc ./Core/Src/main.o
                0x080050e0                Error_Handler
 .text.clampf   0x080050ec       0x52 ./Core/Src/map.o
 *fill*         0x0800513e        0x2 
 .text.UpdateLineError
                0x08005140       0x68 ./Core/Src/map.o
 .text.LineConfidence
                0x080051a8       0xa8 ./Core/Src/map.o
 .text.AdvanceMapTarget
                0x08005250       0x48 ./Core/Src/map.o
 .text.ShouldAdvanceTarget
                0x08005298      0x1a4 ./Core/Src/map.o
 .text.ReadMapLine
                0x0800543c      0x158 ./Core/Src/map.o
 .text.WriteMapRecord
                0x08005594       0xbc ./Core/Src/map.o
 .text.Map_Reset
                0x08005650       0xa4 ./Core/Src/map.o
                0x08005650                Map_Reset
 .text.Map_BeginPlayback
                0x080056f4       0x96 ./Core/Src/map.o
                0x080056f4                Map_BeginPlayback
 *fill*         0x0800578a        0x2 
 .text.MapUpdate
                0x0800578c      0x630 ./Core/Src/map.o
                0x0800578c                MapUpdate
 .text.DriveOnMap
                0x08005dbc      0x640 ./Core/Src/map.o
                0x08005dbc                DriveOnMap
 .text.Motor_Init
                0x080063fc       0x3c ./Core/Src/motor.o
                0x080063fc                Motor_Init
 .text.Motor_SetEncoderDirection
                0x08006438       0x2c ./Core/Src/motor.o
                0x08006438                Motor_SetEncoderDirection
 .text.Motor_CalculateSpeed
                0x08006464      0x164 ./Core/Src/motor.o
                0x08006464                Motor_CalculateSpeed
 .text.Odometry_NormalizeAngle
                0x080065c8       0xa8 ./Core/Src/odometry.o
                0x080065c8                Odometry_NormalizeAngle
 .text.Odometry_Init
                0x08006670       0x50 ./Core/Src/odometry.o
                0x08006670                Odometry_Init
 .text.Odometry_Reset
                0x080066c0       0x26 ./Core/Src/odometry.o
                0x080066c0                Odometry_Reset
 *fill*         0x080066e6        0x2 
 .text.Odometry_Update
                0x080066e8      0x194 ./Core/Src/odometry.o
                0x080066e8                Odometry_Update
 .text.MX_SPI2_Init
                0x0800687c       0x7c ./Core/Src/spi.o
                0x0800687c                MX_SPI2_Init
 .text.MX_SPI3_Init
                0x080068f8       0x7c ./Core/Src/spi.o
                0x080068f8                MX_SPI3_Init
 .text.HAL_SPI_MspInit
                0x08006974       0xf0 ./Core/Src/spi.o
                0x08006974                HAL_SPI_MspInit
 .text.HAL_MspInit
                0x08006a64       0x58 ./Core/Src/stm32g4xx_hal_msp.o
                0x08006a64                HAL_MspInit
 .text.NMI_Handler
                0x08006abc        0x8 ./Core/Src/stm32g4xx_it.o
                0x08006abc                NMI_Handler
 .text.HardFault_Handler
                0x08006ac4        0x8 ./Core/Src/stm32g4xx_it.o
                0x08006ac4                HardFault_Handler
 .text.MemManage_Handler
                0x08006acc        0x8 ./Core/Src/stm32g4xx_it.o
                0x08006acc                MemManage_Handler
 .text.BusFault_Handler
                0x08006ad4        0x8 ./Core/Src/stm32g4xx_it.o
                0x08006ad4                BusFault_Handler
 .text.UsageFault_Handler
                0x08006adc        0x8 ./Core/Src/stm32g4xx_it.o
                0x08006adc                UsageFault_Handler
 .text.SVC_Handler
                0x08006ae4        0xe ./Core/Src/stm32g4xx_it.o
                0x08006ae4                SVC_Handler
 .text.DebugMon_Handler
                0x08006af2        0xe ./Core/Src/stm32g4xx_it.o
                0x08006af2                DebugMon_Handler
 .text.PendSV_Handler
                0x08006b00        0xe ./Core/Src/stm32g4xx_it.o
                0x08006b00                PendSV_Handler
 .text.SysTick_Handler
                0x08006b0e        0xc ./Core/Src/stm32g4xx_it.o
                0x08006b0e                SysTick_Handler
 .text.RCC_IRQHandler
                0x08006b1a        0xe ./Core/Src/stm32g4xx_it.o
                0x08006b1a                RCC_IRQHandler
 .text.DMA1_Channel1_IRQHandler
                0x08006b28       0x14 ./Core/Src/stm32g4xx_it.o
                0x08006b28                DMA1_Channel1_IRQHandler
 .text.DMA1_Channel2_IRQHandler
                0x08006b3c       0x14 ./Core/Src/stm32g4xx_it.o
                0x08006b3c                DMA1_Channel2_IRQHandler
 .text.DMA1_Channel4_IRQHandler
                0x08006b50       0x14 ./Core/Src/stm32g4xx_it.o
                0x08006b50                DMA1_Channel4_IRQHandler
 .text.DMA1_Channel5_IRQHandler
                0x08006b64       0x14 ./Core/Src/stm32g4xx_it.o
                0x08006b64                DMA1_Channel5_IRQHandler
 .text.TIM2_IRQHandler
                0x08006b78       0x14 ./Core/Src/stm32g4xx_it.o
                0x08006b78                TIM2_IRQHandler
 .text.TIM3_IRQHandler
                0x08006b8c       0x14 ./Core/Src/stm32g4xx_it.o
                0x08006b8c                TIM3_IRQHandler
 .text.USART1_IRQHandler
                0x08006ba0       0x14 ./Core/Src/stm32g4xx_it.o
                0x08006ba0                USART1_IRQHandler
 .text.TIM8_BRK_IRQHandler
                0x08006bb4       0x14 ./Core/Src/stm32g4xx_it.o
                0x08006bb4                TIM8_BRK_IRQHandler
 .text.TIM8_UP_IRQHandler
                0x08006bc8       0x14 ./Core/Src/stm32g4xx_it.o
                0x08006bc8                TIM8_UP_IRQHandler
 .text.TIM5_IRQHandler
                0x08006bdc       0x14 ./Core/Src/stm32g4xx_it.o
                0x08006bdc                TIM5_IRQHandler
 .text.TIM20_UP_IRQHandler
                0x08006bf0       0x14 ./Core/Src/stm32g4xx_it.o
                0x08006bf0                TIM20_UP_IRQHandler
 .text._getpid  0x08006c04       0x10 ./Core/Src/syscalls.o
                0x08006c04                _getpid
 .text._kill    0x08006c14       0x20 ./Core/Src/syscalls.o
                0x08006c14                _kill
 .text._exit    0x08006c34       0x16 ./Core/Src/syscalls.o
                0x08006c34                _exit
 .text._read    0x08006c4a       0x3a ./Core/Src/syscalls.o
                0x08006c4a                _read
 .text._write   0x08006c84       0x38 ./Core/Src/syscalls.o
                0x08006c84                _write
 .text._close   0x08006cbc       0x18 ./Core/Src/syscalls.o
                0x08006cbc                _close
 .text._fstat   0x08006cd4       0x20 ./Core/Src/syscalls.o
                0x08006cd4                _fstat
 .text._isatty  0x08006cf4       0x16 ./Core/Src/syscalls.o
                0x08006cf4                _isatty
 .text._lseek   0x08006d0a       0x1a ./Core/Src/syscalls.o
                0x08006d0a                _lseek
 .text._sbrk    0x08006d24       0x6c ./Core/Src/sysmem.o
                0x08006d24                _sbrk
 .text.SystemInit
                0x08006d90       0x24 ./Core/Src/system_stm32g4xx.o
                0x08006d90                SystemInit
 .text.MX_TIM1_Init
                0x08006db4       0xb4 ./Core/Src/tim.o
                0x08006db4                MX_TIM1_Init
 .text.MX_TIM2_Init
                0x08006e68       0xec ./Core/Src/tim.o
                0x08006e68                MX_TIM2_Init
 .text.MX_TIM3_Init
                0x08006f54       0xb4 ./Core/Src/tim.o
                0x08006f54                MX_TIM3_Init
 .text.MX_TIM4_Init
                0x08007008       0xac ./Core/Src/tim.o
                0x08007008                MX_TIM4_Init
 .text.MX_TIM5_Init
                0x080070b4       0x9c ./Core/Src/tim.o
                0x080070b4                MX_TIM5_Init
 .text.MX_TIM8_Init
                0x08007150       0xa8 ./Core/Src/tim.o
                0x08007150                MX_TIM8_Init
 .text.MX_TIM20_Init
                0x080071f8       0xa8 ./Core/Src/tim.o
                0x080071f8                MX_TIM20_Init
 .text.HAL_TIM_Encoder_MspInit
                0x080072a0       0xec ./Core/Src/tim.o
                0x080072a0                HAL_TIM_Encoder_MspInit
 .text.HAL_TIM_Base_MspInit
                0x0800738c      0x160 ./Core/Src/tim.o
                0x0800738c                HAL_TIM_Base_MspInit
 .text.HAL_TIM_PWM_MspInit
                0x080074ec       0xac ./Core/Src/tim.o
                0x080074ec                HAL_TIM_PWM_MspInit
 .text.HAL_TIM_MspPostInit
                0x08007598       0xb8 ./Core/Src/tim.o
                0x08007598                HAL_TIM_MspPostInit
 .text.MX_USART1_UART_Init
                0x08007650       0x98 ./Core/Src/usart.o
                0x08007650                MX_USART1_UART_Init
 .text.HAL_UART_MspInit
                0x080076e8       0xc0 ./Core/Src/usart.o
                0x080076e8                HAL_UART_MspInit
 .text.HAL_UART_MspDeInit
                0x080077a8       0x40 ./Core/Src/usart.o
                0x080077a8                HAL_UART_MspDeInit
 .text.Reset_Handler
                0x080077e8       0x50 ./Core/Startup/startup_stm32g474retx.o
                0x080077e8                Reset_Handler
 .text.Default_Handler
                0x08007838        0x2 ./Core/Startup/startup_stm32g474retx.o
                0x08007838                RTC_Alarm_IRQHandler
                0x08007838                EXTI2_IRQHandler
                0x08007838                TIM8_TRG_COM_IRQHandler
                0x08007838                TIM8_CC_IRQHandler
                0x08007838                HRTIM1_Master_IRQHandler
                0x08007838                SPI4_IRQHandler
                0x08007838                FDCAN3_IT0_IRQHandler
                0x08007838                TIM1_CC_IRQHandler
                0x08007838                HRTIM1_FLT_IRQHandler
                0x08007838                HRTIM1_TIMF_IRQHandler
                0x08007838                USB_HP_IRQHandler
                0x08007838                CORDIC_IRQHandler
                0x08007838                HRTIM1_TIMD_IRQHandler
                0x08007838                DMA2_Channel8_IRQHandler
                0x08007838                EXTI3_IRQHandler
                0x08007838                I2C3_ER_IRQHandler
                0x08007838                EXTI0_IRQHandler
                0x08007838                I2C2_EV_IRQHandler
                0x08007838                FPU_IRQHandler
                0x08007838                FDCAN1_IT1_IRQHandler
                0x08007838                TIM1_UP_TIM16_IRQHandler
                0x08007838                ADC1_2_IRQHandler
                0x08007838                HRTIM1_TIME_IRQHandler
                0x08007838                SPI1_IRQHandler
                0x08007838                TIM6_DAC_IRQHandler
                0x08007838                HRTIM1_TIMC_IRQHandler
                0x08007838                DMA2_Channel2_IRQHandler
                0x08007838                TIM20_TRG_COM_IRQHandler
                0x08007838                USART3_IRQHandler
                0x08007838                DMA1_Channel7_IRQHandler
                0x08007838                UART5_IRQHandler
                0x08007838                ADC3_IRQHandler
                0x08007838                TIM4_IRQHandler
                0x08007838                DMA2_Channel1_IRQHandler
                0x08007838                QUADSPI_IRQHandler
                0x08007838                I2C1_EV_IRQHandler
                0x08007838                DMA1_Channel6_IRQHandler
                0x08007838                UART4_IRQHandler
                0x08007838                DMA2_Channel4_IRQHandler
                0x08007838                Default_Handler
                0x08007838                DMA2_Channel7_IRQHandler
                0x08007838                RTC_TAMP_LSECSS_IRQHandler
                0x08007838                FMAC_IRQHandler
                0x08007838                EXTI15_10_IRQHandler
                0x08007838                DMA1_Channel8_IRQHandler
                0x08007838                HRTIM1_TIMA_IRQHandler
                0x08007838                TIM7_DAC_IRQHandler
                0x08007838                FDCAN3_IT1_IRQHandler
                0x08007838                UCPD1_IRQHandler
                0x08007838                I2C3_EV_IRQHandler
                0x08007838                EXTI9_5_IRQHandler
                0x08007838                RTC_WKUP_IRQHandler
                0x08007838                PVD_PVM_IRQHandler
                0x08007838                SPI2_IRQHandler
                0x08007838                ADC5_IRQHandler
                0x08007838                DMA2_Channel5_IRQHandler
                0x08007838                CRS_IRQHandler
                0x08007838                USB_LP_IRQHandler
                0x08007838                EXTI4_IRQHandler
                0x08007838                RNG_IRQHandler
                0x08007838                HRTIM1_TIMB_IRQHandler
                0x08007838                TIM1_TRG_COM_TIM17_IRQHandler
                0x08007838                FDCAN2_IT1_IRQHandler
                0x08007838                DMA1_Channel3_IRQHandler
                0x08007838                ADC4_IRQHandler
                0x08007838                WWDG_IRQHandler
                0x08007838                I2C4_EV_IRQHandler
                0x08007838                FDCAN2_IT0_IRQHandler
                0x08007838                LPUART1_IRQHandler
                0x08007838                DMA2_Channel6_IRQHandler
                0x08007838                FDCAN1_IT0_IRQHandler
                0x08007838                COMP7_IRQHandler
                0x08007838                COMP1_2_3_IRQHandler
                0x08007838                EXTI1_IRQHandler
                0x08007838                USART2_IRQHandler
                0x08007838                COMP4_5_6_IRQHandler
                0x08007838                TIM20_BRK_IRQHandler
                0x08007838                I2C2_ER_IRQHandler
                0x08007838                FLASH_IRQHandler
                0x08007838                TIM20_CC_IRQHandler
                0x08007838                SPI3_IRQHandler
                0x08007838                I2C1_ER_IRQHandler
                0x08007838                FMC_IRQHandler
                0x08007838                LPTIM1_IRQHandler
                0x08007838                DMAMUX_OVR_IRQHandler
                0x08007838                I2C4_ER_IRQHandler
                0x08007838                USBWakeUp_IRQHandler
                0x08007838                SAI1_IRQHandler
                0x08007838                DMA2_Channel3_IRQHandler
                0x08007838                TIM1_BRK_TIM15_IRQHandler
 .text.HAL_Init
                0x0800783a       0x30 ./Drivers/STM32G4xx_HAL_Driver/Src/stm32g4xx_hal.o
                0x0800783a                HAL_Init
 *fill*         0x0800786a        0x2 
 .text.HAL_InitTick
                0x0800786c       0x74 ./Drivers/STM32G4xx_HAL_Driver/Src/stm32g4xx_hal.o
                0x0800786c                HAL_InitTick
 .text.HAL_IncTick
                0x080078e0       0x24 ./Drivers/STM32G4xx_HAL_Driver/Src/stm32g4xx_hal.o
                0x080078e0                HAL_IncTick
 .text.HAL_GetTick
                0x08007904       0x18 ./Drivers/STM32G4xx_HAL_Driver/Src/stm32g4xx_hal.o
                0x08007904                HAL_GetTick
 .text.HAL_Delay
                0x0800791c       0x44 ./Drivers/STM32G4xx_HAL_Driver/Src/stm32g4xx_hal.o
                0x0800791c                HAL_Delay
 .text.LL_ADC_SetCommonClock
                0x08007960       0x26 ./Drivers/STM32G4xx_HAL_Driver/Src/stm32g4xx_hal_adc.o
 .text.LL_ADC_SetCommonPathInternalCh
                0x08007986       0x26 ./Drivers/STM32G4xx_HAL_Driver/Src/stm32g4xx_hal_adc.o
 .text.LL_ADC_GetCommonPathInternalCh
                0x080079ac       0x1c ./Drivers/STM32G4xx_HAL_Driver/Src/stm32g4xx_hal_adc.o
 .text.LL_ADC_SetOffset
                0x080079c8       0x48 ./Drivers/STM32G4xx_HAL_Driver/Src/stm32g4xx_hal_adc.o
 .text.LL_ADC_GetOffsetChannel
                0x08007a10       0x2c ./Drivers/STM32G4xx_HAL_Driver/Src/stm32g4xx_hal_adc.o
 .text.LL_ADC_SetOffsetState
                0x08007a3c       0x36 ./Drivers/STM32G4xx_HAL_Driver/Src/stm32g4xx_hal_adc.o
 .text.LL_ADC_SetOffsetSign
                0x08007a72       0x36 ./Drivers/STM32G4xx_HAL_Driver/Src/stm32g4xx_hal_adc.o
 .text.LL_ADC_SetOffsetSaturation
                0x08007aa8       0x36 ./Drivers/STM32G4xx_HAL_Driver/Src/stm32g4xx_hal_adc.o
 .text.LL_ADC_SetSamplingTimeCommonConfig
                0x08007ade       0x26 ./Drivers/STM32G4xx_HAL_Driver/Src/stm32g4xx_hal_adc.o
 .text.LL_ADC_REG_IsTriggerSourceSWStart
                0x08007b04       0x26 ./Drivers/STM32G4xx_HAL_Driver/Src/stm32g4xx_hal_adc.o
 .text.LL_ADC_REG_SetSequencerRanks
                0x08007b2a       0x58 ./Drivers/STM32G4xx_HAL_Driver/Src/stm32g4xx_hal_adc.o
 .text.LL_ADC_SetChannelSamplingTime
                0x08007b82       0x56 ./Drivers/STM32G4xx_HAL_Driver/Src/stm32g4xx_hal_adc.o
 .text.LL_ADC_SetChannelSingleDiff
                0x08007bd8       0x48 ./Drivers/STM32G4xx_HAL_Driver/Src/stm32g4xx_hal_adc.o
 .text.LL_ADC_GetMultimode
                0x08007c20       0x1c ./Drivers/STM32G4xx_HAL_Driver/Src/stm32g4xx_hal_adc.o
 .text.LL_ADC_DisableDeepPowerDown
                0x08007c3c       0x24 ./Drivers/STM32G4xx_HAL_Driver/Src/stm32g4xx_hal_adc.o
 .text.LL_ADC_IsDeepPowerDownEnabled
                0x08007c60       0x28 ./Drivers/STM32G4xx_HAL_Driver/Src/stm32g4xx_hal_adc.o
 .text.LL_ADC_EnableInternalRegulator
                0x08007c88       0x28 ./Drivers/STM32G4xx_HAL_Driver/Src/stm32g4xx_hal_adc.o
 .text.LL_ADC_IsInternalRegulatorEnabled
                0x08007cb0       0x28 ./Drivers/STM32G4xx_HAL_Driver/Src/stm32g4xx_hal_adc.o
 .text.LL_ADC_Enable
                0x08007cd8       0x28 ./Drivers/STM32G4xx_HAL_Driver/Src/stm32g4xx_hal_adc.o
 .text.LL_ADC_IsEnabled
                0x08007d00       0x26 ./Drivers/STM32G4xx_HAL_Driver/Src/stm32g4xx_hal_adc.o
 .text.LL_ADC_REG_StartConversion
                0x08007d26       0x28 ./Drivers/STM32G4xx_HAL_Driver/Src/stm32g4xx_hal_adc.o
 .text.LL_ADC_REG_IsConversionOngoing
                0x08007d4e       0x26 ./Drivers/STM32G4xx_HAL_Driver/Src/stm32g4xx_hal_adc.o
 .text.LL_ADC_INJ_IsConversionOngoing
                0x08007d74       0x26 ./Drivers/STM32G4xx_HAL_Driver/Src/stm32g4xx_hal_adc.o
 *fill*         0x08007d9a        0x2 
 .text.HAL_ADC_Init
                0x08007d9c      0x378 ./Drivers/STM32G4xx_HAL_Driver/Src/stm32g4xx_hal_adc.o
                0x08007d9c                HAL_ADC_Init
 .text.HAL_ADC_Start_DMA
                0x08008114      0x1a8 ./Drivers/STM32G4xx_HAL_Driver/Src/stm32g4xx_hal_adc.o
                0x08008114                HAL_ADC_Start_DMA
 .text.HAL_ADC_ConvCpltCallback
                0x080082bc       0x14 ./Drivers/STM32G4xx_HAL_Driver/Src/stm32g4xx_hal_adc.o
                0x080082bc                HAL_ADC_ConvCpltCallback
 .text.HAL_ADC_ConvHalfCpltCallback
                0x080082d0       0x14 ./Drivers/STM32G4xx_HAL_Driver/Src/stm32g4xx_hal_adc.o
                0x080082d0                HAL_ADC_ConvHalfCpltCallback
 .text.HAL_ADC_ErrorCallback
                0x080082e4       0x14 ./Drivers/STM32G4xx_HAL_Driver/Src/stm32g4xx_hal_adc.o
                0x080082e4                HAL_ADC_ErrorCallback
 .text.HAL_ADC_ConfigChannel
                0x080082f8      0x880 ./Drivers/STM32G4xx_HAL_Driver/Src/stm32g4xx_hal_adc.o
                0x080082f8                HAL_ADC_ConfigChannel
 .text.ADC_Enable
                0x08008b78      0x12c ./Drivers/STM32G4xx_HAL_Driver/Src/stm32g4xx_hal_adc.o
                0x08008b78                ADC_Enable
 .text.ADC_DMAConvCplt
                0x08008ca4       0xd8 ./Drivers/STM32G4xx_HAL_Driver/Src/stm32g4xx_hal_adc.o
                0x08008ca4                ADC_DMAConvCplt
 .text.ADC_DMAHalfConvCplt
                0x08008d7c       0x1c ./Drivers/STM32G4xx_HAL_Driver/Src/stm32g4xx_hal_adc.o
                0x08008d7c                ADC_DMAHalfConvCplt
 .text.ADC_DMAError
                0x08008d98       0x34 ./Drivers/STM32G4xx_HAL_Driver/Src/stm32g4xx_hal_adc.o
                0x08008d98                ADC_DMAError
 .text.LL_ADC_IsEnabled
                0x08008dcc       0x26 ./Drivers/STM32G4xx_HAL_Driver/Src/stm32g4xx_hal_adc_ex.o
 .text.LL_ADC_REG_IsConversionOngoing
                0x08008df2       0x26 ./Drivers/STM32G4xx_HAL_Driver/Src/stm32g4xx_hal_adc_ex.o
 .text.HAL_ADCEx_MultiModeConfigChannel
                0x08008e18      0x210 ./Drivers/STM32G4xx_HAL_Driver/Src/stm32g4xx_hal_adc_ex.o
                0x08008e18                HAL_ADCEx_MultiModeConfigChannel
 .text.__NVIC_SetPriorityGrouping
                0x08009028       0x48 ./Drivers/STM32G4xx_HAL_Driver/Src/stm32g4xx_hal_cortex.o
 .text.__NVIC_GetPriorityGrouping
                0x08009070       0x1c ./Drivers/STM32G4xx_HAL_Driver/Src/stm32g4xx_hal_cortex.o
 .text.__NVIC_EnableIRQ
                0x0800908c       0x3c ./Drivers/STM32G4xx_HAL_Driver/Src/stm32g4xx_hal_cortex.o
 .text.__NVIC_DisableIRQ
                0x080090c8       0x48 ./Drivers/STM32G4xx_HAL_Driver/Src/stm32g4xx_hal_cortex.o
 .text.__NVIC_SetPriority
                0x08009110       0x54 ./Drivers/STM32G4xx_HAL_Driver/Src/stm32g4xx_hal_cortex.o
 .text.NVIC_EncodePriority
                0x08009164       0x66 ./Drivers/STM32G4xx_HAL_Driver/Src/stm32g4xx_hal_cortex.o
 *fill*         0x080091ca        0x2 
 .text.SysTick_Config
                0x080091cc       0x44 ./Drivers/STM32G4xx_HAL_Driver/Src/stm32g4xx_hal_cortex.o
 .text.HAL_NVIC_SetPriorityGrouping
                0x08009210       0x16 ./Drivers/STM32G4xx_HAL_Driver/Src/stm32g4xx_hal_cortex.o
                0x08009210                HAL_NVIC_SetPriorityGrouping
 .text.HAL_NVIC_SetPriority
                0x08009226       0x34 ./Drivers/STM32G4xx_HAL_Driver/Src/stm32g4xx_hal_cortex.o
                0x08009226                HAL_NVIC_SetPriority
 .text.HAL_NVIC_EnableIRQ
                0x0800925a       0x1c ./Drivers/STM32G4xx_HAL_Driver/Src/stm32g4xx_hal_cortex.o
                0x0800925a                HAL_NVIC_EnableIRQ
 .text.HAL_NVIC_DisableIRQ
                0x08009276       0x1c ./Drivers/STM32G4xx_HAL_Driver/Src/stm32g4xx_hal_cortex.o
                0x08009276                HAL_NVIC_DisableIRQ
 .text.HAL_SYSTICK_Config
                0x08009292       0x18 ./Drivers/STM32G4xx_HAL_Driver/Src/stm32g4xx_hal_cortex.o
                0x08009292                HAL_SYSTICK_Config
 *fill*         0x080092aa        0x2 
 .text.HAL_DMA_Init
                0x080092ac      0x150 ./Drivers/STM32G4xx_HAL_Driver/Src/stm32g4xx_hal_dma.o
                0x080092ac                HAL_DMA_Init
 .text.HAL_DMA_Start_IT
                0x080093fc       0xf6 ./Drivers/STM32G4xx_HAL_Driver/Src/stm32g4xx_hal_dma.o
                0x080093fc                HAL_DMA_Start_IT
 .text.HAL_DMA_Abort
                0x080094f2       0xb2 ./Drivers/STM32G4xx_HAL_Driver/Src/stm32g4xx_hal_dma.o
                0x080094f2                HAL_DMA_Abort
 .text.HAL_DMA_Abort_IT
                0x080095a4       0xce ./Drivers/STM32G4xx_HAL_Driver/Src/stm32g4xx_hal_dma.o
                0x080095a4                HAL_DMA_Abort_IT
 .text.HAL_DMA_IRQHandler
                0x08009672      0x15e ./Drivers/STM32G4xx_HAL_Driver/Src/stm32g4xx_hal_dma.o
                0x08009672                HAL_DMA_IRQHandler
 .text.DMA_SetConfig
                0x080097d0       0x7c ./Drivers/STM32G4xx_HAL_Driver/Src/stm32g4xx_hal_dma.o
 .text.DMA_CalcDMAMUXChannelBaseAndMask
                0x0800984c       0x7c ./Drivers/STM32G4xx_HAL_Driver/Src/stm32g4xx_hal_dma.o
 .text.DMA_CalcDMAMUXRequestGenBaseAndMask
                0x080098c8       0x48 ./Drivers/STM32G4xx_HAL_Driver/Src/stm32g4xx_hal_dma.o
 .text.HAL_GPIO_Init
                0x08009910      0x304 ./Drivers/STM32G4xx_HAL_Driver/Src/stm32g4xx_hal_gpio.o
                0x08009910                HAL_GPIO_Init
 .text.HAL_GPIO_DeInit
                0x08009c14      0x1c4 ./Drivers/STM32G4xx_HAL_Driver/Src/stm32g4xx_hal_gpio.o
                0x08009c14                HAL_GPIO_DeInit
 .text.HAL_GPIO_WritePin
                0x08009dd8       0x30 ./Drivers/STM32G4xx_HAL_Driver/Src/stm32g4xx_hal_gpio.o
                0x08009dd8                HAL_GPIO_WritePin
 .text.HAL_GPIO_TogglePin
                0x08009e08       0x34 ./Drivers/STM32G4xx_HAL_Driver/Src/stm32g4xx_hal_gpio.o
                0x08009e08                HAL_GPIO_TogglePin
 .text.HAL_PWREx_ControlVoltageScaling
                0x08009e3c      0x148 ./Drivers/STM32G4xx_HAL_Driver/Src/stm32g4xx_hal_pwr_ex.o
                0x08009e3c                HAL_PWREx_ControlVoltageScaling
 .text.HAL_PWREx_DisableUCPDDeadBattery
                0x08009f84       0x20 ./Drivers/STM32G4xx_HAL_Driver/Src/stm32g4xx_hal_pwr_ex.o
                0x08009f84                HAL_PWREx_DisableUCPDDeadBattery
 .text.HAL_RCC_OscConfig
                0x08009fa4      0x624 ./Drivers/STM32G4xx_HAL_Driver/Src/stm32g4xx_hal_rcc.o
                0x08009fa4                HAL_RCC_OscConfig
 .text.HAL_RCC_ClockConfig
                0x0800a5c8      0x278 ./Drivers/STM32G4xx_HAL_Driver/Src/stm32g4xx_hal_rcc.o
                0x0800a5c8                HAL_RCC_ClockConfig
 .text.HAL_RCC_GetSysClockFreq
                0x0800a840       0xc4 ./Drivers/STM32G4xx_HAL_Driver/Src/stm32g4xx_hal_rcc.o
                0x0800a840                HAL_RCC_GetSysClockFreq
 .text.HAL_RCC_GetHCLKFreq
                0x0800a904       0x18 ./Drivers/STM32G4xx_HAL_Driver/Src/stm32g4xx_hal_rcc.o
                0x0800a904                HAL_RCC_GetHCLKFreq
 .text.HAL_RCC_GetPCLK1Freq
                0x0800a91c       0x2c ./Drivers/STM32G4xx_HAL_Driver/Src/stm32g4xx_hal_rcc.o
                0x0800a91c                HAL_RCC_GetPCLK1Freq
 .text.HAL_RCC_GetPCLK2Freq
                0x0800a948       0x2c ./Drivers/STM32G4xx_HAL_Driver/Src/stm32g4xx_hal_rcc.o
                0x0800a948                HAL_RCC_GetPCLK2Freq
 .text.RCC_GetSysClockFreqFromPLLSource
                0x0800a974       0x8c ./Drivers/STM32G4xx_HAL_Driver/Src/stm32g4xx_hal_rcc.o
 .text.HAL_RCCEx_PeriphCLKConfig
                0x0800aa00      0x49c ./Drivers/STM32G4xx_HAL_Driver/Src/stm32g4xx_hal_rcc_ex.o
                0x0800aa00                HAL_RCCEx_PeriphCLKConfig
 .text.HAL_SPI_Init
                0x0800ae9c      0x156 ./Drivers/STM32G4xx_HAL_Driver/Src/stm32g4xx_hal_spi.o
                0x0800ae9c                HAL_SPI_Init
 .text.HAL_SPI_Transmit
                0x0800aff2      0x2ec ./Drivers/STM32G4xx_HAL_Driver/Src/stm32g4xx_hal_spi.o
                0x0800aff2                HAL_SPI_Transmit
 .text.HAL_SPI_Receive
                0x0800b2de      0x270 ./Drivers/STM32G4xx_HAL_Driver/Src/stm32g4xx_hal_spi.o
                0x0800b2de                HAL_SPI_Receive
 .text.HAL_SPI_TransmitReceive
                0x0800b54e      0x43e ./Drivers/STM32G4xx_HAL_Driver/Src/stm32g4xx_hal_spi.o
                0x0800b54e                HAL_SPI_TransmitReceive
 .text.SPI_WaitFlagStateUntilTimeout
                0x0800b98c      0x110 ./Drivers/STM32G4xx_HAL_Driver/Src/stm32g4xx_hal_spi.o
 .text.SPI_WaitFifoStateUntilTimeout
                0x0800ba9c      0x12c ./Drivers/STM32G4xx_HAL_Driver/Src/stm32g4xx_hal_spi.o
 .text.SPI_EndRxTransaction
                0x0800bbc8       0xb0 ./Drivers/STM32G4xx_HAL_Driver/Src/stm32g4xx_hal_spi.o
 .text.SPI_EndRxTxTransaction
                0x0800bc78       0x8c ./Drivers/STM32G4xx_HAL_Driver/Src/stm32g4xx_hal_spi.o
 .text.HAL_TIM_Base_Init
                0x0800bd04       0xae ./Drivers/STM32G4xx_HAL_Driver/Src/stm32g4xx_hal_tim.o
                0x0800bd04                HAL_TIM_Base_Init
 *fill*         0x0800bdb2        0x2 
 .text.HAL_TIM_Base_Start_IT
                0x0800bdb4       0xf0 ./Drivers/STM32G4xx_HAL_Driver/Src/stm32g4xx_hal_tim.o
                0x0800bdb4                HAL_TIM_Base_Start_IT
 .text.HAL_TIM_PWM_Init
                0x0800bea4       0xae ./Drivers/STM32G4xx_HAL_Driver/Src/stm32g4xx_hal_tim.o
                0x0800bea4                HAL_TIM_PWM_Init
 *fill*         0x0800bf52        0x2 
 .text.HAL_TIM_PWM_Start
                0x0800bf54      0x224 ./Drivers/STM32G4xx_HAL_Driver/Src/stm32g4xx_hal_tim.o
                0x0800bf54                HAL_TIM_PWM_Start
 .text.HAL_TIM_Encoder_Init
                0x0800c178      0x14c ./Drivers/STM32G4xx_HAL_Driver/Src/stm32g4xx_hal_tim.o
                0x0800c178                HAL_TIM_Encoder_Init
 .text.HAL_TIM_Encoder_Start
                0x0800c2c4      0x11c ./Drivers/STM32G4xx_HAL_Driver/Src/stm32g4xx_hal_tim.o
                0x0800c2c4                HAL_TIM_Encoder_Start
 .text.HAL_TIM_IRQHandler
                0x0800c3e0      0x29e ./Drivers/STM32G4xx_HAL_Driver/Src/stm32g4xx_hal_tim.o
                0x0800c3e0                HAL_TIM_IRQHandler
 *fill*         0x0800c67e        0x2 
 .text.HAL_TIM_PWM_ConfigChannel
                0x0800c680      0x228 ./Drivers/STM32G4xx_HAL_Driver/Src/stm32g4xx_hal_tim.o
                0x0800c680                HAL_TIM_PWM_ConfigChannel
 .text.HAL_TIM_ConfigClockSource
                0x0800c8a8      0x22c ./Drivers/STM32G4xx_HAL_Driver/Src/stm32g4xx_hal_tim.o
                0x0800c8a8                HAL_TIM_ConfigClockSource
 .text.HAL_TIM_OC_DelayElapsedCallback
                0x0800cad4       0x14 ./Drivers/STM32G4xx_HAL_Driver/Src/stm32g4xx_hal_tim.o
                0x0800cad4                HAL_TIM_OC_DelayElapsedCallback
 .text.HAL_TIM_IC_CaptureCallback
                0x0800cae8       0x14 ./Drivers/STM32G4xx_HAL_Driver/Src/stm32g4xx_hal_tim.o
                0x0800cae8                HAL_TIM_IC_CaptureCallback
 .text.HAL_TIM_PWM_PulseFinishedCallback
                0x0800cafc       0x14 ./Drivers/STM32G4xx_HAL_Driver/Src/stm32g4xx_hal_tim.o
                0x0800cafc                HAL_TIM_PWM_PulseFinishedCallback
 .text.HAL_TIM_TriggerCallback
                0x0800cb10       0x14 ./Drivers/STM32G4xx_HAL_Driver/Src/stm32g4xx_hal_tim.o
                0x0800cb10                HAL_TIM_TriggerCallback
 .text.TIM_Base_SetConfig
                0x0800cb24      0x168 ./Drivers/STM32G4xx_HAL_Driver/Src/stm32g4xx_hal_tim.o
                0x0800cb24                TIM_Base_SetConfig
 .text.TIM_OC1_SetConfig
                0x0800cc8c      0x134 ./Drivers/STM32G4xx_HAL_Driver/Src/stm32g4xx_hal_tim.o
 .text.TIM_OC2_SetConfig
                0x0800cdc0      0x128 ./Drivers/STM32G4xx_HAL_Driver/Src/stm32g4xx_hal_tim.o
                0x0800cdc0                TIM_OC2_SetConfig
 .text.TIM_OC3_SetConfig
                0x0800cee8      0x124 ./Drivers/STM32G4xx_HAL_Driver/Src/stm32g4xx_hal_tim.o
 .text.TIM_OC4_SetConfig
                0x0800d00c      0x128 ./Drivers/STM32G4xx_HAL_Driver/Src/stm32g4xx_hal_tim.o
 .text.TIM_OC5_SetConfig
                0x0800d134       0xd4 ./Drivers/STM32G4xx_HAL_Driver/Src/stm32g4xx_hal_tim.o
 .text.TIM_OC6_SetConfig
                0x0800d208       0xd8 ./Drivers/STM32G4xx_HAL_Driver/Src/stm32g4xx_hal_tim.o
 .text.TIM_TI1_ConfigInputStage
                0x0800d2e0       0x5e ./Drivers/STM32G4xx_HAL_Driver/Src/stm32g4xx_hal_tim.o
 .text.TIM_TI2_ConfigInputStage
                0x0800d33e       0x60 ./Drivers/STM32G4xx_HAL_Driver/Src/stm32g4xx_hal_tim.o
 .text.TIM_ITRx_SetConfig
                0x0800d39e       0x3a ./Drivers/STM32G4xx_HAL_Driver/Src/stm32g4xx_hal_tim.o
 .text.TIM_ETR_SetConfig
                0x0800d3d8       0x40 ./Drivers/STM32G4xx_HAL_Driver/Src/stm32g4xx_hal_tim.o
                0x0800d3d8                TIM_ETR_SetConfig
 .text.TIM_CCxChannelCmd
                0x0800d418       0x4a ./Drivers/STM32G4xx_HAL_Driver/Src/stm32g4xx_hal_tim.o
                0x0800d418                TIM_CCxChannelCmd
 *fill*         0x0800d462        0x2 
 .text.HAL_TIMEx_MasterConfigSynchronization
                0x0800d464      0x12c ./Drivers/STM32G4xx_HAL_Driver/Src/stm32g4xx_hal_tim_ex.o
                0x0800d464                HAL_TIMEx_MasterConfigSynchronization
 .text.HAL_TIMEx_CommutCallback
                0x0800d590       0x14 ./Drivers/STM32G4xx_HAL_Driver/Src/stm32g4xx_hal_tim_ex.o
                0x0800d590                HAL_TIMEx_CommutCallback
 .text.HAL_TIMEx_BreakCallback
                0x0800d5a4       0x14 ./Drivers/STM32G4xx_HAL_Driver/Src/stm32g4xx_hal_tim_ex.o
                0x0800d5a4                HAL_TIMEx_BreakCallback
 .text.HAL_TIMEx_Break2Callback
                0x0800d5b8       0x14 ./Drivers/STM32G4xx_HAL_Driver/Src/stm32g4xx_hal_tim_ex.o
                0x0800d5b8                HAL_TIMEx_Break2Callback
 .text.HAL_TIMEx_EncoderIndexCallback
                0x0800d5cc       0x14 ./Drivers/STM32G4xx_HAL_Driver/Src/stm32g4xx_hal_tim_ex.o
                0x0800d5cc                HAL_TIMEx_EncoderIndexCallback
 .text.HAL_TIMEx_DirectionChangeCallback
                0x0800d5e0       0x14 ./Drivers/STM32G4xx_HAL_Driver/Src/stm32g4xx_hal_tim_ex.o
                0x0800d5e0                HAL_TIMEx_DirectionChangeCallback
 .text.HAL_TIMEx_IndexErrorCallback
                0x0800d5f4       0x14 ./Drivers/STM32G4xx_HAL_Driver/Src/stm32g4xx_hal_tim_ex.o
                0x0800d5f4                HAL_TIMEx_IndexErrorCallback
 .text.HAL_TIMEx_TransitionErrorCallback
                0x0800d608       0x14 ./Drivers/STM32G4xx_HAL_Driver/Src/stm32g4xx_hal_tim_ex.o
                0x0800d608                HAL_TIMEx_TransitionErrorCallback
 .text.HAL_UART_Init
                0x0800d61c       0xa0 ./Drivers/STM32G4xx_HAL_Driver/Src/stm32g4xx_hal_uart.o
                0x0800d61c                HAL_UART_Init
 .text.HAL_UART_DeInit
                0x0800d6bc       0x7e ./Drivers/STM32G4xx_HAL_Driver/Src/stm32g4xx_hal_uart.o
                0x0800d6bc                HAL_UART_DeInit
 .text.HAL_UART_Transmit
                0x0800d73a      0x11c ./Drivers/STM32G4xx_HAL_Driver/Src/stm32g4xx_hal_uart.o
                0x0800d73a                HAL_UART_Transmit
 .text.HAL_UART_Receive
                0x0800d856      0x190 ./Drivers/STM32G4xx_HAL_Driver/Src/stm32g4xx_hal_uart.o
                0x0800d856                HAL_UART_Receive
 *fill*         0x0800d9e6        0x2 
 .text.HAL_UART_Receive_IT
                0x0800d9e8       0x98 ./Drivers/STM32G4xx_HAL_Driver/Src/stm32g4xx_hal_uart.o
                0x0800d9e8                HAL_UART_Receive_IT
 .text.HAL_UART_AbortReceive_IT
                0x0800da80      0x19c ./Drivers/STM32G4xx_HAL_Driver/Src/stm32g4xx_hal_uart.o
                0x0800da80                HAL_UART_AbortReceive_IT
 .text.HAL_UART_IRQHandler
                0x0800dc1c      0x684 ./Drivers/STM32G4xx_HAL_Driver/Src/stm32g4xx_hal_uart.o
                0x0800dc1c                HAL_UART_IRQHandler
 .text.HAL_UART_TxCpltCallback
                0x0800e2a0       0x14 ./Drivers/STM32G4xx_HAL_Driver/Src/stm32g4xx_hal_uart.o
                0x0800e2a0                HAL_UART_TxCpltCallback
 .text.HAL_UART_ErrorCallback
                0x0800e2b4       0x14 ./Drivers/STM32G4xx_HAL_Driver/Src/stm32g4xx_hal_uart.o
                0x0800e2b4                HAL_UART_ErrorCallback
 .text.HAL_UART_AbortReceiveCpltCallback
                0x0800e2c8       0x14 ./Drivers/STM32G4xx_HAL_Driver/Src/stm32g4xx_hal_uart.o
                0x0800e2c8                HAL_UART_AbortReceiveCpltCallback
 .text.HAL_UARTEx_RxEventCallback
                0x0800e2dc       0x18 ./Drivers/STM32G4xx_HAL_Driver/Src/stm32g4xx_hal_uart.o
                0x0800e2dc                HAL_UARTEx_RxEventCallback
 .text.UART_SetConfig
                0x0800e2f4      0x5f8 ./Drivers/STM32G4xx_HAL_Driver/Src/stm32g4xx_hal_uart.o
                0x0800e2f4                UART_SetConfig
 .text.UART_AdvFeatureConfig
                0x0800e8ec      0x144 ./Drivers/STM32G4xx_HAL_Driver/Src/stm32g4xx_hal_uart.o
                0x0800e8ec                UART_AdvFeatureConfig
 .text.UART_CheckIdleState
                0x0800ea30      0x154 ./Drivers/STM32G4xx_HAL_Driver/Src/stm32g4xx_hal_uart.o
                0x0800ea30                UART_CheckIdleState
 .text.UART_WaitOnFlagUntilTimeout
                0x0800eb84       0xda ./Drivers/STM32G4xx_HAL_Driver/Src/stm32g4xx_hal_uart.o
                0x0800eb84                UART_WaitOnFlagUntilTimeout
 *fill*         0x0800ec5e        0x2 
 .text.UART_Start_Receive_IT
                0x0800ec60      0x244 ./Drivers/STM32G4xx_HAL_Driver/Src/stm32g4xx_hal_uart.o
                0x0800ec60                UART_Start_Receive_IT
 .text.UART_EndRxTransfer
                0x0800eea4       0xcc ./Drivers/STM32G4xx_HAL_Driver/Src/stm32g4xx_hal_uart.o
 .text.UART_DMAAbortOnError
                0x0800ef70       0x24 ./Drivers/STM32G4xx_HAL_Driver/Src/stm32g4xx_hal_uart.o
 .text.UART_DMARxOnlyAbortCallback
                0x0800ef94       0x4a ./Drivers/STM32G4xx_HAL_Driver/Src/stm32g4xx_hal_uart.o
 .text.UART_EndTransmit_IT
                0x0800efde       0x56 ./Drivers/STM32G4xx_HAL_Driver/Src/stm32g4xx_hal_uart.o
 .text.UART_RxISR_8BIT
                0x0800f034      0x1b8 ./Drivers/STM32G4xx_HAL_Driver/Src/stm32g4xx_hal_uart.o
 .text.UART_RxISR_16BIT
                0x0800f1ec      0x1b8 ./Drivers/STM32G4xx_HAL_Driver/Src/stm32g4xx_hal_uart.o
 .text.UART_RxISR_8BIT_FIFOEN
                0x0800f3a4      0x364 ./Drivers/STM32G4xx_HAL_Driver/Src/stm32g4xx_hal_uart.o
 .text.UART_RxISR_16BIT_FIFOEN
                0x0800f708      0x36c ./Drivers/STM32G4xx_HAL_Driver/Src/stm32g4xx_hal_uart.o
 .text.HAL_UARTEx_WakeupCallback
                0x0800fa74       0x14 ./Drivers/STM32G4xx_HAL_Driver/Src/stm32g4xx_hal_uart_ex.o
                0x0800fa74                HAL_UARTEx_WakeupCallback
 .text.HAL_UARTEx_RxFifoFullCallback
                0x0800fa88       0x14 ./Drivers/STM32G4xx_HAL_Driver/Src/stm32g4xx_hal_uart_ex.o
                0x0800fa88                HAL_UARTEx_RxFifoFullCallback
 .text.HAL_UARTEx_TxFifoEmptyCallback
                0x0800fa9c       0x14 ./Drivers/STM32G4xx_HAL_Driver/Src/stm32g4xx_hal_uart_ex.o
                0x0800fa9c                HAL_UARTEx_TxFifoEmptyCallback
 .text.HAL_UARTEx_DisableFifoMode
                0x0800fab0       0x72 ./Drivers/STM32G4xx_HAL_Driver/Src/stm32g4xx_hal_uart_ex.o
                0x0800fab0                HAL_UARTEx_DisableFifoMode
 .text.HAL_UARTEx_SetTxFifoThreshold
                0x0800fb22       0x7c ./Drivers/STM32G4xx_HAL_Driver/Src/stm32g4xx_hal_uart_ex.o
                0x0800fb22                HAL_UARTEx_SetTxFifoThreshold
 .text.HAL_UARTEx_SetRxFifoThreshold
                0x0800fb9e       0x7c ./Drivers/STM32G4xx_HAL_Driver/Src/stm32g4xx_hal_uart_ex.o
                0x0800fb9e                HAL_UARTEx_SetRxFifoThreshold
 *fill*         0x0800fc1a        0x2 
 .text.UARTEx_SetNbDataToProcess
                0x0800fc1c       0x9c ./Drivers/STM32G4xx_HAL_Driver/Src/stm32g4xx_hal_uart_ex.o
 .text.MX_FATFS_Init
                0x0800fcb8       0x30 ./FATFS/App/app_fatfs.o
                0x0800fcb8                MX_FATFS_Init
 .text.get_fattime
                0x0800fce8       0x10 ./FATFS/App/app_fatfs.o
                0x0800fce8                get_fattime
 .text.USER_initialize
                0x0800fcf8       0x1c ./FATFS/Target/user_diskio.o
                0x0800fcf8                USER_initialize
 .text.USER_status
                0x0800fd14       0x1c ./FATFS/Target/user_diskio.o
                0x0800fd14                USER_status
 .text.USER_read
                0x0800fd30       0x26 ./FATFS/Target/user_diskio.o
                0x0800fd30                USER_read
 .text.USER_write
                0x0800fd56       0x26 ./FATFS/Target/user_diskio.o
                0x0800fd56                USER_write
 .text.USER_ioctl
                0x0800fd7c       0x26 ./FATFS/Target/user_diskio.o
                0x0800fd7c                USER_ioctl
 *fill*         0x0800fda2        0x2 
 .text.SPI_Timer_On
                0x0800fda4       0x28 ./FATFS/Target/user_diskio_spi.o
                0x0800fda4                SPI_Timer_On
 .text.SPI_Timer_Status
                0x0800fdcc       0x2c ./FATFS/Target/user_diskio_spi.o
                0x0800fdcc                SPI_Timer_Status
 .text.xchg_spi
                0x0800fdf8       0x2c ./FATFS/Target/user_diskio_spi.o
 .text.rcvr_spi_multi
                0x0800fe24       0x38 ./FATFS/Target/user_diskio_spi.o
 .text.xmit_spi_multi
                0x0800fe5c       0x36 ./FATFS/Target/user_diskio_spi.o
 .text.wait_ready
                0x0800fe92       0x46 ./FATFS/Target/user_diskio_spi.o
 .text.despiselect
                0x0800fed8       0x20 ./FATFS/Target/user_diskio_spi.o
 .text.spiselect
                0x0800fef8       0x38 ./FATFS/Target/user_diskio_spi.o
 .text.rcvr_datablock
                0x0800ff30       0x52 ./FATFS/Target/user_diskio_spi.o
 .text.xmit_datablock
                0x0800ff82       0x64 ./FATFS/Target/user_diskio_spi.o
 .text.send_cmd
                0x0800ffe6       0xde ./FATFS/Target/user_diskio_spi.o
 .text.USER_SPI_initialize
                0x080100c4      0x1d4 ./FATFS/Target/user_diskio_spi.o
                0x080100c4                USER_SPI_initialize
 .text.USER_SPI_status
                0x08010298       0x2c ./FATFS/Target/user_diskio_spi.o
                0x08010298                USER_SPI_status
 .text.USER_SPI_read
                0x080102c4       0xcc ./FATFS/Target/user_diskio_spi.o
                0x080102c4                USER_SPI_read
 .text.USER_SPI_write
                0x08010390       0xf8 ./FATFS/Target/user_diskio_spi.o
                0x08010390                USER_SPI_write
 .text.USER_SPI_ioctl
                0x08010488      0x2e0 ./FATFS/Target/user_diskio_spi.o
                0x08010488                USER_SPI_ioctl
 .text.disk_status
                0x08010768       0x34 ./Middlewares/Third_Party/FatFs/src/diskio.o
                0x08010768                disk_status
 .text.disk_initialize
                0x0801079c       0x4c ./Middlewares/Third_Party/FatFs/src/diskio.o
                0x0801079c                disk_initialize
 .text.disk_read
                0x080107e8       0x40 ./Middlewares/Third_Party/FatFs/src/diskio.o
                0x080107e8                disk_read
 .text.disk_write
                0x08010828       0x40 ./Middlewares/Third_Party/FatFs/src/diskio.o
                0x08010828                disk_write
 .text.disk_ioctl
                0x08010868       0x3c ./Middlewares/Third_Party/FatFs/src/diskio.o
                0x08010868                disk_ioctl
 .text.ld_word  0x080108a4       0x32 ./Middlewares/Third_Party/FatFs/src/ff.o
 .text.ld_dword
                0x080108d6       0x46 ./Middlewares/Third_Party/FatFs/src/ff.o
 .text.st_word  0x0801091c       0x36 ./Middlewares/Third_Party/FatFs/src/ff.o
 .text.st_dword
                0x08010952       0x58 ./Middlewares/Third_Party/FatFs/src/ff.o
 .text.mem_cpy  0x080109aa       0x42 ./Middlewares/Third_Party/FatFs/src/ff.o
 .text.mem_set  0x080109ec       0x36 ./Middlewares/Third_Party/FatFs/src/ff.o
 .text.mem_cmp  0x08010a22       0x4e ./Middlewares/Third_Party/FatFs/src/ff.o
 .text.chk_chr  0x08010a70       0x36 ./Middlewares/Third_Party/FatFs/src/ff.o
 *fill*         0x08010aa6        0x2 
 .text.chk_lock
                0x08010aa8       0xb8 ./Middlewares/Third_Party/FatFs/src/ff.o
 .text.enq_lock
                0x08010b60       0x44 ./Middlewares/Third_Party/FatFs/src/ff.o
 .text.inc_lock
                0x08010ba4      0x11c ./Middlewares/Third_Party/FatFs/src/ff.o
 .text.dec_lock
                0x08010cc0       0x78 ./Middlewares/Third_Party/FatFs/src/ff.o
 .text.clear_lock
                0x08010d38       0x48 ./Middlewares/Third_Party/FatFs/src/ff.o
 .text.sync_window
                0x08010d80       0x88 ./Middlewares/Third_Party/FatFs/src/ff.o
 .text.move_window
                0x08010e08       0x5a ./Middlewares/Third_Party/FatFs/src/ff.o
 *fill*         0x08010e62        0x2 
 .text.sync_fs  0x08010e64       0xdc ./Middlewares/Third_Party/FatFs/src/ff.o
 .text.clust2sect
                0x08010f40       0x3e ./Middlewares/Third_Party/FatFs/src/ff.o
 .text.get_fat  0x08010f7e      0x14e ./Middlewares/Third_Party/FatFs/src/ff.o
 .text.put_fat  0x080110cc      0x1d4 ./Middlewares/Third_Party/FatFs/src/ff.o
 .text.remove_chain
                0x080112a0       0xca ./Middlewares/Third_Party/FatFs/src/ff.o
 .text.create_chain
                0x0801136a      0x130 ./Middlewares/Third_Party/FatFs/src/ff.o
 .text.clmt_clust
                0x0801149a       0x68 ./Middlewares/Third_Party/FatFs/src/ff.o
 .text.dir_sdi  0x08011502       0xf6 ./Middlewares/Third_Party/FatFs/src/ff.o
 .text.dir_next
                0x080115f8      0x18a ./Middlewares/Third_Party/FatFs/src/ff.o
 .text.dir_alloc
                0x08011782       0x8e ./Middlewares/Third_Party/FatFs/src/ff.o
 .text.ld_clust
                0x08011810       0x3e ./Middlewares/Third_Party/FatFs/src/ff.o
 .text.st_clust
                0x0801184e       0x40 ./Middlewares/Third_Party/FatFs/src/ff.o
 .text.dir_read
                0x0801188e       0xba ./Middlewares/Third_Party/FatFs/src/ff.o
 .text.dir_find
                0x08011948       0xaa ./Middlewares/Third_Party/FatFs/src/ff.o
 .text.dir_register
                0x080119f2       0x64 ./Middlewares/Third_Party/FatFs/src/ff.o
 .text.dir_remove
                0x08011a56       0x3c ./Middlewares/Third_Party/FatFs/src/ff.o
 *fill*         0x08011a92        0x2 
 .text.create_name
                0x08011a94      0x128 ./Middlewares/Third_Party/FatFs/src/ff.o
 .text.follow_path
                0x08011bbc       0xe2 ./Middlewares/Third_Party/FatFs/src/ff.o
 .text.get_ldnumber
                0x08011c9e       0x88 ./Middlewares/Third_Party/FatFs/src/ff.o
 *fill*         0x08011d26        0x2 
 .text.check_fs
                0x08011d28       0xac ./Middlewares/Third_Party/FatFs/src/ff.o
 .text.find_volume
                0x08011dd4      0x498 ./Middlewares/Third_Party/FatFs/src/ff.o
 .text.validate
                0x0801226c       0x6a ./Middlewares/Third_Party/FatFs/src/ff.o
 *fill*         0x080122d6        0x2 
 .text.f_mount  0x080122d8       0x8c ./Middlewares/Third_Party/FatFs/src/ff.o
                0x080122d8                f_mount
 .text.f_open   0x08012364      0x374 ./Middlewares/Third_Party/FatFs/src/ff.o
                0x08012364                f_open
 .text.f_read   0x080126d8      0x27e ./Middlewares/Third_Party/FatFs/src/ff.o
                0x080126d8                f_read
 .text.f_write  0x08012956      0x2ea ./Middlewares/Third_Party/FatFs/src/ff.o
                0x08012956                f_write
 .text.f_sync   0x08012c40       0xfc ./Middlewares/Third_Party/FatFs/src/ff.o
                0x08012c40                f_sync
 .text.f_close  0x08012d3c       0x54 ./Middlewares/Third_Party/FatFs/src/ff.o
                0x08012d3c                f_close
 .text.f_unlink
                0x08012d90      0x156 ./Middlewares/Third_Party/FatFs/src/ff.o
                0x08012d90                f_unlink
 .text.putc_bfd
                0x08012ee6       0x7a ./Middlewares/Third_Party/FatFs/src/ff.o
 .text.putc_flush
                0x08012f60       0x4a ./Middlewares/Third_Party/FatFs/src/ff.o
 .text.putc_init
                0x08012faa       0x2a ./Middlewares/Third_Party/FatFs/src/ff.o
 .text.f_puts   0x08012fd4       0x48 ./Middlewares/Third_Party/FatFs/src/ff.o
                0x08012fd4                f_puts
 .text.FATFS_LinkDriverEx
                0x0801301c       0x98 ./Middlewares/Third_Party/FatFs/src/ff_gen_drv.o
                0x0801301c                FATFS_LinkDriverEx
 .text.FATFS_LinkDriver
                0x080130b4       0x1e ./Middlewares/Third_Party/FatFs/src/ff_gen_drv.o
                0x080130b4                FATFS_LinkDriver
 .text.sulp     0x080130d2       0x3c C:/ST/STM32CubeIDE_1.19.0/STM32CubeIDE/plugins/com.st.stm32cube.ide.mcu.externaltools.gnu-tools-for-stm32.13.3.rel1.win32_1.0.0.202411081344/tools/bin/../lib/gcc/arm-none-eabi/13.3.1/../../../../arm-none-eabi/lib/thumb/v7e-m+fp/hard\libc_nano.a(libc_a-strtod.o)
 *fill*         0x0801310e        0x2 
 .text._strtod_l
                0x08013110      0xbc8 C:/ST/STM32CubeIDE_1.19.0/STM32CubeIDE/plugins/com.st.stm32cube.ide.mcu.externaltools.gnu-tools-for-stm32.13.3.rel1.win32_1.0.0.202411081344/tools/bin/../lib/gcc/arm-none-eabi/13.3.1/../../../../arm-none-eabi/lib/thumb/v7e-m+fp/hard\libc_nano.a(libc_a-strtod.o)
                0x08013110                _strtod_l
 .text.strtof   0x08013cd8       0xc8 C:/ST/STM32CubeIDE_1.19.0/STM32CubeIDE/plugins/com.st.stm32cube.ide.mcu.externaltools.gnu-tools-for-stm32.13.3.rel1.win32_1.0.0.202411081344/tools/bin/../lib/gcc/arm-none-eabi/13.3.1/../../../../arm-none-eabi/lib/thumb/v7e-m+fp/hard\libc_nano.a(libc_a-strtod.o)
                0x08013cd8                strtof
 .text.__cvt    0x08013da0       0xca C:/ST/STM32CubeIDE_1.19.0/STM32CubeIDE/plugins/com.st.stm32cube.ide.mcu.externaltools.gnu-tools-for-stm32.13.3.rel1.win32_1.0.0.202411081344/tools/bin/../lib/gcc/arm-none-eabi/13.3.1/../../../../arm-none-eabi/lib/thumb/v7e-m+fp/hard\libc_nano.a(libc_a-nano-vfprintf_float.o)
                0x08013da0                __cvt
 .text.__exponent
                0x08013e6a       0x74 C:/ST/STM32CubeIDE_1.19.0/STM32CubeIDE/plugins/com.st.stm32cube.ide.mcu.externaltools.gnu-tools-for-stm32.13.3.rel1.win32_1.0.0.202411081344/tools/bin/../lib/gcc/arm-none-eabi/13.3.1/../../../../arm-none-eabi/lib/thumb/v7e-m+fp/hard\libc_nano.a(libc_a-nano-vfprintf_float.o)
                0x08013e6a                __exponent
 *fill*         0x08013ede        0x2 
 .text._printf_float
                0x08013ee0      0x454 C:/ST/STM32CubeIDE_1.19.0/STM32CubeIDE/plugins/com.st.stm32cube.ide.mcu.externaltools.gnu-tools-for-stm32.13.3.rel1.win32_1.0.0.202411081344/tools/bin/../lib/gcc/arm-none-eabi/13.3.1/../../../../arm-none-eabi/lib/thumb/v7e-m+fp/hard\libc_nano.a(libc_a-nano-vfprintf_float.o)
                0x08013ee0                _printf_float
 .text._printf_common
                0x08014334       0xda C:/ST/STM32CubeIDE_1.19.0/STM32CubeIDE/plugins/com.st.stm32cube.ide.mcu.externaltools.gnu-tools-for-stm32.13.3.rel1.win32_1.0.0.202411081344/tools/bin/../lib/gcc/arm-none-eabi/13.3.1/../../../../arm-none-eabi/lib/thumb/v7e-m+fp/hard\libc_nano.a(libc_a-nano-vfprintf_i.o)
                0x08014334                _printf_common
 *fill*         0x0801440e        0x2 
 .text._printf_i
                0x08014410      0x23c C:/ST/STM32CubeIDE_1.19.0/STM32CubeIDE/plugins/com.st.stm32cube.ide.mcu.externaltools.gnu-tools-for-stm32.13.3.rel1.win32_1.0.0.202411081344/tools/bin/../lib/gcc/arm-none-eabi/13.3.1/../../../../arm-none-eabi/lib/thumb/v7e-m+fp/hard\libc_nano.a(libc_a-nano-vfprintf_i.o)
                0x08014410                _printf_i
 .text.std      0x0801464c       0x6c C:/ST/STM32CubeIDE_1.19.0/STM32CubeIDE/plugins/com.st.stm32cube.ide.mcu.externaltools.gnu-tools-for-stm32.13.3.rel1.win32_1.0.0.202411081344/tools/bin/../lib/gcc/arm-none-eabi/13.3.1/../../../../arm-none-eabi/lib/thumb/v7e-m+fp/hard\libc_nano.a(libc_a-findfp.o)
 .text.stdio_exit_handler
                0x080146b8       0x18 C:/ST/STM32CubeIDE_1.19.0/STM32CubeIDE/plugins/com.st.stm32cube.ide.mcu.externaltools.gnu-tools-for-stm32.13.3.rel1.win32_1.0.0.202411081344/tools/bin/../lib/gcc/arm-none-eabi/13.3.1/../../../../arm-none-eabi/lib/thumb/v7e-m+fp/hard\libc_nano.a(libc_a-findfp.o)
 .text.cleanup_stdio
                0x080146d0       0x40 C:/ST/STM32CubeIDE_1.19.0/STM32CubeIDE/plugins/com.st.stm32cube.ide.mcu.externaltools.gnu-tools-for-stm32.13.3.rel1.win32_1.0.0.202411081344/tools/bin/../lib/gcc/arm-none-eabi/13.3.1/../../../../arm-none-eabi/lib/thumb/v7e-m+fp/hard\libc_nano.a(libc_a-findfp.o)
 .text.global_stdio_init.part.0
                0x08014710       0x3c C:/ST/STM32CubeIDE_1.19.0/STM32CubeIDE/plugins/com.st.stm32cube.ide.mcu.externaltools.gnu-tools-for-stm32.13.3.rel1.win32_1.0.0.202411081344/tools/bin/../lib/gcc/arm-none-eabi/13.3.1/../../../../arm-none-eabi/lib/thumb/v7e-m+fp/hard\libc_nano.a(libc_a-findfp.o)
 .text.__sfp_lock_acquire
                0x0801474c        0xc C:/ST/STM32CubeIDE_1.19.0/STM32CubeIDE/plugins/com.st.stm32cube.ide.mcu.externaltools.gnu-tools-for-stm32.13.3.rel1.win32_1.0.0.202411081344/tools/bin/../lib/gcc/arm-none-eabi/13.3.1/../../../../arm-none-eabi/lib/thumb/v7e-m+fp/hard\libc_nano.a(libc_a-findfp.o)
                0x0801474c                __sfp_lock_acquire
 .text.__sfp_lock_release
                0x08014758        0xc C:/ST/STM32CubeIDE_1.19.0/STM32CubeIDE/plugins/com.st.stm32cube.ide.mcu.externaltools.gnu-tools-for-stm32.13.3.rel1.win32_1.0.0.202411081344/tools/bin/../lib/gcc/arm-none-eabi/13.3.1/../../../../arm-none-eabi/lib/thumb/v7e-m+fp/hard\libc_nano.a(libc_a-findfp.o)
                0x08014758                __sfp_lock_release
 .text.__sinit  0x08014764       0x30 C:/ST/STM32CubeIDE_1.19.0/STM32CubeIDE/plugins/com.st.stm32cube.ide.mcu.externaltools.gnu-tools-for-stm32.13.3.rel1.win32_1.0.0.202411081344/tools/bin/../lib/gcc/arm-none-eabi/13.3.1/../../../../arm-none-eabi/lib/thumb/v7e-m+fp/hard\libc_nano.a(libc_a-findfp.o)
                0x08014764                __sinit
 .text._fwalk_sglue
                0x08014794       0x3c C:/ST/STM32CubeIDE_1.19.0/STM32CubeIDE/plugins/com.st.stm32cube.ide.mcu.externaltools.gnu-tools-for-stm32.13.3.rel1.win32_1.0.0.202411081344/tools/bin/../lib/gcc/arm-none-eabi/13.3.1/../../../../arm-none-eabi/lib/thumb/v7e-m+fp/hard\libc_nano.a(libc_a-fwalk.o)
                0x08014794                _fwalk_sglue
 .text.snprintf
                0x080147d0       0x6c C:/ST/STM32CubeIDE_1.19.0/STM32CubeIDE/plugins/com.st.stm32cube.ide.mcu.externaltools.gnu-tools-for-stm32.13.3.rel1.win32_1.0.0.202411081344/tools/bin/../lib/gcc/arm-none-eabi/13.3.1/../../../../arm-none-eabi/lib/thumb/v7e-m+fp/hard\libc_nano.a(libc_a-snprintf.o)
                0x080147d0                sniprintf
                0x080147d0                snprintf
 .text.__sread  0x0801483c       0x22 C:/ST/STM32CubeIDE_1.19.0/STM32CubeIDE/plugins/com.st.stm32cube.ide.mcu.externaltools.gnu-tools-for-stm32.13.3.rel1.win32_1.0.0.202411081344/tools/bin/../lib/gcc/arm-none-eabi/13.3.1/../../../../arm-none-eabi/lib/thumb/v7e-m+fp/hard\libc_nano.a(libc_a-stdio.o)
                0x0801483c                __sread
 .text.__swrite
                0x0801485e       0x38 C:/ST/STM32CubeIDE_1.19.0/STM32CubeIDE/plugins/com.st.stm32cube.ide.mcu.externaltools.gnu-tools-for-stm32.13.3.rel1.win32_1.0.0.202411081344/tools/bin/../lib/gcc/arm-none-eabi/13.3.1/../../../../arm-none-eabi/lib/thumb/v7e-m+fp/hard\libc_nano.a(libc_a-stdio.o)
                0x0801485e                __swrite
 .text.__sseek  0x08014896       0x24 C:/ST/STM32CubeIDE_1.19.0/STM32CubeIDE/plugins/com.st.stm32cube.ide.mcu.externaltools.gnu-tools-for-stm32.13.3.rel1.win32_1.0.0.202411081344/tools/bin/../lib/gcc/arm-none-eabi/13.3.1/../../../../arm-none-eabi/lib/thumb/v7e-m+fp/hard\libc_nano.a(libc_a-stdio.o)
                0x08014896                __sseek
 .text.__sclose
                0x080148ba        0x8 C:/ST/STM32CubeIDE_1.19.0/STM32CubeIDE/plugins/com.st.stm32cube.ide.mcu.externaltools.gnu-tools-for-stm32.13.3.rel1.win32_1.0.0.202411081344/tools/bin/../lib/gcc/arm-none-eabi/13.3.1/../../../../arm-none-eabi/lib/thumb/v7e-m+fp/hard\libc_nano.a(libc_a-stdio.o)
                0x080148ba                __sclose
 .text.memmove  0x080148c2       0x34 C:/ST/STM32CubeIDE_1.19.0/STM32CubeIDE/plugins/com.st.stm32cube.ide.mcu.externaltools.gnu-tools-for-stm32.13.3.rel1.win32_1.0.0.202411081344/tools/bin/../lib/gcc/arm-none-eabi/13.3.1/../../../../arm-none-eabi/lib/thumb/v7e-m+fp/hard\libc_nano.a(libc_a-memmove.o)
                0x080148c2                memmove
 .text.memset   0x080148f6       0x10 C:/ST/STM32CubeIDE_1.19.0/STM32CubeIDE/plugins/com.st.stm32cube.ide.mcu.externaltools.gnu-tools-for-stm32.13.3.rel1.win32_1.0.0.202411081344/tools/bin/../lib/gcc/arm-none-eabi/13.3.1/../../../../arm-none-eabi/lib/thumb/v7e-m+fp/hard\libc_nano.a(libc_a-memset.o)
                0x080148f6                memset
 .text.strncmp  0x08014906       0x24 C:/ST/STM32CubeIDE_1.19.0/STM32CubeIDE/plugins/com.st.stm32cube.ide.mcu.externaltools.gnu-tools-for-stm32.13.3.rel1.win32_1.0.0.202411081344/tools/bin/../lib/gcc/arm-none-eabi/13.3.1/../../../../arm-none-eabi/lib/thumb/v7e-m+fp/hard\libc_nano.a(libc_a-strncmp.o)
                0x08014906                strncmp
 *fill*         0x0801492a        0x2 
 .text.strtok   0x0801492c       0x68 C:/ST/STM32CubeIDE_1.19.0/STM32CubeIDE/plugins/com.st.stm32cube.ide.mcu.externaltools.gnu-tools-for-stm32.13.3.rel1.win32_1.0.0.202411081344/tools/bin/../lib/gcc/arm-none-eabi/13.3.1/../../../../arm-none-eabi/lib/thumb/v7e-m+fp/hard\libc_nano.a(libc_a-strtok.o)
                0x0801492c                strtok
 .text.__strtok_r
                0x08014994       0x50 C:/ST/STM32CubeIDE_1.19.0/STM32CubeIDE/plugins/com.st.stm32cube.ide.mcu.externaltools.gnu-tools-for-stm32.13.3.rel1.win32_1.0.0.202411081344/tools/bin/../lib/gcc/arm-none-eabi/13.3.1/../../../../arm-none-eabi/lib/thumb/v7e-m+fp/hard\libc_nano.a(libc_a-strtok_r.o)
                0x08014994                __strtok_r
 .text.strstr   0x080149e4       0x2c C:/ST/STM32CubeIDE_1.19.0/STM32CubeIDE/plugins/com.st.stm32cube.ide.mcu.externaltools.gnu-tools-for-stm32.13.3.rel1.win32_1.0.0.202411081344/tools/bin/../lib/gcc/arm-none-eabi/13.3.1/../../../../arm-none-eabi/lib/thumb/v7e-m+fp/hard\libc_nano.a(libc_a-strstr.o)
                0x080149e4                strstr
 .text._localeconv_r
                0x08014a10        0x8 C:/ST/STM32CubeIDE_1.19.0/STM32CubeIDE/plugins/com.st.stm32cube.ide.mcu.externaltools.gnu-tools-for-stm32.13.3.rel1.win32_1.0.0.202411081344/tools/bin/../lib/gcc/arm-none-eabi/13.3.1/../../../../arm-none-eabi/lib/thumb/v7e-m+fp/hard\libc_nano.a(libc_a-localeconv.o)
                0x08014a10                _localeconv_r
 .text._close_r
                0x08014a18       0x20 C:/ST/STM32CubeIDE_1.19.0/STM32CubeIDE/plugins/com.st.stm32cube.ide.mcu.externaltools.gnu-tools-for-stm32.13.3.rel1.win32_1.0.0.202411081344/tools/bin/../lib/gcc/arm-none-eabi/13.3.1/../../../../arm-none-eabi/lib/thumb/v7e-m+fp/hard\libc_nano.a(libc_a-closer.o)
                0x08014a18                _close_r
 .text._lseek_r
                0x08014a38       0x24 C:/ST/STM32CubeIDE_1.19.0/STM32CubeIDE/plugins/com.st.stm32cube.ide.mcu.externaltools.gnu-tools-for-stm32.13.3.rel1.win32_1.0.0.202411081344/tools/bin/../lib/gcc/arm-none-eabi/13.3.1/../../../../arm-none-eabi/lib/thumb/v7e-m+fp/hard\libc_nano.a(libc_a-lseekr.o)
                0x08014a38                _lseek_r
 .text._read_r  0x08014a5c       0x24 C:/ST/STM32CubeIDE_1.19.0/STM32CubeIDE/plugins/com.st.stm32cube.ide.mcu.externaltools.gnu-tools-for-stm32.13.3.rel1.win32_1.0.0.202411081344/tools/bin/../lib/gcc/arm-none-eabi/13.3.1/../../../../arm-none-eabi/lib/thumb/v7e-m+fp/hard\libc_nano.a(libc_a-readr.o)
                0x08014a5c                _read_r
 .text._write_r
                0x08014a80       0x24 C:/ST/STM32CubeIDE_1.19.0/STM32CubeIDE/plugins/com.st.stm32cube.ide.mcu.externaltools.gnu-tools-for-stm32.13.3.rel1.win32_1.0.0.202411081344/tools/bin/../lib/gcc/arm-none-eabi/13.3.1/../../../../arm-none-eabi/lib/thumb/v7e-m+fp/hard\libc_nano.a(libc_a-writer.o)
                0x08014a80                _write_r
 .text.__errno  0x08014aa4        0xc C:/ST/STM32CubeIDE_1.19.0/STM32CubeIDE/plugins/com.st.stm32cube.ide.mcu.externaltools.gnu-tools-for-stm32.13.3.rel1.win32_1.0.0.202411081344/tools/bin/../lib/gcc/arm-none-eabi/13.3.1/../../../../arm-none-eabi/lib/thumb/v7e-m+fp/hard\libc_nano.a(libc_a-errno.o)
                0x08014aa4                __errno
 .text.__libc_init_array
                0x08014ab0       0x48 C:/ST/STM32CubeIDE_1.19.0/STM32CubeIDE/plugins/com.st.stm32cube.ide.mcu.externaltools.gnu-tools-for-stm32.13.3.rel1.win32_1.0.0.202411081344/tools/bin/../lib/gcc/arm-none-eabi/13.3.1/../../../../arm-none-eabi/lib/thumb/v7e-m+fp/hard\libc_nano.a(libc_a-init.o)
                0x08014ab0                __libc_init_array
 .text.__retarget_lock_init_recursive
                0x08014af8        0x2 C:/ST/STM32CubeIDE_1.19.0/STM32CubeIDE/plugins/com.st.stm32cube.ide.mcu.externaltools.gnu-tools-for-stm32.13.3.rel1.win32_1.0.0.202411081344/tools/bin/../lib/gcc/arm-none-eabi/13.3.1/../../../../arm-none-eabi/lib/thumb/v7e-m+fp/hard\libc_nano.a(libc_a-lock.o)
                0x08014af8                __retarget_lock_init_recursive
 .text.__retarget_lock_acquire_recursive
                0x08014afa        0x2 C:/ST/STM32CubeIDE_1.19.0/STM32CubeIDE/plugins/com.st.stm32cube.ide.mcu.externaltools.gnu-tools-for-stm32.13.3.rel1.win32_1.0.0.202411081344/tools/bin/../lib/gcc/arm-none-eabi/13.3.1/../../../../arm-none-eabi/lib/thumb/v7e-m+fp/hard\libc_nano.a(libc_a-lock.o)
                0x08014afa                __retarget_lock_acquire_recursive
 .text.__retarget_lock_release_recursive
                0x08014afc        0x2 C:/ST/STM32CubeIDE_1.19.0/STM32CubeIDE/plugins/com.st.stm32cube.ide.mcu.externaltools.gnu-tools-for-stm32.13.3.rel1.win32_1.0.0.202411081344/tools/bin/../lib/gcc/arm-none-eabi/13.3.1/../../../../arm-none-eabi/lib/thumb/v7e-m+fp/hard\libc_nano.a(libc_a-lock.o)
                0x08014afc                __retarget_lock_release_recursive
 .text.memcpy   0x08014afe       0x1c C:/ST/STM32CubeIDE_1.19.0/STM32CubeIDE/plugins/com.st.stm32cube.ide.mcu.externaltools.gnu-tools-for-stm32.13.3.rel1.win32_1.0.0.202411081344/tools/bin/../lib/gcc/arm-none-eabi/13.3.1/../../../../arm-none-eabi/lib/thumb/v7e-m+fp/hard\libc_nano.a(libc_a-memcpy-stub.o)
                0x08014afe                memcpy
 *fill*         0x08014b1a        0x6 
 .text.nan      0x08014b20       0x10 C:/ST/STM32CubeIDE_1.19.0/STM32CubeIDE/plugins/com.st.stm32cube.ide.mcu.externaltools.gnu-tools-for-stm32.13.3.rel1.win32_1.0.0.202411081344/tools/bin/../lib/gcc/arm-none-eabi/13.3.1/../../../../arm-none-eabi/lib/thumb/v7e-m+fp/hard\libc_nano.a(libm_a-s_nan.o)
                0x08014b20                nan
 .text.nanf     0x08014b30        0xc C:/ST/STM32CubeIDE_1.19.0/STM32CubeIDE/plugins/com.st.stm32cube.ide.mcu.externaltools.gnu-tools-for-stm32.13.3.rel1.win32_1.0.0.202411081344/tools/bin/../lib/gcc/arm-none-eabi/13.3.1/../../../../arm-none-eabi/lib/thumb/v7e-m+fp/hard\libc_nano.a(libm_a-sf_nan.o)
                0x08014b30                nanf
 .text.__assert_func
                0x08014b3c       0x3c C:/ST/STM32CubeIDE_1.19.0/STM32CubeIDE/plugins/com.st.stm32cube.ide.mcu.externaltools.gnu-tools-for-stm32.13.3.rel1.win32_1.0.0.202411081344/tools/bin/../lib/gcc/arm-none-eabi/13.3.1/../../../../arm-none-eabi/lib/thumb/v7e-m+fp/hard\libc_nano.a(libc_a-assert.o)
                0x08014b3c                __assert_func
 .text.quorem   0x08014b78      0x110 C:/ST/STM32CubeIDE_1.19.0/STM32CubeIDE/plugins/com.st.stm32cube.ide.mcu.externaltools.gnu-tools-for-stm32.13.3.rel1.win32_1.0.0.202411081344/tools/bin/../lib/gcc/arm-none-eabi/13.3.1/../../../../arm-none-eabi/lib/thumb/v7e-m+fp/hard\libc_nano.a(libc_a-dtoa.o)
 .text._dtoa_r  0x08014c88      0xba0 C:/ST/STM32CubeIDE_1.19.0/STM32CubeIDE/plugins/com.st.stm32cube.ide.mcu.externaltools.gnu-tools-for-stm32.13.3.rel1.win32_1.0.0.202411081344/tools/bin/../lib/gcc/arm-none-eabi/13.3.1/../../../../arm-none-eabi/lib/thumb/v7e-m+fp/hard\libc_nano.a(libc_a-dtoa.o)
                0x08014c88                _dtoa_r
 .text._free_r  0x08015828       0x94 C:/ST/STM32CubeIDE_1.19.0/STM32CubeIDE/plugins/com.st.stm32cube.ide.mcu.externaltools.gnu-tools-for-stm32.13.3.rel1.win32_1.0.0.202411081344/tools/bin/../lib/gcc/arm-none-eabi/13.3.1/../../../../arm-none-eabi/lib/thumb/v7e-m+fp/hard\libc_nano.a(libc_a-freer.o)
                0x08015828                _free_r
 .text.rshift   0x080158bc       0xa4 C:/ST/STM32CubeIDE_1.19.0/STM32CubeIDE/plugins/com.st.stm32cube.ide.mcu.externaltools.gnu-tools-for-stm32.13.3.rel1.win32_1.0.0.202411081344/tools/bin/../lib/gcc/arm-none-eabi/13.3.1/../../../../arm-none-eabi/lib/thumb/v7e-m+fp/hard\libc_nano.a(libc_a-gdtoa-gethex.o)
 .text.__hexdig_fun
                0x08015960       0x2a C:/ST/STM32CubeIDE_1.19.0/STM32CubeIDE/plugins/com.st.stm32cube.ide.mcu.externaltools.gnu-tools-for-stm32.13.3.rel1.win32_1.0.0.202411081344/tools/bin/../lib/gcc/arm-none-eabi/13.3.1/../../../../arm-none-eabi/lib/thumb/v7e-m+fp/hard\libc_nano.a(libc_a-gdtoa-gethex.o)
                0x08015960                __hexdig_fun
 *fill*         0x0801598a        0x2 
 .text.__gethex
                0x0801598c      0x420 C:/ST/STM32CubeIDE_1.19.0/STM32CubeIDE/plugins/com.st.stm32cube.ide.mcu.externaltools.gnu-tools-for-stm32.13.3.rel1.win32_1.0.0.202411081344/tools/bin/../lib/gcc/arm-none-eabi/13.3.1/../../../../arm-none-eabi/lib/thumb/v7e-m+fp/hard\libc_nano.a(libc_a-gdtoa-gethex.o)
                0x0801598c                __gethex
 .text.L_shift  0x08015dac       0x24 C:/ST/STM32CubeIDE_1.19.0/STM32CubeIDE/plugins/com.st.stm32cube.ide.mcu.externaltools.gnu-tools-for-stm32.13.3.rel1.win32_1.0.0.202411081344/tools/bin/../lib/gcc/arm-none-eabi/13.3.1/../../../../arm-none-eabi/lib/thumb/v7e-m+fp/hard\libc_nano.a(libc_a-gdtoa-hexnan.o)
 .text.__match  0x08015dd0       0x28 C:/ST/STM32CubeIDE_1.19.0/STM32CubeIDE/plugins/com.st.stm32cube.ide.mcu.externaltools.gnu-tools-for-stm32.13.3.rel1.win32_1.0.0.202411081344/tools/bin/../lib/gcc/arm-none-eabi/13.3.1/../../../../arm-none-eabi/lib/thumb/v7e-m+fp/hard\libc_nano.a(libc_a-gdtoa-hexnan.o)
                0x08015dd0                __match
 .text.__hexnan
                0x08015df8      0x136 C:/ST/STM32CubeIDE_1.19.0/STM32CubeIDE/plugins/com.st.stm32cube.ide.mcu.externaltools.gnu-tools-for-stm32.13.3.rel1.win32_1.0.0.202411081344/tools/bin/../lib/gcc/arm-none-eabi/13.3.1/../../../../arm-none-eabi/lib/thumb/v7e-m+fp/hard\libc_nano.a(libc_a-gdtoa-hexnan.o)
                0x08015df8                __hexnan
 *fill*         0x08015f2e        0x2 
 .text.malloc   0x08015f30       0x10 C:/ST/STM32CubeIDE_1.19.0/STM32CubeIDE/plugins/com.st.stm32cube.ide.mcu.externaltools.gnu-tools-for-stm32.13.3.rel1.win32_1.0.0.202411081344/tools/bin/../lib/gcc/arm-none-eabi/13.3.1/../../../../arm-none-eabi/lib/thumb/v7e-m+fp/hard\libc_nano.a(libc_a-malloc.o)
                0x08015f30                malloc
 .text.sbrk_aligned
                0x08015f40       0x44 C:/ST/STM32CubeIDE_1.19.0/STM32CubeIDE/plugins/com.st.stm32cube.ide.mcu.externaltools.gnu-tools-for-stm32.13.3.rel1.win32_1.0.0.202411081344/tools/bin/../lib/gcc/arm-none-eabi/13.3.1/../../../../arm-none-eabi/lib/thumb/v7e-m+fp/hard\libc_nano.a(libc_a-mallocr.o)
 .text._malloc_r
                0x08015f84      0x100 C:/ST/STM32CubeIDE_1.19.0/STM32CubeIDE/plugins/com.st.stm32cube.ide.mcu.externaltools.gnu-tools-for-stm32.13.3.rel1.win32_1.0.0.202411081344/tools/bin/../lib/gcc/arm-none-eabi/13.3.1/../../../../arm-none-eabi/lib/thumb/v7e-m+fp/hard\libc_nano.a(libc_a-mallocr.o)
                0x08015f84                _malloc_r
 .text.__ascii_mbtowc
                0x08016084       0x24 C:/ST/STM32CubeIDE_1.19.0/STM32CubeIDE/plugins/com.st.stm32cube.ide.mcu.externaltools.gnu-tools-for-stm32.13.3.rel1.win32_1.0.0.202411081344/tools/bin/../lib/gcc/arm-none-eabi/13.3.1/../../../../arm-none-eabi/lib/thumb/v7e-m+fp/hard\libc_nano.a(libc_a-mbtowc_r.o)
                0x08016084                __ascii_mbtowc
 .text.__malloc_lock
                0x080160a8        0xc C:/ST/STM32CubeIDE_1.19.0/STM32CubeIDE/plugins/com.st.stm32cube.ide.mcu.externaltools.gnu-tools-for-stm32.13.3.rel1.win32_1.0.0.202411081344/tools/bin/../lib/gcc/arm-none-eabi/13.3.1/../../../../arm-none-eabi/lib/thumb/v7e-m+fp/hard\libc_nano.a(libc_a-mlock.o)
                0x080160a8                __malloc_lock
 .text.__malloc_unlock
                0x080160b4        0xc C:/ST/STM32CubeIDE_1.19.0/STM32CubeIDE/plugins/com.st.stm32cube.ide.mcu.externaltools.gnu-tools-for-stm32.13.3.rel1.win32_1.0.0.202411081344/tools/bin/../lib/gcc/arm-none-eabi/13.3.1/../../../../arm-none-eabi/lib/thumb/v7e-m+fp/hard\libc_nano.a(libc_a-mlock.o)
                0x080160b4                __malloc_unlock
 .text._Balloc  0x080160c0       0x80 C:/ST/STM32CubeIDE_1.19.0/STM32CubeIDE/plugins/com.st.stm32cube.ide.mcu.externaltools.gnu-tools-for-stm32.13.3.rel1.win32_1.0.0.202411081344/tools/bin/../lib/gcc/arm-none-eabi/13.3.1/../../../../arm-none-eabi/lib/thumb/v7e-m+fp/hard\libc_nano.a(libc_a-mprec.o)
                0x080160c0                _Balloc
 .text._Bfree   0x08016140       0x44 C:/ST/STM32CubeIDE_1.19.0/STM32CubeIDE/plugins/com.st.stm32cube.ide.mcu.externaltools.gnu-tools-for-stm32.13.3.rel1.win32_1.0.0.202411081344/tools/bin/../lib/gcc/arm-none-eabi/13.3.1/../../../../arm-none-eabi/lib/thumb/v7e-m+fp/hard\libc_nano.a(libc_a-mprec.o)
                0x08016140                _Bfree
 .text.__multadd
                0x08016184       0x8c C:/ST/STM32CubeIDE_1.19.0/STM32CubeIDE/plugins/com.st.stm32cube.ide.mcu.externaltools.gnu-tools-for-stm32.13.3.rel1.win32_1.0.0.202411081344/tools/bin/../lib/gcc/arm-none-eabi/13.3.1/../../../../arm-none-eabi/lib/thumb/v7e-m+fp/hard\libc_nano.a(libc_a-mprec.o)
                0x08016184                __multadd
 .text.__s2b    0x08016210       0x94 C:/ST/STM32CubeIDE_1.19.0/STM32CubeIDE/plugins/com.st.stm32cube.ide.mcu.externaltools.gnu-tools-for-stm32.13.3.rel1.win32_1.0.0.202411081344/tools/bin/../lib/gcc/arm-none-eabi/13.3.1/../../../../arm-none-eabi/lib/thumb/v7e-m+fp/hard\libc_nano.a(libc_a-mprec.o)
                0x08016210                __s2b
 .text.__hi0bits